Archive member included to satisfy reference by file (symbol)

E:/Clion/toolchain/arm-none-eabi/13.3 rel1/bin/../lib/gcc/arm-none-eabi/13.3.1/thumb/v7e-m+fp/hard\libgcc.a(_arm_muldf3.o)
                              CMakeFiles/project.elf.dir/app/gimbal/gimbal.c.obj (__aeabi_dmul)
E:/Clion/toolchain/arm-none-eabi/13.3 rel1/bin/../lib/gcc/arm-none-eabi/13.3.1/thumb/v7e-m+fp/hard\libgcc.a(_arm_addsubdf3.o)
                              CMakeFiles/project.elf.dir/modules/IMU/BMI088.c.obj (__aeabi_dadd)
E:/Clion/toolchain/arm-none-eabi/13.3 rel1/bin/../lib/gcc/arm-none-eabi/13.3.1/thumb/v7e-m+fp/hard\libgcc.a(_arm_truncdfsf2.o)
                              CMakeFiles/project.elf.dir/app/gimbal/gimbal.c.obj (__aeabi_d2f)
E:/Clion/toolchain/arm-none-eabi/13.3 rel1/bin/../lib/gcc/arm-none-eabi/13.3.1/thumb/v7e-m+fp/hard\libgcc.a(_aeabi_uldivmod.o)
                              CMakeFiles/project.elf.dir/Drivers/STM32F4xx_HAL_Driver/Src/stm32f4xx_hal_rcc.c.obj (__aeabi_uldivmod)
E:/Clion/toolchain/arm-none-eabi/13.3 rel1/bin/../lib/gcc/arm-none-eabi/13.3.1/thumb/v7e-m+fp/hard\libgcc.a(_udivmoddi4.o)
                              E:/Clion/toolchain/arm-none-eabi/13.3 rel1/bin/../lib/gcc/arm-none-eabi/13.3.1/thumb/v7e-m+fp/hard\libgcc.a(_aeabi_uldivmod.o) (__udivmoddi4)
E:/Clion/toolchain/arm-none-eabi/13.3 rel1/bin/../lib/gcc/arm-none-eabi/13.3.1/thumb/v7e-m+fp/hard\libgcc.a(_dvmd_tls.o)
                              E:/Clion/toolchain/arm-none-eabi/13.3 rel1/bin/../lib/gcc/arm-none-eabi/13.3.1/thumb/v7e-m+fp/hard\libgcc.a(_aeabi_uldivmod.o) (__aeabi_ldiv0)
E:/Clion/toolchain/arm-none-eabi/13.3 rel1/bin/../lib/gcc/arm-none-eabi/13.3.1/thumb/v7e-m+fp/hard\libg.a(libc_a-exit.o)
                              E:/Clion/toolchain/arm-none-eabi/13.3 rel1/bin/../lib/gcc/arm-none-eabi/13.3.1/thumb/v7e-m+fp/hard/crt0.o (exit)
E:/Clion/toolchain/arm-none-eabi/13.3 rel1/bin/../lib/gcc/arm-none-eabi/13.3.1/thumb/v7e-m+fp/hard\libg.a(libc_a-findfp.o)
                              CMakeFiles/project.elf.dir/Middlewares/Third_Party/FreeRTOS/Source/tasks.c.obj (__sf)
E:/Clion/toolchain/arm-none-eabi/13.3 rel1/bin/../lib/gcc/arm-none-eabi/13.3.1/thumb/v7e-m+fp/hard\libg.a(libc_a-fwalk.o)
                              E:/Clion/toolchain/arm-none-eabi/13.3 rel1/bin/../lib/gcc/arm-none-eabi/13.3.1/thumb/v7e-m+fp/hard\libg.a(libc_a-findfp.o) (_fwalk_sglue)
E:/Clion/toolchain/arm-none-eabi/13.3 rel1/bin/../lib/gcc/arm-none-eabi/13.3.1/thumb/v7e-m+fp/hard\libg.a(libc_a-sprintf.o)
                              CMakeFiles/project.elf.dir/Core/Src/freertos.c.obj (sprintf)
E:/Clion/toolchain/arm-none-eabi/13.3 rel1/bin/../lib/gcc/arm-none-eabi/13.3.1/thumb/v7e-m+fp/hard\libg.a(libc_a-stdio.o)
                              E:/Clion/toolchain/arm-none-eabi/13.3 rel1/bin/../lib/gcc/arm-none-eabi/13.3.1/thumb/v7e-m+fp/hard\libg.a(libc_a-findfp.o) (__sread)
E:/Clion/toolchain/arm-none-eabi/13.3 rel1/bin/../lib/gcc/arm-none-eabi/13.3.1/thumb/v7e-m+fp/hard\libg.a(libc_a-memset.o)
                              E:/Clion/toolchain/arm-none-eabi/13.3 rel1/bin/../lib/gcc/arm-none-eabi/13.3.1/thumb/v7e-m+fp/hard/crt0.o (memset)
E:/Clion/toolchain/arm-none-eabi/13.3 rel1/bin/../lib/gcc/arm-none-eabi/13.3.1/thumb/v7e-m+fp/hard\libg.a(libc_a-closer.o)
                              E:/Clion/toolchain/arm-none-eabi/13.3 rel1/bin/../lib/gcc/arm-none-eabi/13.3.1/thumb/v7e-m+fp/hard\libg.a(libc_a-stdio.o) (_close_r)
E:/Clion/toolchain/arm-none-eabi/13.3 rel1/bin/../lib/gcc/arm-none-eabi/13.3.1/thumb/v7e-m+fp/hard\libg.a(libc_a-reent.o)
                              CMakeFiles/project.elf.dir/Middlewares/Third_Party/FreeRTOS/Source/tasks.c.obj (_reclaim_reent)
E:/Clion/toolchain/arm-none-eabi/13.3 rel1/bin/../lib/gcc/arm-none-eabi/13.3.1/thumb/v7e-m+fp/hard\libg.a(libc_a-impure.o)
                              CMakeFiles/project.elf.dir/Middlewares/Third_Party/FreeRTOS/Source/tasks.c.obj (_impure_ptr)
E:/Clion/toolchain/arm-none-eabi/13.3 rel1/bin/../lib/gcc/arm-none-eabi/13.3.1/thumb/v7e-m+fp/hard\libg.a(libc_a-lseekr.o)
                              E:/Clion/toolchain/arm-none-eabi/13.3 rel1/bin/../lib/gcc/arm-none-eabi/13.3.1/thumb/v7e-m+fp/hard\libg.a(libc_a-stdio.o) (_lseek_r)
E:/Clion/toolchain/arm-none-eabi/13.3 rel1/bin/../lib/gcc/arm-none-eabi/13.3.1/thumb/v7e-m+fp/hard\libg.a(libc_a-readr.o)
                              E:/Clion/toolchain/arm-none-eabi/13.3 rel1/bin/../lib/gcc/arm-none-eabi/13.3.1/thumb/v7e-m+fp/hard\libg.a(libc_a-stdio.o) (_read_r)
E:/Clion/toolchain/arm-none-eabi/13.3 rel1/bin/../lib/gcc/arm-none-eabi/13.3.1/thumb/v7e-m+fp/hard\libg.a(libc_a-writer.o)
                              E:/Clion/toolchain/arm-none-eabi/13.3 rel1/bin/../lib/gcc/arm-none-eabi/13.3.1/thumb/v7e-m+fp/hard\libg.a(libc_a-stdio.o) (_write_r)
E:/Clion/toolchain/arm-none-eabi/13.3 rel1/bin/../lib/gcc/arm-none-eabi/13.3.1/thumb/v7e-m+fp/hard\libg.a(libc_a-errno.o)
                              CMakeFiles/project.elf.dir/Core/Src/syscalls.c.obj (__errno)
[...]
Memory Configuration

Name             Origin             Length             Attributes
CCMRAM           0x10000000         0x00010000         xrw
RAM              0x20000000         0x00020000         xrw
FLASH            0x08000000         0x00100000         xr
*default*        0x00000000         0xffffffff

Linker script and memory map

LOAD E:/Clion/toolchain/arm-none-eabi/13.3 rel1/bin/../lib/gcc/arm-none-eabi/13.3.1/thumb/v7e-m+fp/hard/crti.o
LOAD E:/Clion/toolchain/arm-none-eabi/13.3 rel1/bin/../lib/gcc/arm-none-eabi/13.3.1/thumb/v7e-m+fp/hard/crtbegin.o
LOAD E:/Clion/toolchain/arm-none-eabi/13.3 rel1/bin/../lib/gcc/arm-none-eabi/13.3.1/thumb/v7e-m+fp/hard/crt0.o
LOAD CMakeFiles/project.elf.dir/Core/Src/can.c.obj
LOAD CMakeFiles/project.elf.dir/Core/Src/dma.c.obj
LOAD CMakeFiles/project.elf.dir/Core/Src/freertos.c.obj
LOAD CMakeFiles/project.elf.dir/Core/Src/gpio.c.obj
LOAD CMakeFiles/project.elf.dir/Core/Src/main.c.obj
LOAD CMakeFiles/project.elf.dir/Core/Src/spi.c.obj
LOAD CMakeFiles/project.elf.dir/Core/Src/stm32f4xx_hal_msp.c.obj
LOAD CMakeFiles/project.elf.dir/Core/Src/stm32f4xx_hal_timebase_tim.c.obj
LOAD CMakeFiles/project.elf.dir/Core/Src/stm32f4xx_it.c.obj
LOAD CMakeFiles/project.elf.dir/Core/Src/syscalls.c.obj
LOAD CMakeFiles/project.elf.dir/Core/Src/sysmem.c.obj
LOAD CMakeFiles/project.elf.dir/Core/Src/system_stm32f4xx.c.obj
LOAD CMakeFiles/project.elf.dir/Core/Src/tim.c.obj
LOAD CMakeFiles/project.elf.dir/Core/Src/usart.c.obj
LOAD CMakeFiles/project.elf.dir/Core/Startup/startup_stm32f407ighx.s.obj
LOAD CMakeFiles/project.elf.dir/Drivers/STM32F4xx_HAL_Driver/Src/stm32f4xx_hal.c.obj
LOAD CMakeFiles/project.elf.dir/Drivers/STM32F4xx_HAL_Driver/Src/stm32f4xx_hal_can.c.obj
LOAD CMakeFiles/project.elf.dir/Drivers/STM32F4xx_HAL_Driver/Src/stm32f4xx_hal_cortex.c.obj
LOAD CMakeFiles/project.elf.dir/Drivers/STM32F4xx_HAL_Driver/Src/stm32f4xx_hal_dma.c.obj
LOAD CMakeFiles/project.elf.dir/Drivers/STM32F4xx_HAL_Driver/Src/stm32f4xx_hal_dma_ex.c.obj
LOAD CMakeFiles/project.elf.dir/Drivers/STM32F4xx_HAL_Driver/Src/stm32f4xx_hal_exti.c.obj
LOAD CMakeFiles/project.elf.dir/Drivers/STM32F4xx_HAL_Driver/Src/stm32f4xx_hal_flash.c.obj
LOAD CMakeFiles/project.elf.dir/Drivers/STM32F4xx_HAL_Driver/Src/stm32f4xx_hal_flash_ex.c.obj
LOAD CMakeFiles/project.elf.dir/Drivers/STM32F4xx_HAL_Driver/Src/stm32f4xx_hal_flash_ramfunc.c.obj
LOAD CMakeFiles/project.elf.dir/Drivers/STM32F4xx_HAL_Driver/Src/stm32f4xx_hal_gpio.c.obj
LOAD CMakeFiles/project.elf.dir/Drivers/STM32F4xx_HAL_Driver/Src/stm32f4xx_hal_pwr.c.obj
LOAD CMakeFiles/project.elf.dir/Drivers/STM32F4xx_HAL_Driver/Src/stm32f4xx_hal_pwr_ex.c.obj
LOAD CMakeFiles/project.elf.dir/Drivers/STM32F4xx_HAL_Driver/Src/stm32f4xx_hal_rcc.c.obj
LOAD CMakeFiles/project.elf.dir/Drivers/STM32F4xx_HAL_Driver/Src/stm32f4xx_hal_rcc_ex.c.obj
LOAD CMakeFiles/project.elf.dir/Drivers/STM32F4xx_HAL_Driver/Src/stm32f4xx_hal_spi.c.obj
LOAD CMakeFiles/project.elf.dir/Drivers/STM32F4xx_HAL_Driver/Src/stm32f4xx_hal_tim.c.obj
LOAD CMakeFiles/project.elf.dir/Drivers/STM32F4xx_HAL_Driver/Src/stm32f4xx_hal_tim_ex.c.obj
LOAD CMakeFiles/project.elf.dir/Drivers/STM32F4xx_HAL_Driver/Src/stm32f4xx_hal_uart.c.obj
LOAD CMakeFiles/project.elf.dir/Middlewares/Third_Party/FreeRTOS/Source/CMSIS_RTOS_V2/cmsis_os2.c.obj
LOAD CMakeFiles/project.elf.dir/Middlewares/Third_Party/FreeRTOS/Source/croutine.c.obj
LOAD CMakeFiles/project.elf.dir/Middlewares/Third_Party/FreeRTOS/Source/event_groups.c.obj
LOAD CMakeFiles/project.elf.dir/Middlewares/Third_Party/FreeRTOS/Source/list.c.obj
LOAD CMakeFiles/project.elf.dir/Middlewares/Third_Party/FreeRTOS/Source/portable/GCC/ARM_CM4F/port.c.obj
LOAD CMakeFiles/project.elf.dir/Middlewares/Third_Party/FreeRTOS/Source/portable/MemMang/heap_4.c.obj
LOAD CMakeFiles/project.elf.dir/Middlewares/Third_Party/FreeRTOS/Source/queue.c.obj
LOAD CMakeFiles/project.elf.dir/Middlewares/Third_Party/FreeRTOS/Source/stream_buffer.c.obj
LOAD CMakeFiles/project.elf.dir/Middlewares/Third_Party/FreeRTOS/Source/tasks.c.obj
LOAD CMakeFiles/project.elf.dir/Middlewares/Third_Party/FreeRTOS/Source/timers.c.obj
LOAD CMakeFiles/project.elf.dir/app/chassis/chassis.c.obj
LOAD CMakeFiles/project.elf.dir/app/gimbal/gimbal.c.obj
LOAD CMakeFiles/project.elf.dir/bsp/can/bsp_can.c.obj
LOAD CMakeFiles/project.elf.dir/bsp/uart/bsp_uart.c.obj
LOAD CMakeFiles/project.elf.dir/calculate/pid/bsp_pid.c.obj
LOAD CMakeFiles/project.elf.dir/modules/IMU/BMI088.c.obj
LOAD CMakeFiles/project.elf.dir/modules/IMU/BMI088/BMI088Middleware.c.obj
LOAD CMakeFiles/project.elf.dir/modules/IMU/BMI088/BMI088driver.c.obj
LOAD CMakeFiles/project.elf.dir/modules/IMU/IMU.c.obj
LOAD CMakeFiles/project.elf.dir/modules/dr16/dr16.c.obj
LOAD CMakeFiles/project.elf.dir/modules/motors/daj/daj_motors.c.obj
LOAD CMakeFiles/project.elf.dir/modules/motors/dm/motor_dm.c.obj
START GROUP
LOAD E:/Clion/toolchain/arm-none-eabi/13.3 rel1/bin/../lib/gcc/arm-none-eabi/13.3.1/thumb/v7e-m+fp/hard\libgcc.a
LOAD E:/Clion/toolchain/arm-none-eabi/13.3 rel1/bin/../lib/gcc/arm-none-eabi/13.3.1/thumb/v7e-m+fp/hard\libg.a
LOAD E:/Clion/toolchain/arm-none-eabi/13.3 rel1/bin/../lib/gcc/arm-none-eabi/13.3.1/thumb/v7e-m+fp/hard\libc.a
END GROUP
LOAD E:/Clion/toolchain/arm-none-eabi/13.3 rel1/bin/../lib/gcc/arm-none-eabi/13.3.1/thumb/v7e-m+fp/hard/crtend.o
LOAD E:/Clion/toolchain/arm-none-eabi/13.3 rel1/bin/../lib/gcc/arm-none-eabi/13.3.1/thumb/v7e-m+fp/hard/crtn.o
                0x20020000                        _estack = (ORIGIN (RAM) + LENGTH (RAM))
                0x00000200                        _Min_Heap_Size = 0x200
                0x00000400                        _Min_Stack_Size = 0x400

.isr_vector     0x08000000      0x188
                0x08000000                        . = ALIGN (0x4)
 *(.isr_vector)
 .isr_vector    0x08000000      0x188 CMakeFiles/project.elf.dir/Core/Startup/startup_stm32f407ighx.s.obj
                0x08000000                g_pfnVectors
                0x08000188                        . = ALIGN (0x4)

.text           0x080001c0     0xddb8
                0x080001c0                        . = ALIGN (0x4)
 *(.text)
 .text          0x080001c0      0x378 E:/Clion/toolchain/arm-none-eabi/13.3 rel1/bin/../lib/gcc/arm-none-eabi/13.3.1/thumb/v7e-m+fp/hard\libgcc.a(_arm_addsubdf3.o)
                0x080001c0                __aeabi_drsub
                0x080001c8                __aeabi_dsub
                0x080001c8                __subdf3
                0x080001cc                __aeabi_dadd
                0x080001cc                __adddf3
                0x08000444                __floatunsidf
                0x08000444                __aeabi_ui2d
                0x08000464                __floatsidf
                0x08000464                __aeabi_i2d
                0x08000488                __aeabi_f2d
                0x08000488                __extendsfdf2
                0x080004cc                __floatundidf
                0x080004cc                __aeabi_ul2d
                0x080004dc                __floatdidf
                0x080004dc                __aeabi_l2d
 .text          0x08000538       0xa0 E:/Clion/toolchain/arm-none-eabi/13.3 rel1/bin/../lib/gcc/arm-none-eabi/13.3.1/thumb/v7e-m+fp/hard\libgcc.a(_arm_truncdfsf2.o)
                0x08000538                __truncdfsf2
                0x08000538                __aeabi_d2f
 .text          0x080005d8       0x30 E:/Clion/toolchain/arm-none-eabi/13.3 rel1/bin/../lib/gcc/arm-none-eabi/13.3.1/thumb/v7e-m+fp/hard\libgcc.a(_aeabi_uldivmod.o)
                0x080005d8                __aeabi_uldivmod
 .text          0x08000608        0x4 E:/Clion/toolchain/arm-none-eabi/13.3 rel1/bin/../lib/gcc/arm-none-eabi/13.3.1/thumb/v7e-m+fp/hard\libgcc.a(_dvmd_tls.o)
                0x08000608                __aeabi_idiv0
                0x08000608                __aeabi_ldiv0
 .text          0x0800060c      0x134 E:/Clion/toolchain/arm-none-eabi/13.3 rel1/bin/../lib/gcc/arm-none-eabi/13.3.1/thumb/v7e-m+fp/hard\libg.a(libc_a-memcpy.o)
                0x0800060c                memcpy
 .text          0x08000740       0xd8 E:/Clion/toolchain/arm-none-eabi/13.3 rel1/bin/../lib/gcc/arm-none-eabi/13.3.1/thumb/v7e-m+fp/hard\libg.a(libc_a-strlen.o)
                0x08000740                strlen
 *fill*         0x08000818        0x8 
 .text          0x08000820       0xa0 E:/Clion/toolchain/arm-none-eabi/13.3 rel1/bin/../lib/gcc/arm-none-eabi/13.3.1/thumb/v7e-m+fp/hard\libg.a(libc_a-memchr.o)
                0x08000820                memchr
 .text          0x080008c0      0x424 E:/Clion/toolchain/arm-none-eabi/13.3 rel1/bin/../lib/gcc/arm-none-eabi/13.3.1/thumb/v7e-m+fp/hard\libgcc.a(_arm_muldivdf3.o)
                0x080008c0                __aeabi_dmul
                0x080008c0                __muldf3
                0x08000b14                __divdf3
                0x08000b14                __aeabi_ddiv
 .text          0x08000ce4      0x110 E:/Clion/toolchain/arm-none-eabi/13.3 rel1/bin/../lib/gcc/arm-none-eabi/13.3.1/thumb/v7e-m+fp/hard\libgcc.a(_arm_cmpdf2.o)
                0x08000ce4                __gtdf2
                0x08000ce4                __gedf2
                0x08000cec                __ltdf2
                0x08000cec                __ledf2
                0x08000cf4                __nedf2
                0x08000cf4                __eqdf2
                0x08000cf4                __cmpdf2
                0x08000d70                __aeabi_cdrcmple
                0x08000d80                __aeabi_cdcmpeq
                0x08000d80                __aeabi_cdcmple
                0x08000d90                __aeabi_dcmpeq
                0x08000da4                __aeabi_dcmplt
                0x08000db8                __aeabi_dcmple
                0x08000dcc                __aeabi_dcmpge
                0x08000de0                __aeabi_dcmpgt
 .text          0x08000df4       0x2c E:/Clion/toolchain/arm-none-eabi/13.3 rel1/bin/../lib/gcc/arm-none-eabi/13.3.1/thumb/v7e-m+fp/hard\libgcc.a(_arm_unorddf2.o)
                0x08000df4                __unorddf2
                0x08000df4                __aeabi_dcmpun
 .text          0x08000e20       0x50 E:/Clion/toolchain/arm-none-eabi/13.3 rel1/bin/../lib/gcc/arm-none-eabi/13.3.1/thumb/v7e-m+fp/hard\libgcc.a(_arm_fixdfsi.o)
                0x08000e20                __aeabi_d2iz
                0x08000e20                __fixdfsi
 *(.text*)
 .text.deregister_tm_clones
                0x08000e70       0x1c E:/Clion/toolchain/arm-none-eabi/13.3 rel1/bin/../lib/gcc/arm-none-eabi/13.3.1/thumb/v7e-m+fp/hard/crtbegin.o
 .text.register_tm_clones
                0x08000e8c       0x24 E:/Clion/toolchain/arm-none-eabi/13.3 rel1/bin/../lib/gcc/arm-none-eabi/13.3.1/thumb/v7e-m+fp/hard/crtbegin.o
 .text.__do_global_dtors_aux
                0x08000eb0       0x28 E:/Clion/toolchain/arm-none-eabi/13.3 rel1/bin/../lib/gcc/arm-none-eabi/13.3.1/thumb/v7e-m+fp/hard/crtbegin.o
 .text.frame_dummy
                0x08000ed8       0x24 E:/Clion/toolchain/arm-none-eabi/13.3 rel1/bin/../lib/gcc/arm-none-eabi/13.3.1/thumb/v7e-m+fp/hard/crtbegin.o
 .text.MX_CAN1_Init
                0x08000efc       0x44 CMakeFiles/project.elf.dir/Core/Src/can.c.obj
                0x08000efc                MX_CAN1_Init
 .text.MX_CAN2_Init
                0x08000f40       0x44 CMakeFiles/project.elf.dir/Core/Src/can.c.obj
                0x08000f40                MX_CAN2_Init
 .text.HAL_CAN_MspInit
                0x08000f84      0x140 CMakeFiles/project.elf.dir/Core/Src/can.c.obj
                0x08000f84                HAL_CAN_MspInit
 .text.MX_DMA_Init
                0x080010c4       0x88 CMakeFiles/project.elf.dir/Core/Src/dma.c.obj
                0x080010c4                MX_DMA_Init
 .text.StartDefaultTask
                0x0800114c        0xa CMakeFiles/project.elf.dir/Core/Src/freertos.c.obj
                0x0800114c                StartDefaultTask
 *fill*         0x08001156        0x2 
 .text.chassis_task
                0x08001158       0x60 CMakeFiles/project.elf.dir/Core/Src/freertos.c.obj
                0x08001158                chassis_task
 .text.gimbal_task
                0x080011b8       0x8c CMakeFiles/project.elf.dir/Core/Src/freertos.c.obj
                0x080011b8                gimbal_task
 .text.MX_FREERTOS_Init
                0x08001244       0x54 CMakeFiles/project.elf.dir/Core/Src/freertos.c.obj
                0x08001244                MX_FREERTOS_Init
 .text.MX_GPIO_Init
                0x08001298      0x104 CMakeFiles/project.elf.dir/Core/Src/gpio.c.obj
                0x08001298                MX_GPIO_Init
 .text.HAL_TIM_PeriodElapsedCallback
                0x0800139c       0x18 CMakeFiles/project.elf.dir/Core/Src/main.c.obj
                0x0800139c                HAL_TIM_PeriodElapsedCallback
 .text.Error_Handler
                0x080013b4        0x4 CMakeFiles/project.elf.dir/Core/Src/main.c.obj
                0x080013b4                Error_Handler
 .text.SystemClock_Config
                0x080013b8       0xa8 CMakeFiles/project.elf.dir/Core/Src/main.c.obj
                0x080013b8                SystemClock_Config
 .text.main     0x08001460       0x50 CMakeFiles/project.elf.dir/Core/Src/main.c.obj
                0x08001460                main
 .text.MX_SPI1_Init
                0x080014b0       0x48 CMakeFiles/project.elf.dir/Core/Src/spi.c.obj
                0x080014b0                MX_SPI1_Init
 .text.HAL_SPI_MspInit
                0x080014f8      0x124 CMakeFiles/project.elf.dir/Core/Src/spi.c.obj
                0x080014f8                HAL_SPI_MspInit
 .text.HAL_MspInit
                0x0800161c       0x44 CMakeFiles/project.elf.dir/Core/Src/stm32f4xx_hal_msp.c.obj
                0x0800161c                HAL_MspInit
 .text.HAL_InitTick
                0x08001660       0xa4 CMakeFiles/project.elf.dir/Core/Src/stm32f4xx_hal_timebase_tim.c.obj
                0x08001660                HAL_InitTick
 .text.NMI_Handler
                0x08001704        0x2 CMakeFiles/project.elf.dir/Core/Src/stm32f4xx_it.c.obj
                0x08001704                NMI_Handler
 .text.HardFault_Handler
                0x08001706        0x2 CMakeFiles/project.elf.dir/Core/Src/stm32f4xx_it.c.obj
                0x08001706                HardFault_Handler
 .text.MemManage_Handler
                0x08001708        0x2 CMakeFiles/project.elf.dir/Core/Src/stm32f4xx_it.c.obj
                0x08001708                MemManage_Handler
 .text.BusFault_Handler
                0x0800170a        0x2 CMakeFiles/project.elf.dir/Core/Src/stm32f4xx_it.c.obj
                0x0800170a                BusFault_Handler
 .text.UsageFault_Handler
                0x0800170c        0x2 CMakeFiles/project.elf.dir/Core/Src/stm32f4xx_it.c.obj
                0x0800170c                UsageFault_Handler
 .text.DebugMon_Handler
                0x0800170e        0x2 CMakeFiles/project.elf.dir/Core/Src/stm32f4xx_it.c.obj
                0x0800170e                DebugMon_Handler
 .text.DMA1_Stream1_IRQHandler
                0x08001710       0x10 CMakeFiles/project.elf.dir/Core/Src/stm32f4xx_it.c.obj
                0x08001710                DMA1_Stream1_IRQHandler
 .text.CAN1_RX0_IRQHandler
                0x08001720       0x10 CMakeFiles/project.elf.dir/Core/Src/stm32f4xx_it.c.obj
                0x08001720                CAN1_RX0_IRQHandler
 .text.CAN1_RX1_IRQHandler
                0x08001730       0x10 CMakeFiles/project.elf.dir/Core/Src/stm32f4xx_it.c.obj
                0x08001730                CAN1_RX1_IRQHandler
 .text.USART1_IRQHandler
                0x08001740       0x10 CMakeFiles/project.elf.dir/Core/Src/stm32f4xx_it.c.obj
                0x08001740                USART1_IRQHandler
 .text.USART3_IRQHandler
                0x08001750       0x10 CMakeFiles/project.elf.dir/Core/Src/stm32f4xx_it.c.obj
                0x08001750                USART3_IRQHandler
 .text.TIM8_TRG_COM_TIM14_IRQHandler
                0x08001760       0x10 CMakeFiles/project.elf.dir/Core/Src/stm32f4xx_it.c.obj
                0x08001760                TIM8_TRG_COM_TIM14_IRQHandler
 .text.DMA2_Stream2_IRQHandler
                0x08001770       0x10 CMakeFiles/project.elf.dir/Core/Src/stm32f4xx_it.c.obj
                0x08001770                DMA2_Stream2_IRQHandler
 .text.DMA2_Stream3_IRQHandler
                0x08001780       0x10 CMakeFiles/project.elf.dir/Core/Src/stm32f4xx_it.c.obj
                0x08001780                DMA2_Stream3_IRQHandler
 .text.CAN2_RX0_IRQHandler
                0x08001790       0x10 CMakeFiles/project.elf.dir/Core/Src/stm32f4xx_it.c.obj
                0x08001790                CAN2_RX0_IRQHandler
 .text.CAN2_RX1_IRQHandler
                0x080017a0       0x10 CMakeFiles/project.elf.dir/Core/Src/stm32f4xx_it.c.obj
                0x080017a0                CAN2_RX1_IRQHandler
 .text.DMA2_Stream5_IRQHandler
                0x080017b0       0x10 CMakeFiles/project.elf.dir/Core/Src/stm32f4xx_it.c.obj
                0x080017b0                DMA2_Stream5_IRQHandler
 .text.DMA2_Stream7_IRQHandler
                0x080017c0       0x10 CMakeFiles/project.elf.dir/Core/Src/stm32f4xx_it.c.obj
                0x080017c0                DMA2_Stream7_IRQHandler
 .text._getpid  0x080017d0        0x4 CMakeFiles/project.elf.dir/Core/Src/syscalls.c.obj
                0x080017d0                _getpid
 .text._kill    0x080017d4       0x10 CMakeFiles/project.elf.dir/Core/Src/syscalls.c.obj
                0x080017d4                _kill
 .text._exit    0x080017e4        0xc CMakeFiles/project.elf.dir/Core/Src/syscalls.c.obj
                0x080017e4                _exit
 .text._read    0x080017f0       0x20 CMakeFiles/project.elf.dir/Core/Src/syscalls.c.obj
                0x080017f0                _read
 .text._write   0x08001810       0x1c CMakeFiles/project.elf.dir/Core/Src/syscalls.c.obj
                0x08001810                _write
 .text._close   0x0800182c        0x6 CMakeFiles/project.elf.dir/Core/Src/syscalls.c.obj
                0x0800182c                _close
 .text._fstat   0x08001832        0xa CMakeFiles/project.elf.dir/Core/Src/syscalls.c.obj
                0x08001832                _fstat
 .text._isatty  0x0800183c        0x4 CMakeFiles/project.elf.dir/Core/Src/syscalls.c.obj
                0x0800183c                _isatty
 .text._lseek   0x08001840        0x4 CMakeFiles/project.elf.dir/Core/Src/syscalls.c.obj
                0x08001840                _lseek
 .text._sbrk    0x08001844       0x48 CMakeFiles/project.elf.dir/Core/Src/sysmem.c.obj
                0x08001844                _sbrk
 .text.SystemInit
                0x0800188c       0x14 CMakeFiles/project.elf.dir/Core/Src/system_stm32f4xx.c.obj
                0x0800188c                SystemInit
 .text.HAL_TIM_Base_MspInit
                0x080018a0       0x30 CMakeFiles/project.elf.dir/Core/Src/tim.c.obj
                0x080018a0                HAL_TIM_Base_MspInit
 .text.HAL_TIM_MspPostInit
                0x080018d0       0x58 CMakeFiles/project.elf.dir/Core/Src/tim.c.obj
                0x080018d0                HAL_TIM_MspPostInit
 .text.MX_TIM10_Init
                0x08001928       0x74 CMakeFiles/project.elf.dir/Core/Src/tim.c.obj
                0x08001928                MX_TIM10_Init
 .text.MX_USART1_UART_Init
                0x0800199c       0x34 CMakeFiles/project.elf.dir/Core/Src/usart.c.obj
                0x0800199c                MX_USART1_UART_Init
 .text.MX_USART3_UART_Init
                0x080019d0       0x40 CMakeFiles/project.elf.dir/Core/Src/usart.c.obj
                0x080019d0                MX_USART3_UART_Init
 .text.HAL_UART_MspInit
                0x08001a10      0x1d8 CMakeFiles/project.elf.dir/Core/Src/usart.c.obj
                0x08001a10                HAL_UART_MspInit
 .text.Reset_Handler
                0x08001be8       0x50 CMakeFiles/project.elf.dir/Core/Startup/startup_stm32f407ighx.s.obj
                0x08001be8                Reset_Handler
 .text.Default_Handler
                0x08001c38        0x2 CMakeFiles/project.elf.dir/Core/Startup/startup_stm32f407ighx.s.obj
                0x08001c38                RTC_Alarm_IRQHandler
                0x08001c38                HASH_RNG_IRQHandler
                0x08001c38                EXTI2_IRQHandler
                0x08001c38                TIM8_CC_IRQHandler
                0x08001c38                TIM1_CC_IRQHandler
                0x08001c38                DMA1_Stream5_IRQHandler
                0x08001c38                PVD_IRQHandler
                0x08001c38                SDIO_IRQHandler
                0x08001c38                TAMP_STAMP_IRQHandler
                0x08001c38                EXTI3_IRQHandler
                0x08001c38                TIM1_UP_TIM10_IRQHandler
                0x08001c38                TIM8_UP_TIM13_IRQHandler
                0x08001c38                I2C3_ER_IRQHandler
                0x08001c38                EXTI0_IRQHandler
                0x08001c38                I2C2_EV_IRQHandler
                0x08001c38                DMA1_Stream2_IRQHandler
                0x08001c38                FPU_IRQHandler
                0x08001c38                OTG_HS_WKUP_IRQHandler
                0x08001c38                CAN2_SCE_IRQHandler
                0x08001c38                SPI1_IRQHandler
                0x08001c38                TIM6_DAC_IRQHandler
                0x08001c38                TIM1_BRK_TIM9_IRQHandler
                0x08001c38                DCMI_IRQHandler
                0x08001c38                USART6_IRQHandler
                0x08001c38                UART5_IRQHandler
                0x08001c38                DMA2_Stream0_IRQHandler
                0x08001c38                TIM4_IRQHandler
                0x08001c38                I2C1_EV_IRQHandler
                0x08001c38                DMA1_Stream6_IRQHandler
                0x08001c38                UART4_IRQHandler
                0x08001c38                TIM3_IRQHandler
                0x08001c38                RCC_IRQHandler
                0x08001c38                TIM8_BRK_TIM12_IRQHandler
                0x08001c38                Default_Handler
                0x08001c38                EXTI15_10_IRQHandler
                0x08001c38                ADC_IRQHandler
                0x08001c38                DMA1_Stream7_IRQHandler
                0x08001c38                TIM7_IRQHandler
                0x08001c38                CAN2_TX_IRQHandler
                0x08001c38                TIM5_IRQHandler
                0x08001c38                I2C3_EV_IRQHandler
                0x08001c38                EXTI9_5_IRQHandler
                0x08001c38                RTC_WKUP_IRQHandler
                0x08001c38                ETH_WKUP_IRQHandler
                0x08001c38                SPI2_IRQHandler
                0x08001c38                OTG_HS_EP1_IN_IRQHandler
                0x08001c38                DMA1_Stream0_IRQHandler
                0x08001c38                CAN1_TX_IRQHandler
                0x08001c38                EXTI4_IRQHandler
                0x08001c38                FSMC_IRQHandler
                0x08001c38                ETH_IRQHandler
                0x08001c38                OTG_HS_EP1_OUT_IRQHandler
                0x08001c38                WWDG_IRQHandler
                0x08001c38                TIM2_IRQHandler
                0x08001c38                OTG_FS_WKUP_IRQHandler
                0x08001c38                TIM1_TRG_COM_TIM11_IRQHandler
                0x08001c38                OTG_HS_IRQHandler
                0x08001c38                EXTI1_IRQHandler
                0x08001c38                USART2_IRQHandler
                0x08001c38                I2C2_ER_IRQHandler
                0x08001c38                DMA2_Stream1_IRQHandler
                0x08001c38                CAN1_SCE_IRQHandler
                0x08001c38                FLASH_IRQHandler
                0x08001c38                DMA2_Stream4_IRQHandler
                0x08001c38                OTG_FS_IRQHandler
                0x08001c38                SPI3_IRQHandler
                0x08001c38                DMA1_Stream4_IRQHandler
                0x08001c38                I2C1_ER_IRQHandler
                0x08001c38                DMA2_Stream6_IRQHandler
                0x08001c38                DMA1_Stream3_IRQHandler
 *fill*         0x08001c3a        0x2 
 .text.HAL_Init
                0x08001c3c       0x34 CMakeFiles/project.elf.dir/Drivers/STM32F4xx_HAL_Driver/Src/stm32f4xx_hal.c.obj
                0x08001c3c                HAL_Init
 .text.HAL_IncTick
                0x08001c70       0x18 CMakeFiles/project.elf.dir/Drivers/STM32F4xx_HAL_Driver/Src/stm32f4xx_hal.c.obj
                0x08001c70                HAL_IncTick
 .text.HAL_GetTick
                0x08001c88        0xc CMakeFiles/project.elf.dir/Drivers/STM32F4xx_HAL_Driver/Src/stm32f4xx_hal.c.obj
                0x08001c88                HAL_GetTick
 .text.HAL_Delay
                0x08001c94       0x28 CMakeFiles/project.elf.dir/Drivers/STM32F4xx_HAL_Driver/Src/stm32f4xx_hal.c.obj
                0x08001c94                HAL_Delay
 .text.HAL_CAN_Init
                0x08001cbc      0x14c CMakeFiles/project.elf.dir/Drivers/STM32F4xx_HAL_Driver/Src/stm32f4xx_hal_can.c.obj
                0x08001cbc                HAL_CAN_Init
 .text.HAL_CAN_ConfigFilter
                0x08001e08      0x138 CMakeFiles/project.elf.dir/Drivers/STM32F4xx_HAL_Driver/Src/stm32f4xx_hal_can.c.obj
                0x08001e08                HAL_CAN_ConfigFilter
 .text.HAL_CAN_Start
                0x08001f40       0x5c CMakeFiles/project.elf.dir/Drivers/STM32F4xx_HAL_Driver/Src/stm32f4xx_hal_can.c.obj
                0x08001f40                HAL_CAN_Start
 .text.HAL_CAN_AddTxMessage
                0x08001f9c       0xea CMakeFiles/project.elf.dir/Drivers/STM32F4xx_HAL_Driver/Src/stm32f4xx_hal_can.c.obj
                0x08001f9c                HAL_CAN_AddTxMessage
 .text.HAL_CAN_GetTxMailboxesFreeLevel
                0x08002086       0x32 CMakeFiles/project.elf.dir/Drivers/STM32F4xx_HAL_Driver/Src/stm32f4xx_hal_can.c.obj
                0x08002086                HAL_CAN_GetTxMailboxesFreeLevel
 .text.HAL_CAN_GetRxMessage
                0x080020b8      0x16a CMakeFiles/project.elf.dir/Drivers/STM32F4xx_HAL_Driver/Src/stm32f4xx_hal_can.c.obj
                0x080020b8                HAL_CAN_GetRxMessage
 .text.HAL_CAN_ActivateNotification
                0x08002222       0x24 CMakeFiles/project.elf.dir/Drivers/STM32F4xx_HAL_Driver/Src/stm32f4xx_hal_can.c.obj
                0x08002222                HAL_CAN_ActivateNotification
 .text.HAL_CAN_TxMailbox0CompleteCallback
                0x08002246        0x2 CMakeFiles/project.elf.dir/Drivers/STM32F4xx_HAL_Driver/Src/stm32f4xx_hal_can.c.obj
                0x08002246                HAL_CAN_TxMailbox0CompleteCallback
 .text.HAL_CAN_TxMailbox1CompleteCallback
                0x08002248        0x2 CMakeFiles/project.elf.dir/Drivers/STM32F4xx_HAL_Driver/Src/stm32f4xx_hal_can.c.obj
                0x08002248                HAL_CAN_TxMailbox1CompleteCallback
 .text.HAL_CAN_TxMailbox2CompleteCallback
                0x0800224a        0x2 CMakeFiles/project.elf.dir/Drivers/STM32F4xx_HAL_Driver/Src/stm32f4xx_hal_can.c.obj
                0x0800224a                HAL_CAN_TxMailbox2CompleteCallback
 .text.HAL_CAN_TxMailbox0AbortCallback
                0x0800224c        0x2 CMakeFiles/project.elf.dir/Drivers/STM32F4xx_HAL_Driver/Src/stm32f4xx_hal_can.c.obj
                0x0800224c                HAL_CAN_TxMailbox0AbortCallback
 .text.HAL_CAN_TxMailbox1AbortCallback
                0x0800224e        0x2 CMakeFiles/project.elf.dir/Drivers/STM32F4xx_HAL_Driver/Src/stm32f4xx_hal_can.c.obj
                0x0800224e                HAL_CAN_TxMailbox1AbortCallback
 .text.HAL_CAN_TxMailbox2AbortCallback
                0x08002250        0x2 CMakeFiles/project.elf.dir/Drivers/STM32F4xx_HAL_Driver/Src/stm32f4xx_hal_can.c.obj
                0x08002250                HAL_CAN_TxMailbox2AbortCallback
 .text.HAL_CAN_RxFifo0FullCallback
                0x08002252        0x2 CMakeFiles/project.elf.dir/Drivers/STM32F4xx_HAL_Driver/Src/stm32f4xx_hal_can.c.obj
                0x08002252                HAL_CAN_RxFifo0FullCallback
 .text.HAL_CAN_RxFifo1FullCallback
                0x08002254        0x2 CMakeFiles/project.elf.dir/Drivers/STM32F4xx_HAL_Driver/Src/stm32f4xx_hal_can.c.obj
                0x08002254                HAL_CAN_RxFifo1FullCallback
 .text.HAL_CAN_SleepCallback
                0x08002256        0x2 CMakeFiles/project.elf.dir/Drivers/STM32F4xx_HAL_Driver/Src/stm32f4xx_hal_can.c.obj
                0x08002256                HAL_CAN_SleepCallback
 .text.HAL_CAN_WakeUpFromRxMsgCallback
                0x08002258        0x2 CMakeFiles/project.elf.dir/Drivers/STM32F4xx_HAL_Driver/Src/stm32f4xx_hal_can.c.obj
                0x08002258                HAL_CAN_WakeUpFromRxMsgCallback
 .text.HAL_CAN_ErrorCallback
                0x0800225a        0x2 CMakeFiles/project.elf.dir/Drivers/STM32F4xx_HAL_Driver/Src/stm32f4xx_hal_can.c.obj
                0x0800225a                HAL_CAN_ErrorCallback
 .text.HAL_CAN_IRQHandler
                0x0800225c      0x250 CMakeFiles/project.elf.dir/Drivers/STM32F4xx_HAL_Driver/Src/stm32f4xx_hal_can.c.obj
                0x0800225c                HAL_CAN_IRQHandler
 .text.__NVIC_EnableIRQ
                0x080024ac       0x1c CMakeFiles/project.elf.dir/Drivers/STM32F4xx_HAL_Driver/Src/stm32f4xx_hal_cortex.c.obj
 .text.__NVIC_SetPriority
                0x080024c8       0x28 CMakeFiles/project.elf.dir/Drivers/STM32F4xx_HAL_Driver/Src/stm32f4xx_hal_cortex.c.obj
 .text.NVIC_EncodePriority
                0x080024f0       0x3e CMakeFiles/project.elf.dir/Drivers/STM32F4xx_HAL_Driver/Src/stm32f4xx_hal_cortex.c.obj
 *fill*         0x0800252e        0x2 
 .text.HAL_NVIC_SetPriorityGrouping
                0x08002530       0x24 CMakeFiles/project.elf.dir/Drivers/STM32F4xx_HAL_Driver/Src/stm32f4xx_hal_cortex.c.obj
                0x08002530                HAL_NVIC_SetPriorityGrouping
 .text.HAL_NVIC_SetPriority
                0x08002554       0x20 CMakeFiles/project.elf.dir/Drivers/STM32F4xx_HAL_Driver/Src/stm32f4xx_hal_cortex.c.obj
                0x08002554                HAL_NVIC_SetPriority
 .text.HAL_NVIC_EnableIRQ
                0x08002574        0x8 CMakeFiles/project.elf.dir/Drivers/STM32F4xx_HAL_Driver/Src/stm32f4xx_hal_cortex.c.obj
                0x08002574                HAL_NVIC_EnableIRQ
 .text.DMA_SetConfig
                0x0800257c       0x2c CMakeFiles/project.elf.dir/Drivers/STM32F4xx_HAL_Driver/Src/stm32f4xx_hal_dma.c.obj
 .text.DMA_CalcBaseAndBitshift
                0x080025a8       0x3c CMakeFiles/project.elf.dir/Drivers/STM32F4xx_HAL_Driver/Src/stm32f4xx_hal_dma.c.obj
 .text.DMA_CheckFifoParam
                0x080025e4       0x8e CMakeFiles/project.elf.dir/Drivers/STM32F4xx_HAL_Driver/Src/stm32f4xx_hal_dma.c.obj
 *fill*         0x08002672        0x2 
 .text.HAL_DMA_Init
                0x08002674       0xcc CMakeFiles/project.elf.dir/Drivers/STM32F4xx_HAL_Driver/Src/stm32f4xx_hal_dma.c.obj
                0x08002674                HAL_DMA_Init
 .text.HAL_DMA_Start_IT
                0x08002740       0x6a CMakeFiles/project.elf.dir/Drivers/STM32F4xx_HAL_Driver/Src/stm32f4xx_hal_dma.c.obj
                0x08002740                HAL_DMA_Start_IT
 .text.HAL_DMA_Abort
                0x080027aa       0x94 CMakeFiles/project.elf.dir/Drivers/STM32F4xx_HAL_Driver/Src/stm32f4xx_hal_dma.c.obj
                0x080027aa                HAL_DMA_Abort
 .text.HAL_DMA_Abort_IT
                0x0800283e       0x26 CMakeFiles/project.elf.dir/Drivers/STM32F4xx_HAL_Driver/Src/stm32f4xx_hal_dma.c.obj
                0x0800283e                HAL_DMA_Abort_IT
 .text.HAL_DMA_IRQHandler
                0x08002864      0x1dc CMakeFiles/project.elf.dir/Drivers/STM32F4xx_HAL_Driver/Src/stm32f4xx_hal_dma.c.obj
                0x08002864                HAL_DMA_IRQHandler
 .text.HAL_GPIO_Init
                0x08002a40      0x1ec CMakeFiles/project.elf.dir/Drivers/STM32F4xx_HAL_Driver/Src/stm32f4xx_hal_gpio.c.obj
                0x08002a40                HAL_GPIO_Init
 .text.HAL_GPIO_WritePin
                0x08002c2c        0xc CMakeFiles/project.elf.dir/Drivers/STM32F4xx_HAL_Driver/Src/stm32f4xx_hal_gpio.c.obj
                0x08002c2c                HAL_GPIO_WritePin
 .text.HAL_RCC_OscConfig
                0x08002c38      0x3f8 CMakeFiles/project.elf.dir/Drivers/STM32F4xx_HAL_Driver/Src/stm32f4xx_hal_rcc.c.obj
                0x08002c38                HAL_RCC_OscConfig
 .text.HAL_RCC_GetSysClockFreq
                0x08003030       0xa8 CMakeFiles/project.elf.dir/Drivers/STM32F4xx_HAL_Driver/Src/stm32f4xx_hal_rcc.c.obj
                0x08003030                HAL_RCC_GetSysClockFreq
 .text.HAL_RCC_ClockConfig
                0x080030d8      0x160 CMakeFiles/project.elf.dir/Drivers/STM32F4xx_HAL_Driver/Src/stm32f4xx_hal_rcc.c.obj
                0x080030d8                HAL_RCC_ClockConfig
 .text.HAL_RCC_GetHCLKFreq
                0x08003238        0xc CMakeFiles/project.elf.dir/Drivers/STM32F4xx_HAL_Driver/Src/stm32f4xx_hal_rcc.c.obj
                0x08003238                HAL_RCC_GetHCLKFreq
 .text.HAL_RCC_GetPCLK1Freq
                0x08003244       0x20 CMakeFiles/project.elf.dir/Drivers/STM32F4xx_HAL_Driver/Src/stm32f4xx_hal_rcc.c.obj
                0x08003244                HAL_RCC_GetPCLK1Freq
 .text.HAL_RCC_GetPCLK2Freq
                0x08003264       0x20 CMakeFiles/project.elf.dir/Drivers/STM32F4xx_HAL_Driver/Src/stm32f4xx_hal_rcc.c.obj
                0x08003264                HAL_RCC_GetPCLK2Freq
 .text.HAL_RCC_GetClockConfig
                0x08003284       0x3c CMakeFiles/project.elf.dir/Drivers/STM32F4xx_HAL_Driver/Src/stm32f4xx_hal_rcc.c.obj
                0x08003284                HAL_RCC_GetClockConfig
 .text.SPI_WaitFlagStateUntilTimeout
                0x080032c0       0xc8 CMakeFiles/project.elf.dir/Drivers/STM32F4xx_HAL_Driver/Src/stm32f4xx_hal_spi.c.obj
 .text.SPI_EndRxTxTransaction
                0x08003388       0x80 CMakeFiles/project.elf.dir/Drivers/STM32F4xx_HAL_Driver/Src/stm32f4xx_hal_spi.c.obj
 .text.SPI_EndRxTransaction
                0x08003408       0x8c CMakeFiles/project.elf.dir/Drivers/STM32F4xx_HAL_Driver/Src/stm32f4xx_hal_spi.c.obj
 .text.HAL_SPI_Init
                0x08003494       0xbe CMakeFiles/project.elf.dir/Drivers/STM32F4xx_HAL_Driver/Src/stm32f4xx_hal_spi.c.obj
                0x08003494                HAL_SPI_Init
 .text.HAL_SPI_Transmit
                0x08003552      0x1c4 CMakeFiles/project.elf.dir/Drivers/STM32F4xx_HAL_Driver/Src/stm32f4xx_hal_spi.c.obj
                0x08003552                HAL_SPI_Transmit
 .text.HAL_SPI_TransmitReceive
                0x08003716      0x254 CMakeFiles/project.elf.dir/Drivers/STM32F4xx_HAL_Driver/Src/stm32f4xx_hal_spi.c.obj
                0x08003716                HAL_SPI_TransmitReceive
 .text.HAL_SPI_Receive
                0x0800396a      0x188 CMakeFiles/project.elf.dir/Drivers/STM32F4xx_HAL_Driver/Src/stm32f4xx_hal_spi.c.obj
                0x0800396a                HAL_SPI_Receive
 .text.HAL_SPI_GetState
                0x08003af2        0x6 CMakeFiles/project.elf.dir/Drivers/STM32F4xx_HAL_Driver/Src/stm32f4xx_hal_spi.c.obj
                0x08003af2                HAL_SPI_GetState
 .text.TIM_OC1_SetConfig
                0x08003af8       0x70 CMakeFiles/project.elf.dir/Drivers/STM32F4xx_HAL_Driver/Src/stm32f4xx_hal_tim.c.obj
 .text.TIM_OC3_SetConfig
                0x08003b68       0x70 CMakeFiles/project.elf.dir/Drivers/STM32F4xx_HAL_Driver/Src/stm32f4xx_hal_tim.c.obj
 .text.TIM_OC4_SetConfig
                0x08003bd8       0x50 CMakeFiles/project.elf.dir/Drivers/STM32F4xx_HAL_Driver/Src/stm32f4xx_hal_tim.c.obj
 .text.HAL_TIM_Base_Start_IT
                0x08003c28       0x88 CMakeFiles/project.elf.dir/Drivers/STM32F4xx_HAL_Driver/Src/stm32f4xx_hal_tim.c.obj
                0x08003c28                HAL_TIM_Base_Start_IT
 .text.HAL_TIM_PWM_MspInit
                0x08003cb0        0x2 CMakeFiles/project.elf.dir/Drivers/STM32F4xx_HAL_Driver/Src/stm32f4xx_hal_tim.c.obj
                0x08003cb0                HAL_TIM_PWM_MspInit
 .text.HAL_TIM_OC_DelayElapsedCallback
                0x08003cb2        0x2 CMakeFiles/project.elf.dir/Drivers/STM32F4xx_HAL_Driver/Src/stm32f4xx_hal_tim.c.obj
                0x08003cb2                HAL_TIM_OC_DelayElapsedCallback
 .text.HAL_TIM_IC_CaptureCallback
                0x08003cb4        0x2 CMakeFiles/project.elf.dir/Drivers/STM32F4xx_HAL_Driver/Src/stm32f4xx_hal_tim.c.obj
                0x08003cb4                HAL_TIM_IC_CaptureCallback
 .text.HAL_TIM_PWM_PulseFinishedCallback
                0x08003cb6        0x2 CMakeFiles/project.elf.dir/Drivers/STM32F4xx_HAL_Driver/Src/stm32f4xx_hal_tim.c.obj
                0x08003cb6                HAL_TIM_PWM_PulseFinishedCallback
 .text.HAL_TIM_TriggerCallback
                0x08003cb8        0x2 CMakeFiles/project.elf.dir/Drivers/STM32F4xx_HAL_Driver/Src/stm32f4xx_hal_tim.c.obj
                0x08003cb8                HAL_TIM_TriggerCallback
 .text.HAL_TIM_IRQHandler
                0x08003cba      0x15e CMakeFiles/project.elf.dir/Drivers/STM32F4xx_HAL_Driver/Src/stm32f4xx_hal_tim.c.obj
                0x08003cba                HAL_TIM_IRQHandler
 .text.TIM_Base_SetConfig
                0x08003e18       0xd8 CMakeFiles/project.elf.dir/Drivers/STM32F4xx_HAL_Driver/Src/stm32f4xx_hal_tim.c.obj
                0x08003e18                TIM_Base_SetConfig
 .text.HAL_TIM_Base_Init
                0x08003ef0       0x58 CMakeFiles/project.elf.dir/Drivers/STM32F4xx_HAL_Driver/Src/stm32f4xx_hal_tim.c.obj
                0x08003ef0                HAL_TIM_Base_Init
 .text.HAL_TIM_PWM_Init
                0x08003f48       0x58 CMakeFiles/project.elf.dir/Drivers/STM32F4xx_HAL_Driver/Src/stm32f4xx_hal_tim.c.obj
                0x08003f48                HAL_TIM_PWM_Init
 .text.TIM_OC2_SetConfig
                0x08003fa0       0x70 CMakeFiles/project.elf.dir/Drivers/STM32F4xx_HAL_Driver/Src/stm32f4xx_hal_tim.c.obj
                0x08003fa0                TIM_OC2_SetConfig
 .text.HAL_TIM_PWM_ConfigChannel
                0x08004010       0xdc CMakeFiles/project.elf.dir/Drivers/STM32F4xx_HAL_Driver/Src/stm32f4xx_hal_tim.c.obj
                0x08004010                HAL_TIM_PWM_ConfigChannel
 .text.HAL_TIMEx_CommutCallback
                0x080040ec        0x2 CMakeFiles/project.elf.dir/Drivers/STM32F4xx_HAL_Driver/Src/stm32f4xx_hal_tim_ex.c.obj
                0x080040ec                HAL_TIMEx_CommutCallback
 .text.HAL_TIMEx_BreakCallback
                0x080040ee        0x2 CMakeFiles/project.elf.dir/Drivers/STM32F4xx_HAL_Driver/Src/stm32f4xx_hal_tim_ex.c.obj
                0x080040ee                HAL_TIMEx_BreakCallback
 .text.UART_EndTxTransfer
                0x080040f0       0x20 CMakeFiles/project.elf.dir/Drivers/STM32F4xx_HAL_Driver/Src/stm32f4xx_hal_uart.c.obj
 .text.UART_EndRxTransfer
                0x08004110       0x5c CMakeFiles/project.elf.dir/Drivers/STM32F4xx_HAL_Driver/Src/stm32f4xx_hal_uart.c.obj
 .text.UART_Transmit_IT
                0x0800416c       0x60 CMakeFiles/project.elf.dir/Drivers/STM32F4xx_HAL_Driver/Src/stm32f4xx_hal_uart.c.obj
 .text.UART_SetConfig
                0x080041cc      0x110 CMakeFiles/project.elf.dir/Drivers/STM32F4xx_HAL_Driver/Src/stm32f4xx_hal_uart.c.obj
 .text.UART_WaitOnFlagUntilTimeout
                0x080042dc       0x86 CMakeFiles/project.elf.dir/Drivers/STM32F4xx_HAL_Driver/Src/stm32f4xx_hal_uart.c.obj
 .text.HAL_UART_Init
                0x08004362       0x60 CMakeFiles/project.elf.dir/Drivers/STM32F4xx_HAL_Driver/Src/stm32f4xx_hal_uart.c.obj
                0x08004362                HAL_UART_Init
 .text.HAL_UART_Transmit
                0x080043c2       0xcc CMakeFiles/project.elf.dir/Drivers/STM32F4xx_HAL_Driver/Src/stm32f4xx_hal_uart.c.obj
                0x080043c2                HAL_UART_Transmit
 .text.HAL_UART_TxCpltCallback
                0x0800448e        0x2 CMakeFiles/project.elf.dir/Drivers/STM32F4xx_HAL_Driver/Src/stm32f4xx_hal_uart.c.obj
                0x0800448e                HAL_UART_TxCpltCallback
 .text.UART_EndTransmit_IT
                0x08004490       0x1a CMakeFiles/project.elf.dir/Drivers/STM32F4xx_HAL_Driver/Src/stm32f4xx_hal_uart.c.obj
 .text.HAL_UART_RxHalfCpltCallback
                0x080044aa        0x2 CMakeFiles/project.elf.dir/Drivers/STM32F4xx_HAL_Driver/Src/stm32f4xx_hal_uart.c.obj
                0x080044aa                HAL_UART_RxHalfCpltCallback
 .text.HAL_UART_ErrorCallback
                0x080044ac        0x2 CMakeFiles/project.elf.dir/Drivers/STM32F4xx_HAL_Driver/Src/stm32f4xx_hal_uart.c.obj
                0x080044ac                HAL_UART_ErrorCallback
 .text.UART_DMAError
                0x080044ae       0x58 CMakeFiles/project.elf.dir/Drivers/STM32F4xx_HAL_Driver/Src/stm32f4xx_hal_uart.c.obj
 .text.UART_DMAAbortOnError
                0x08004506       0x10 CMakeFiles/project.elf.dir/Drivers/STM32F4xx_HAL_Driver/Src/stm32f4xx_hal_uart.c.obj
 .text.HAL_UARTEx_RxEventCallback
                0x08004516        0x2 CMakeFiles/project.elf.dir/Drivers/STM32F4xx_HAL_Driver/Src/stm32f4xx_hal_uart.c.obj
                0x08004516                HAL_UARTEx_RxEventCallback
 .text.UART_Receive_IT
                0x08004518       0xe6 CMakeFiles/project.elf.dir/Drivers/STM32F4xx_HAL_Driver/Src/stm32f4xx_hal_uart.c.obj
 *fill*         0x080045fe        0x2 
 .text.HAL_UART_IRQHandler
                0x08004600      0x284 CMakeFiles/project.elf.dir/Drivers/STM32F4xx_HAL_Driver/Src/stm32f4xx_hal_uart.c.obj
                0x08004600                HAL_UART_IRQHandler
 .text.UART_DMARxHalfCplt
                0x08004884       0x1e CMakeFiles/project.elf.dir/Drivers/STM32F4xx_HAL_Driver/Src/stm32f4xx_hal_uart.c.obj
 .text.UART_DMAReceiveCplt
                0x080048a2       0x9a CMakeFiles/project.elf.dir/Drivers/STM32F4xx_HAL_Driver/Src/stm32f4xx_hal_uart.c.obj
 .text.UART_Start_Receive_DMA
                0x0800493c       0xa4 CMakeFiles/project.elf.dir/Drivers/STM32F4xx_HAL_Driver/Src/stm32f4xx_hal_uart.c.obj
                0x0800493c                UART_Start_Receive_DMA
 .text.HAL_UART_Receive_DMA
                0x080049e0       0x26 CMakeFiles/project.elf.dir/Drivers/STM32F4xx_HAL_Driver/Src/stm32f4xx_hal_uart.c.obj
                0x080049e0                HAL_UART_Receive_DMA
 .text.SysTick_Handler
                0x08004a06       0x18 CMakeFiles/project.elf.dir/Middlewares/Third_Party/FreeRTOS/Source/CMSIS_RTOS_V2/cmsis_os2.c.obj
                0x08004a06                SysTick_Handler
 *fill*         0x08004a1e        0x2 
 .text.osKernelInitialize
                0x08004a20       0x24 CMakeFiles/project.elf.dir/Middlewares/Third_Party/FreeRTOS/Source/CMSIS_RTOS_V2/cmsis_os2.c.obj
                0x08004a20                osKernelInitialize
 .text.osKernelStart
                0x08004a44       0x38 CMakeFiles/project.elf.dir/Middlewares/Third_Party/FreeRTOS/Source/CMSIS_RTOS_V2/cmsis_os2.c.obj
                0x08004a44                osKernelStart
 .text.osThreadNew
                0x08004a7c       0xbe CMakeFiles/project.elf.dir/Middlewares/Third_Party/FreeRTOS/Source/CMSIS_RTOS_V2/cmsis_os2.c.obj
                0x08004a7c                osThreadNew
 .text.osDelay  0x08004b3a       0x1c CMakeFiles/project.elf.dir/Middlewares/Third_Party/FreeRTOS/Source/CMSIS_RTOS_V2/cmsis_os2.c.obj
                0x08004b3a                osDelay
 *fill*         0x08004b56        0x2 
 .text.vApplicationGetIdleTaskMemory
                0x08004b58       0x18 CMakeFiles/project.elf.dir/Middlewares/Third_Party/FreeRTOS/Source/CMSIS_RTOS_V2/cmsis_os2.c.obj
                0x08004b58                vApplicationGetIdleTaskMemory
 .text.vApplicationGetTimerTaskMemory
                0x08004b70       0x18 CMakeFiles/project.elf.dir/Middlewares/Third_Party/FreeRTOS/Source/CMSIS_RTOS_V2/cmsis_os2.c.obj
                0x08004b70                vApplicationGetTimerTaskMemory
 .text.vListInitialise
                0x08004b88       0x16 CMakeFiles/project.elf.dir/Middlewares/Third_Party/FreeRTOS/Source/list.c.obj
                0x08004b88                vListInitialise
 .text.vListInitialiseItem
                0x08004b9e        0x6 CMakeFiles/project.elf.dir/Middlewares/Third_Party/FreeRTOS/Source/list.c.obj
                0x08004b9e                vListInitialiseItem
 .text.vListInsertEnd
                0x08004ba4       0x16 CMakeFiles/project.elf.dir/Middlewares/Third_Party/FreeRTOS/Source/list.c.obj
                0x08004ba4                vListInsertEnd
 .text.vListInsert
                0x08004bba       0x32 CMakeFiles/project.elf.dir/Middlewares/Third_Party/FreeRTOS/Source/list.c.obj
                0x08004bba                vListInsert
 .text.uxListRemove
                0x08004bec       0x26 CMakeFiles/project.elf.dir/Middlewares/Third_Party/FreeRTOS/Source/list.c.obj
                0x08004bec                uxListRemove
 *fill*         0x08004c12        0x2 
 .text.prvTaskExitError
                0x08004c14       0x40 CMakeFiles/project.elf.dir/Middlewares/Third_Party/FreeRTOS/Source/portable/GCC/ARM_CM4F/port.c.obj
 .text.prvPortStartFirstTask
                0x08004c54       0x28 CMakeFiles/project.elf.dir/Middlewares/Third_Party/FreeRTOS/Source/portable/GCC/ARM_CM4F/port.c.obj
 .text.vPortEnableVFP
                0x08004c7c       0x14 CMakeFiles/project.elf.dir/Middlewares/Third_Party/FreeRTOS/Source/portable/GCC/ARM_CM4F/port.c.obj
 .text.pxPortInitialiseStack
                0x08004c90       0x2c CMakeFiles/project.elf.dir/Middlewares/Third_Party/FreeRTOS/Source/portable/GCC/ARM_CM4F/port.c.obj
                0x08004c90                pxPortInitialiseStack
 *fill*         0x08004cbc        0x4 
 .text.SVC_Handler
                0x08004cc0       0x24 CMakeFiles/project.elf.dir/Middlewares/Third_Party/FreeRTOS/Source/portable/GCC/ARM_CM4F/port.c.obj
                0x08004cc0                SVC_Handler
 .text.vPortEnterCritical
                0x08004ce4       0x44 CMakeFiles/project.elf.dir/Middlewares/Third_Party/FreeRTOS/Source/portable/GCC/ARM_CM4F/port.c.obj
                0x08004ce4                vPortEnterCritical
 .text.vPortExitCritical
                0x08004d28       0x2c CMakeFiles/project.elf.dir/Middlewares/Third_Party/FreeRTOS/Source/portable/GCC/ARM_CM4F/port.c.obj
                0x08004d28                vPortExitCritical
 *fill*         0x08004d54        0xc 
 .text.PendSV_Handler
                0x08004d60       0x64 CMakeFiles/project.elf.dir/Middlewares/Third_Party/FreeRTOS/Source/portable/GCC/ARM_CM4F/port.c.obj
                0x08004d60                PendSV_Handler
 .text.xPortSysTickHandler
                0x08004dc4       0x2c CMakeFiles/project.elf.dir/Middlewares/Third_Party/FreeRTOS/Source/portable/GCC/ARM_CM4F/port.c.obj
                0x08004dc4                xPortSysTickHandler
 .text.vPortSetupTimerInterrupt
                0x08004df0       0x28 CMakeFiles/project.elf.dir/Middlewares/Third_Party/FreeRTOS/Source/portable/GCC/ARM_CM4F/port.c.obj
                0x08004df0                vPortSetupTimerInterrupt
 .text.xPortStartScheduler
                0x08004e18      0x118 CMakeFiles/project.elf.dir/Middlewares/Third_Party/FreeRTOS/Source/portable/GCC/ARM_CM4F/port.c.obj
                0x08004e18                xPortStartScheduler
 .text.vPortValidateInterruptPriority
                0x08004f30       0x5c CMakeFiles/project.elf.dir/Middlewares/Third_Party/FreeRTOS/Source/portable/GCC/ARM_CM4F/port.c.obj
                0x08004f30                vPortValidateInterruptPriority
 .text.prvHeapInit
                0x08004f8c       0x64 CMakeFiles/project.elf.dir/Middlewares/Third_Party/FreeRTOS/Source/portable/MemMang/heap_4.c.obj
 .text.prvInsertBlockIntoFreeList
                0x08004ff0       0x64 CMakeFiles/project.elf.dir/Middlewares/Third_Party/FreeRTOS/Source/portable/MemMang/heap_4.c.obj
 .text.pvPortMalloc
                0x08005054      0x104 CMakeFiles/project.elf.dir/Middlewares/Third_Party/FreeRTOS/Source/portable/MemMang/heap_4.c.obj
                0x08005054                pvPortMalloc
 .text.vPortFree
                0x08005158       0x7c CMakeFiles/project.elf.dir/Middlewares/Third_Party/FreeRTOS/Source/portable/MemMang/heap_4.c.obj
                0x08005158                vPortFree
 .text.prvIsQueueFull
                0x080051d4       0x1e CMakeFiles/project.elf.dir/Middlewares/Third_Party/FreeRTOS/Source/queue.c.obj
 .text.prvIsQueueEmpty
                0x080051f2       0x1a CMakeFiles/project.elf.dir/Middlewares/Third_Party/FreeRTOS/Source/queue.c.obj
 .text.prvCopyDataToQueue
                0x0800520c       0x76 CMakeFiles/project.elf.dir/Middlewares/Third_Party/FreeRTOS/Source/queue.c.obj
 .text.prvCopyDataFromQueue
                0x08005282       0x24 CMakeFiles/project.elf.dir/Middlewares/Third_Party/FreeRTOS/Source/queue.c.obj
 .text.prvUnlockQueue
                0x080052a6       0x6e CMakeFiles/project.elf.dir/Middlewares/Third_Party/FreeRTOS/Source/queue.c.obj
 .text.xQueueGenericReset
                0x08005314       0x84 CMakeFiles/project.elf.dir/Middlewares/Third_Party/FreeRTOS/Source/queue.c.obj
                0x08005314                xQueueGenericReset
 .text.prvInitialiseNewQueue
                0x08005398       0x22 CMakeFiles/project.elf.dir/Middlewares/Third_Party/FreeRTOS/Source/queue.c.obj
 .text.xQueueGenericCreateStatic
                0x080053ba       0x94 CMakeFiles/project.elf.dir/Middlewares/Third_Party/FreeRTOS/Source/queue.c.obj
                0x080053ba                xQueueGenericCreateStatic
 .text.xQueueGenericSend
                0x0800544e      0x188 CMakeFiles/project.elf.dir/Middlewares/Third_Party/FreeRTOS/Source/queue.c.obj
                0x0800544e                xQueueGenericSend
 .text.xQueueGenericSendFromISR
                0x080055d6       0xce CMakeFiles/project.elf.dir/Middlewares/Third_Party/FreeRTOS/Source/queue.c.obj
                0x080055d6                xQueueGenericSendFromISR
 .text.xQueueReceive
                0x080056a4      0x15e CMakeFiles/project.elf.dir/Middlewares/Third_Party/FreeRTOS/Source/queue.c.obj
                0x080056a4                xQueueReceive
 *fill*         0x08005802        0x2 
 .text.vQueueAddToRegistry
                0x08005804       0x28 CMakeFiles/project.elf.dir/Middlewares/Third_Party/FreeRTOS/Source/queue.c.obj
                0x08005804                vQueueAddToRegistry
 .text.vQueueWaitForMessageRestricted
                0x0800582c       0x52 CMakeFiles/project.elf.dir/Middlewares/Third_Party/FreeRTOS/Source/queue.c.obj
                0x0800582c                vQueueWaitForMessageRestricted
 *fill*         0x0800587e        0x2 
 .text.prvResetNextTaskUnblockTime
                0x08005880       0x2c CMakeFiles/project.elf.dir/Middlewares/Third_Party/FreeRTOS/Source/tasks.c.obj
 .text.prvInitialiseNewTask
                0x080058ac      0x104 CMakeFiles/project.elf.dir/Middlewares/Third_Party/FreeRTOS/Source/tasks.c.obj
 .text.prvInitialiseTaskLists
                0x080059b0       0x68 CMakeFiles/project.elf.dir/Middlewares/Third_Party/FreeRTOS/Source/tasks.c.obj
 .text.prvAddNewTaskToReadyList
                0x08005a18       0xac CMakeFiles/project.elf.dir/Middlewares/Third_Party/FreeRTOS/Source/tasks.c.obj
 .text.prvDeleteTCB
                0x08005ac4       0x40 CMakeFiles/project.elf.dir/Middlewares/Third_Party/FreeRTOS/Source/tasks.c.obj
 .text.prvCheckTasksWaitingTermination
                0x08005b04       0x4c CMakeFiles/project.elf.dir/Middlewares/Third_Party/FreeRTOS/Source/tasks.c.obj
 .text.prvIdleTask
                0x08005b50       0x28 CMakeFiles/project.elf.dir/Middlewares/Third_Party/FreeRTOS/Source/tasks.c.obj
 .text.prvAddCurrentTaskToDelayedList
                0x08005b78       0x7c CMakeFiles/project.elf.dir/Middlewares/Third_Party/FreeRTOS/Source/tasks.c.obj
 .text.xTaskCreateStatic
                0x08005bf4       0x7a CMakeFiles/project.elf.dir/Middlewares/Third_Party/FreeRTOS/Source/tasks.c.obj
                0x08005bf4                xTaskCreateStatic
 .text.xTaskCreate
                0x08005c6e       0x66 CMakeFiles/project.elf.dir/Middlewares/Third_Party/FreeRTOS/Source/tasks.c.obj
                0x08005c6e                xTaskCreate
 .text.vTaskStartScheduler
                0x08005cd4       0xac CMakeFiles/project.elf.dir/Middlewares/Third_Party/FreeRTOS/Source/tasks.c.obj
                0x08005cd4                vTaskStartScheduler
 .text.vTaskSuspendAll
                0x08005d80       0x10 CMakeFiles/project.elf.dir/Middlewares/Third_Party/FreeRTOS/Source/tasks.c.obj
                0x08005d80                vTaskSuspendAll
 .text.xTaskGetTickCount
                0x08005d90        0xc CMakeFiles/project.elf.dir/Middlewares/Third_Party/FreeRTOS/Source/tasks.c.obj
                0x08005d90                xTaskGetTickCount
 .text.xTaskIncrementTick
                0x08005d9c      0x118 CMakeFiles/project.elf.dir/Middlewares/Third_Party/FreeRTOS/Source/tasks.c.obj
                0x08005d9c                xTaskIncrementTick
 .text.xTaskResumeAll
                0x08005eb4       0xf8 CMakeFiles/project.elf.dir/Middlewares/Third_Party/FreeRTOS/Source/tasks.c.obj
                0x08005eb4                xTaskResumeAll
 .text.vTaskDelay
                0x08005fac       0x4c CMakeFiles/project.elf.dir/Middlewares/Third_Party/FreeRTOS/Source/tasks.c.obj
                0x08005fac                vTaskDelay
 .text.vTaskSwitchContext
                0x08005ff8       0xa4 CMakeFiles/project.elf.dir/Middlewares/Third_Party/FreeRTOS/Source/tasks.c.obj
                0x08005ff8                vTaskSwitchContext
 .text.vTaskPlaceOnEventList
                0x0800609c       0x30 CMakeFiles/project.elf.dir/Middlewares/Third_Party/FreeRTOS/Source/tasks.c.obj
                0x0800609c                vTaskPlaceOnEventList
 .text.vTaskPlaceOnEventListRestricted
                0x080060cc       0x38 CMakeFiles/project.elf.dir/Middlewares/Third_Party/FreeRTOS/Source/tasks.c.obj
                0x080060cc                vTaskPlaceOnEventListRestricted
 .text.xTaskRemoveFromEventList
                0x08006104       0x8c CMakeFiles/project.elf.dir/Middlewares/Third_Party/FreeRTOS/Source/tasks.c.obj
                0x08006104                xTaskRemoveFromEventList
 .text.vTaskInternalSetTimeOutState
                0x08006190       0x18 CMakeFiles/project.elf.dir/Middlewares/Third_Party/FreeRTOS/Source/tasks.c.obj
                0x08006190                vTaskInternalSetTimeOutState
 .text.xTaskCheckForTimeOut
                0x080061a8       0x84 CMakeFiles/project.elf.dir/Middlewares/Third_Party/FreeRTOS/Source/tasks.c.obj
                0x080061a8                xTaskCheckForTimeOut
 .text.vTaskMissedYield
                0x0800622c        0xc CMakeFiles/project.elf.dir/Middlewares/Third_Party/FreeRTOS/Source/tasks.c.obj
                0x0800622c                vTaskMissedYield
 .text.xTaskGetSchedulerState
                0x08006238       0x20 CMakeFiles/project.elf.dir/Middlewares/Third_Party/FreeRTOS/Source/tasks.c.obj
                0x08006238                xTaskGetSchedulerState
 .text.xTaskPriorityDisinherit
                0x08006258       0x90 CMakeFiles/project.elf.dir/Middlewares/Third_Party/FreeRTOS/Source/tasks.c.obj
                0x08006258                xTaskPriorityDisinherit
 .text.prvGetNextExpireTime
                0x080062e8       0x20 CMakeFiles/project.elf.dir/Middlewares/Third_Party/FreeRTOS/Source/timers.c.obj
 .text.prvInsertTimerInActiveList
                0x08006308       0x48 CMakeFiles/project.elf.dir/Middlewares/Third_Party/FreeRTOS/Source/timers.c.obj
 .text.prvCheckForValidListAndQueue
                0x08006350       0x70 CMakeFiles/project.elf.dir/Middlewares/Third_Party/FreeRTOS/Source/timers.c.obj
 .text.xTimerCreateTimerTask
                0x080063c0       0x64 CMakeFiles/project.elf.dir/Middlewares/Third_Party/FreeRTOS/Source/timers.c.obj
                0x080063c0                xTimerCreateTimerTask
 .text.xTimerGenericCommand
                0x08006424       0x6c CMakeFiles/project.elf.dir/Middlewares/Third_Party/FreeRTOS/Source/timers.c.obj
                0x08006424                xTimerGenericCommand
 .text.prvSwitchTimerLists
                0x08006490       0x7c CMakeFiles/project.elf.dir/Middlewares/Third_Party/FreeRTOS/Source/timers.c.obj
 .text.prvSampleTimeNow
                0x0800650c       0x2c CMakeFiles/project.elf.dir/Middlewares/Third_Party/FreeRTOS/Source/timers.c.obj
 .text.prvProcessExpiredTimer
                0x08006538       0x6c CMakeFiles/project.elf.dir/Middlewares/Third_Party/FreeRTOS/Source/timers.c.obj
 .text.prvProcessTimerOrBlockTask
                0x080065a4       0x74 CMakeFiles/project.elf.dir/Middlewares/Third_Party/FreeRTOS/Source/timers.c.obj
 .text.prvProcessReceivedCommands
                0x08006618      0x10c CMakeFiles/project.elf.dir/Middlewares/Third_Party/FreeRTOS/Source/timers.c.obj
 .text.prvTimerTask
                0x08006724       0x16 CMakeFiles/project.elf.dir/Middlewares/Third_Party/FreeRTOS/Source/timers.c.obj
 *fill*         0x0800673a        0x2 
 .text.gimbal_Init
                0x0800673c       0x84 CMakeFiles/project.elf.dir/app/gimbal/gimbal.c.obj
                0x0800673c                gimbal_Init
 .text.dm_get_target_angle
                0x080067c0       0x74 CMakeFiles/project.elf.dir/app/gimbal/gimbal.c.obj
                0x080067c0                dm_get_target_angle
 .text.gimbal_shoot
                0x08006834      0x144 CMakeFiles/project.elf.dir/app/gimbal/gimbal.c.obj
                0x08006834                gimbal_shoot
 .text.gimbal_dm
                0x08006978       0x3c CMakeFiles/project.elf.dir/app/gimbal/gimbal.c.obj
                0x08006978                gimbal_dm
 .text.CANServiceInit
                0x080069b4       0x20 CMakeFiles/project.elf.dir/bsp/can/bsp_can.c.obj
 .text.CAN_Filter_Init
                0x080069d4       0x60 CMakeFiles/project.elf.dir/bsp/can/bsp_can.c.obj
                0x080069d4                CAN_Filter_Init
 .text.cmd_motor
                0x08006a34       0x5c CMakeFiles/project.elf.dir/bsp/can/bsp_can.c.obj
                0x08006a34                cmd_motor
 .text.cmd_trans
                0x08006a90       0x5c CMakeFiles/project.elf.dir/bsp/can/bsp_can.c.obj
                0x08006a90                cmd_trans
 .text.cmd_motor_dm
                0x08006aec       0x74 CMakeFiles/project.elf.dir/bsp/can/bsp_can.c.obj
                0x08006aec                cmd_motor_dm
 .text.decode_motor_measure
                0x08006b60       0x7c CMakeFiles/project.elf.dir/bsp/can/bsp_can.c.obj
                0x08006b60                decode_motor_measure
 .text.decode_message_measure
                0x08006bdc       0x2a CMakeFiles/project.elf.dir/bsp/can/bsp_can.c.obj
                0x08006bdc                decode_message_measure
 *fill*         0x08006c06        0x2 
 .text.decode_dr16_sw
                0x08006c08       0x14 CMakeFiles/project.elf.dir/bsp/can/bsp_can.c.obj
                0x08006c08                decode_dr16_sw
 .text.decode_motor_dm
                0x08006c1c       0x2c CMakeFiles/project.elf.dir/bsp/can/bsp_can.c.obj
                0x08006c1c                decode_motor_dm
 .text.HAL_CAN_RxFifo0MsgPendingCallback
                0x08006c48      0x134 CMakeFiles/project.elf.dir/bsp/can/bsp_can.c.obj
                0x08006c48                HAL_CAN_RxFifo0MsgPendingCallback
 .text.HAL_CAN_RxFifo1MsgPendingCallback
                0x08006d7c       0xdc CMakeFiles/project.elf.dir/bsp/can/bsp_can.c.obj
                0x08006d7c                HAL_CAN_RxFifo1MsgPendingCallback
 .text.pid_Init
                0x08006e58       0x38 CMakeFiles/project.elf.dir/calculate/pid/bsp_pid.c.obj
                0x08006e58                pid_Init
 .text.PID_calc
                0x08006e90       0xe0 CMakeFiles/project.elf.dir/calculate/pid/bsp_pid.c.obj
                0x08006e90                PID_calc
 .text.BMI088_read_single_acc
                0x08006f70       0x7c CMakeFiles/project.elf.dir/modules/IMU/BMI088.c.obj
                0x08006f70                BMI088_read_single_acc
 .text.BMI088_read_single_gyro
                0x08006fec       0x64 CMakeFiles/project.elf.dir/modules/IMU/BMI088.c.obj
                0x08006fec                BMI088_read_single_gyro
 .text.BMI088_read_acc_reg
                0x08007050       0x90 CMakeFiles/project.elf.dir/modules/IMU/BMI088.c.obj
                0x08007050                BMI088_read_acc_reg
 .text.BMI088_read_gyro_reg
                0x080070e0       0x78 CMakeFiles/project.elf.dir/modules/IMU/BMI088.c.obj
                0x080070e0                BMI088_read_gyro_reg
 .text.BMI088_write_gyro
                0x08007158       0x70 CMakeFiles/project.elf.dir/modules/IMU/BMI088.c.obj
                0x08007158                BMI088_write_gyro
 .text.BMI088_write_acc
                0x080071c8       0x70 CMakeFiles/project.elf.dir/modules/IMU/BMI088.c.obj
                0x080071c8                BMI088_write_acc
 .text.BMI088_CONF_INIT
                0x08007238       0x58 CMakeFiles/project.elf.dir/modules/IMU/BMI088.c.obj
                0x08007238                BMI088_CONF_INIT
 .text.ReadAccData
                0x08007290       0x78 CMakeFiles/project.elf.dir/modules/IMU/BMI088.c.obj
                0x08007290                ReadAccData
 .text.ReadGyroData
                0x08007308       0x78 CMakeFiles/project.elf.dir/modules/IMU/BMI088.c.obj
                0x08007308                ReadGyroData
 .text.ReadAccSensorTime
                0x08007380       0x98 CMakeFiles/project.elf.dir/modules/IMU/BMI088.c.obj
                0x08007380                ReadAccSensorTime
 .text.ReadAccTemperature
                0x08007418       0x50 CMakeFiles/project.elf.dir/modules/IMU/BMI088.c.obj
                0x08007418                ReadAccTemperature
 .text.BMI088_getdata
                0x08007468       0x1c CMakeFiles/project.elf.dir/modules/IMU/BMI088.c.obj
                0x08007468                BMI088_getdata
 .text.IMU_Init
                0x08007484       0x10 CMakeFiles/project.elf.dir/modules/IMU/IMU.c.obj
                0x08007484                IMU_Init
 .text.BMI088_Read_Gyro_Data
                0x08007494       0x1c CMakeFiles/project.elf.dir/modules/IMU/IMU.c.obj
                0x08007494                BMI088_Read_Gyro_Data
 .text.BMI088_Read_Acc_Data
                0x080074b0       0x38 CMakeFiles/project.elf.dir/modules/IMU/IMU.c.obj
                0x080074b0                BMI088_Read_Acc_Data
 .text.IMU_Read
                0x080074e8       0x90 CMakeFiles/project.elf.dir/modules/IMU/IMU.c.obj
                0x080074e8                IMU_Read
 .text.LPF2     0x08007578       0x8c CMakeFiles/project.elf.dir/modules/IMU/IMU.c.obj
                0x08007578                LPF2
 .text.IMU_Filter
                0x08007604       0x98 CMakeFiles/project.elf.dir/modules/IMU/IMU.c.obj
                0x08007604                IMU_Filter
 .text.IMU_Normalization
                0x0800769c      0x188 CMakeFiles/project.elf.dir/modules/IMU/IMU.c.obj
                0x0800769c                IMU_Normalization
 .text.IMU_GetValue
                0x08007824       0x1c CMakeFiles/project.elf.dir/modules/IMU/IMU.c.obj
                0x08007824                IMU_GetValue
 .text.HAL_UART_RxCpltCallback
                0x08007840      0x23c CMakeFiles/project.elf.dir/modules/dr16/dr16.c.obj
                0x08007840                HAL_UART_RxCpltCallback
 .text.Motor_DM_Init
                0x08007a7c       0x70 CMakeFiles/project.elf.dir/modules/motors/dm/motor_dm.c.obj
                0x08007a7c                Motor_DM_Init
 .text.Motor_dm_send
                0x08007aec       0x30 CMakeFiles/project.elf.dir/modules/motors/dm/motor_dm.c.obj
                0x08007aec                Motor_dm_send
 .text.Motor_DM_Send_Enter
                0x08007b1c       0x18 CMakeFiles/project.elf.dir/modules/motors/dm/motor_dm.c.obj
                0x08007b1c                Motor_DM_Send_Enter
 .text.Motor_DM_Send_Exit
                0x08007b34       0x18 CMakeFiles/project.elf.dir/modules/motors/dm/motor_dm.c.obj
                0x08007b34                Motor_DM_Send_Exit
 .text.Math_Int_To_Float
                0x08007b4c       0x26 CMakeFiles/project.elf.dir/modules/motors/dm/motor_dm.c.obj
                0x08007b4c                Math_Int_To_Float
 *fill*         0x08007b72        0x2 
 .text.Motor_DM_Normal_Data_Process
                0x08007b74       0xe4 CMakeFiles/project.elf.dir/modules/motors/dm/motor_dm.c.obj
                0x08007b74                Motor_DM_Normal_Data_Process
 .text.Motor_DM_Get_Control_Angle
                0x08007c58        0xc CMakeFiles/project.elf.dir/modules/motors/dm/motor_dm.c.obj
                0x08007c58                Motor_DM_Get_Control_Angle
 .text.__udivmoddi4
                0x08007c64      0x2bc E:/Clion/toolchain/arm-none-eabi/13.3 rel1/bin/../lib/gcc/arm-none-eabi/13.3.1/thumb/v7e-m+fp/hard\libgcc.a(_udivmoddi4.o)
                0x08007c64                __udivmoddi4
 .text.stdio_exit_handler
                0x08007f20       0x18 E:/Clion/toolchain/arm-none-eabi/13.3 rel1/bin/../lib/gcc/arm-none-eabi/13.3.1/thumb/v7e-m+fp/hard\libg.a(libc_a-findfp.o)
 .text.cleanup_stdio
                0x08007f38       0x40 E:/Clion/toolchain/arm-none-eabi/13.3 rel1/bin/../lib/gcc/arm-none-eabi/13.3.1/thumb/v7e-m+fp/hard\libg.a(libc_a-findfp.o)
 .text.global_stdio_init.part.0
                0x08007f78       0xf0 E:/Clion/toolchain/arm-none-eabi/13.3 rel1/bin/../lib/gcc/arm-none-eabi/13.3.1/thumb/v7e-m+fp/hard\libg.a(libc_a-findfp.o)
 .text.__sinit  0x08008068       0x3c E:/Clion/toolchain/arm-none-eabi/13.3 rel1/bin/../lib/gcc/arm-none-eabi/13.3.1/thumb/v7e-m+fp/hard\libg.a(libc_a-findfp.o)
                0x08008068                __sinit
 .text.__sfp_lock_acquire
                0x080080a4        0xc E:/Clion/toolchain/arm-none-eabi/13.3 rel1/bin/../lib/gcc/arm-none-eabi/13.3.1/thumb/v7e-m+fp/hard\libg.a(libc_a-findfp.o)
                0x080080a4                __sfp_lock_acquire
 .text.__sfp_lock_release
                0x080080b0        0xc E:/Clion/toolchain/arm-none-eabi/13.3 rel1/bin/../lib/gcc/arm-none-eabi/13.3.1/thumb/v7e-m+fp/hard\libg.a(libc_a-findfp.o)
                0x080080b0                __sfp_lock_release
 .text._fwalk_sglue
                0x080080bc       0x44 E:/Clion/toolchain/arm-none-eabi/13.3 rel1/bin/../lib/gcc/arm-none-eabi/13.3.1/thumb/v7e-m+fp/hard\libg.a(libc_a-fwalk.o)
                0x080080bc                _fwalk_sglue
 .text.sprintf  0x08008100       0x44 E:/Clion/toolchain/arm-none-eabi/13.3 rel1/bin/../lib/gcc/arm-none-eabi/13.3.1/thumb/v7e-m+fp/hard\libg.a(libc_a-sprintf.o)
                0x08008100                sprintf
 .text.__sread  0x08008144       0x24 E:/Clion/toolchain/arm-none-eabi/13.3 rel1/bin/../lib/gcc/arm-none-eabi/13.3.1/thumb/v7e-m+fp/hard\libg.a(libc_a-stdio.o)
                0x08008144                __sread
 .text.__swrite
                0x08008168       0x40 E:/Clion/toolchain/arm-none-eabi/13.3 rel1/bin/../lib/gcc/arm-none-eabi/13.3.1/thumb/v7e-m+fp/hard\libg.a(libc_a-stdio.o)
                0x08008168                __swrite
 .text.__sseek  0x080081a8       0x24 E:/Clion/toolchain/arm-none-eabi/13.3 rel1/bin/../lib/gcc/arm-none-eabi/13.3.1/thumb/v7e-m+fp/hard\libg.a(libc_a-stdio.o)
                0x080081a8                __sseek
 .text.__sclose
                0x080081cc        0x8 E:/Clion/toolchain/arm-none-eabi/13.3 rel1/bin/../lib/gcc/arm-none-eabi/13.3.1/thumb/v7e-m+fp/hard\libg.a(libc_a-stdio.o)
                0x080081cc                __sclose
 .text.memset   0x080081d4       0xa4 E:/Clion/toolchain/arm-none-eabi/13.3 rel1/bin/../lib/gcc/arm-none-eabi/13.3.1/thumb/v7e-m+fp/hard\libg.a(libc_a-memset.o)
                0x080081d4                memset
 .text._close_r
                0x08008278       0x24 E:/Clion/toolchain/arm-none-eabi/13.3 rel1/bin/../lib/gcc/arm-none-eabi/13.3.1/thumb/v7e-m+fp/hard\libg.a(libc_a-closer.o)
                0x08008278                _close_r
 .text._reclaim_reent
                0x0800829c       0x6c E:/Clion/toolchain/arm-none-eabi/13.3 rel1/bin/../lib/gcc/arm-none-eabi/13.3.1/thumb/v7e-m+fp/hard\libg.a(libc_a-reent.o)
                0x0800829c                _reclaim_reent
 .text._lseek_r
                0x08008308       0x2c E:/Clion/toolchain/arm-none-eabi/13.3 rel1/bin/../lib/gcc/arm-none-eabi/13.3.1/thumb/v7e-m+fp/hard\libg.a(libc_a-lseekr.o)
                0x08008308                _lseek_r
 .text._read_r  0x08008334       0x2c E:/Clion/toolchain/arm-none-eabi/13.3 rel1/bin/../lib/gcc/arm-none-eabi/13.3.1/thumb/v7e-m+fp/hard\libg.a(libc_a-readr.o)
                0x08008334                _read_r
 .text._write_r
                0x08008360       0x2c E:/Clion/toolchain/arm-none-eabi/13.3 rel1/bin/../lib/gcc/arm-none-eabi/13.3.1/thumb/v7e-m+fp/hard\libg.a(libc_a-writer.o)
                0x08008360                _write_r
 .text.__errno  0x0800838c        0xc E:/Clion/toolchain/arm-none-eabi/13.3 rel1/bin/../lib/gcc/arm-none-eabi/13.3.1/thumb/v7e-m+fp/hard\libg.a(libc_a-errno.o)
                0x0800838c                __errno
 .text.__libc_init_array
                0x08008398       0x50 E:/Clion/toolchain/arm-none-eabi/13.3 rel1/bin/../lib/gcc/arm-none-eabi/13.3.1/thumb/v7e-m+fp/hard\libg.a(libc_a-init.o)
                0x08008398                __libc_init_array
 .text.__retarget_lock_init_recursive
                0x080083e8        0x4 E:/Clion/toolchain/arm-none-eabi/13.3 rel1/bin/../lib/gcc/arm-none-eabi/13.3.1/thumb/v7e-m+fp/hard\libg.a(libc_a-lock.o)
                0x080083e8                __retarget_lock_init_recursive
 .text.__retarget_lock_close_recursive
                0x080083ec        0x4 E:/Clion/toolchain/arm-none-eabi/13.3 rel1/bin/../lib/gcc/arm-none-eabi/13.3.1/thumb/v7e-m+fp/hard\libg.a(libc_a-lock.o)
                0x080083ec                __retarget_lock_close_recursive
 .text.__retarget_lock_acquire_recursive
                0x080083f0        0x4 E:/Clion/toolchain/arm-none-eabi/13.3 rel1/bin/../lib/gcc/arm-none-eabi/13.3.1/thumb/v7e-m+fp/hard\libg.a(libc_a-lock.o)
                0x080083f0                __retarget_lock_acquire_recursive
 .text.__retarget_lock_release_recursive
                0x080083f4        0x4 E:/Clion/toolchain/arm-none-eabi/13.3 rel1/bin/../lib/gcc/arm-none-eabi/13.3.1/thumb/v7e-m+fp/hard\libg.a(libc_a-lock.o)
                0x080083f4                __retarget_lock_release_recursive
 .text.startup.register_fini
                0x080083f8       0x14 E:/Clion/toolchain/arm-none-eabi/13.3 rel1/bin/../lib/gcc/arm-none-eabi/13.3.1/thumb/v7e-m+fp/hard\libg.a(libc_a-__call_atexit.o)
 .text.atexit   0x0800840c        0xc E:/Clion/toolchain/arm-none-eabi/13.3 rel1/bin/../lib/gcc/arm-none-eabi/13.3.1/thumb/v7e-m+fp/hard\libg.a(libc_a-atexit.o)
                0x0800840c                atexit
 .text._malloc_trim_r
                0x08008418       0xb8 E:/Clion/toolchain/arm-none-eabi/13.3 rel1/bin/../lib/gcc/arm-none-eabi/13.3.1/thumb/v7e-m+fp/hard\libg.a(libc_a-freer.o)
                0x08008418                _malloc_trim_r
 .text._free_r  0x080084d0      0x1f8 E:/Clion/toolchain/arm-none-eabi/13.3 rel1/bin/../lib/gcc/arm-none-eabi/13.3.1/thumb/v7e-m+fp/hard\libg.a(libc_a-freer.o)
                0x080084d0                _free_r
 .text._malloc_r
                0x080086c8      0x564 E:/Clion/toolchain/arm-none-eabi/13.3 rel1/bin/../lib/gcc/arm-none-eabi/13.3.1/thumb/v7e-m+fp/hard\libg.a(libc_a-mallocr.o)
                0x080086c8                _malloc_r
 .text.__malloc_lock
                0x08008c2c        0xc E:/Clion/toolchain/arm-none-eabi/13.3 rel1/bin/../lib/gcc/arm-none-eabi/13.3.1/thumb/v7e-m+fp/hard\libg.a(libc_a-mlock.o)
                0x08008c2c                __malloc_lock
 .text.__malloc_unlock
                0x08008c38        0xc E:/Clion/toolchain/arm-none-eabi/13.3 rel1/bin/../lib/gcc/arm-none-eabi/13.3.1/thumb/v7e-m+fp/hard\libg.a(libc_a-mlock.o)
                0x08008c38                __malloc_unlock
 *fill*         0x08008c44        0x4 
 .text._svfprintf_r
                0x08008c48     0x1b3c E:/Clion/toolchain/arm-none-eabi/13.3 rel1/bin/../lib/gcc/arm-none-eabi/13.3.1/thumb/v7e-m+fp/hard\libg.a(libc_a-svfprintf.o)
                0x08008c48                _svfprintf_r
 .text.__ssprint_r
                0x0800a784       0x58 E:/Clion/toolchain/arm-none-eabi/13.3 rel1/bin/../lib/gcc/arm-none-eabi/13.3.1/thumb/v7e-m+fp/hard\libg.a(libc_a-ssprint_r.o)
                0x0800a784                __ssprint_r
 .text._fclose_r
                0x0800a7dc       0xc0 E:/Clion/toolchain/arm-none-eabi/13.3 rel1/bin/../lib/gcc/arm-none-eabi/13.3.1/thumb/v7e-m+fp/hard\libg.a(libc_a-fclose.o)
                0x0800a7dc                _fclose_r
 .text.__sflush_r
                0x0800a89c      0x138 E:/Clion/toolchain/arm-none-eabi/13.3 rel1/bin/../lib/gcc/arm-none-eabi/13.3.1/thumb/v7e-m+fp/hard\libg.a(libc_a-fflush.o)
                0x0800a89c                __sflush_r
 .text._fflush_r
                0x0800a9d4       0x54 E:/Clion/toolchain/arm-none-eabi/13.3 rel1/bin/../lib/gcc/arm-none-eabi/13.3.1/thumb/v7e-m+fp/hard\libg.a(libc_a-fflush.o)
                0x0800a9d4                _fflush_r
 .text.strncpy  0x0800aa28       0x68 E:/Clion/toolchain/arm-none-eabi/13.3 rel1/bin/../lib/gcc/arm-none-eabi/13.3.1/thumb/v7e-m+fp/hard\libg.a(libc_a-strncpy.o)
                0x0800aa28                strncpy
 .text.__locale_mb_cur_max
                0x0800aa90        0xc E:/Clion/toolchain/arm-none-eabi/13.3 rel1/bin/../lib/gcc/arm-none-eabi/13.3.1/thumb/v7e-m+fp/hard\libg.a(libc_a-locale.o)
                0x0800aa90                __locale_mb_cur_max
 .text._localeconv_r
                0x0800aa9c        0x8 E:/Clion/toolchain/arm-none-eabi/13.3 rel1/bin/../lib/gcc/arm-none-eabi/13.3.1/thumb/v7e-m+fp/hard\libg.a(libc_a-localeconv.o)
                0x0800aa9c                _localeconv_r
 .text._sbrk_r  0x0800aaa4       0x24 E:/Clion/toolchain/arm-none-eabi/13.3 rel1/bin/../lib/gcc/arm-none-eabi/13.3.1/thumb/v7e-m+fp/hard\libg.a(libc_a-sbrkr.o)
                0x0800aaa4                _sbrk_r
 .text.__libc_fini_array
                0x0800aac8       0x28 E:/Clion/toolchain/arm-none-eabi/13.3 rel1/bin/../lib/gcc/arm-none-eabi/13.3.1/thumb/v7e-m+fp/hard\libg.a(libc_a-fini.o)
                0x0800aac8                __libc_fini_array
 .text.sysconf  0x0800aaf0       0x1c E:/Clion/toolchain/arm-none-eabi/13.3 rel1/bin/../lib/gcc/arm-none-eabi/13.3.1/thumb/v7e-m+fp/hard\libg.a(libc_a-sysconf.o)
                0x0800aaf0                sysconf
 .text.frexp    0x0800ab0c       0x64 E:/Clion/toolchain/arm-none-eabi/13.3 rel1/bin/../lib/gcc/arm-none-eabi/13.3.1/thumb/v7e-m+fp/hard\libg.a(libm_a-s_frexp.o)
                0x0800ab0c                frexp
 .text.__register_exitproc
                0x0800ab70       0x80 E:/Clion/toolchain/arm-none-eabi/13.3 rel1/bin/../lib/gcc/arm-none-eabi/13.3.1/thumb/v7e-m+fp/hard\libg.a(libc_a-__atexit.o)
                0x0800ab70                __register_exitproc
 .text.quorem   0x0800abf0      0x12c E:/Clion/toolchain/arm-none-eabi/13.3 rel1/bin/../lib/gcc/arm-none-eabi/13.3.1/thumb/v7e-m+fp/hard\libg.a(libc_a-dtoa.o)
 *fill*         0x0800ad1c        0x4 
 .text._dtoa_r  0x0800ad20      0xe80 E:/Clion/toolchain/arm-none-eabi/13.3 rel1/bin/../lib/gcc/arm-none-eabi/13.3.1/thumb/v7e-m+fp/hard\libg.a(libc_a-dtoa.o)
                0x0800ad20                _dtoa_r
 .text.__ascii_mbtowc
                0x0800bba0       0x2c E:/Clion/toolchain/arm-none-eabi/13.3 rel1/bin/../lib/gcc/arm-none-eabi/13.3.1/thumb/v7e-m+fp/hard\libg.a(libc_a-mbtowc_r.o)
                0x0800bba0                __ascii_mbtowc
 .text._Balloc  0x0800bbcc       0x4c E:/Clion/toolchain/arm-none-eabi/13.3 rel1/bin/../lib/gcc/arm-none-eabi/13.3.1/thumb/v7e-m+fp/hard\libg.a(libc_a-mprec.o)
                0x0800bbcc                _Balloc
 .text._Bfree   0x0800bc18       0x14 E:/Clion/toolchain/arm-none-eabi/13.3 rel1/bin/../lib/gcc/arm-none-eabi/13.3.1/thumb/v7e-m+fp/hard\libg.a(libc_a-mprec.o)
                0x0800bc18                _Bfree
 .text.__multadd
                0x0800bc2c       0xa0 E:/Clion/toolchain/arm-none-eabi/13.3 rel1/bin/../lib/gcc/arm-none-eabi/13.3.1/thumb/v7e-m+fp/hard\libg.a(libc_a-mprec.o)
                0x0800bc2c                __multadd
 .text.__hi0bits
                0x0800bccc       0x44 E:/Clion/toolchain/arm-none-eabi/13.3 rel1/bin/../lib/gcc/arm-none-eabi/13.3.1/thumb/v7e-m+fp/hard\libg.a(libc_a-mprec.o)
                0x0800bccc                __hi0bits
 .text.__lo0bits
                0x0800bd10       0x60 E:/Clion/toolchain/arm-none-eabi/13.3 rel1/bin/../lib/gcc/arm-none-eabi/13.3.1/thumb/v7e-m+fp/hard\libg.a(libc_a-mprec.o)
                0x0800bd10                __lo0bits
 .text.__i2b    0x0800bd70       0x5c E:/Clion/toolchain/arm-none-eabi/13.3 rel1/bin/../lib/gcc/arm-none-eabi/13.3.1/thumb/v7e-m+fp/hard\libg.a(libc_a-mprec.o)
                0x0800bd70                __i2b
 .text.__multiply
                0x0800bdcc      0x16c E:/Clion/toolchain/arm-none-eabi/13.3 rel1/bin/../lib/gcc/arm-none-eabi/13.3.1/thumb/v7e-m+fp/hard\libg.a(libc_a-mprec.o)
                0x0800bdcc                __multiply
 .text.__pow5mult
                0x0800bf38       0xb4 E:/Clion/toolchain/arm-none-eabi/13.3 rel1/bin/../lib/gcc/arm-none-eabi/13.3.1/thumb/v7e-m+fp/hard\libg.a(libc_a-mprec.o)
                0x0800bf38                __pow5mult
 .text.__lshift
                0x0800bfec       0xf0 E:/Clion/toolchain/arm-none-eabi/13.3 rel1/bin/../lib/gcc/arm-none-eabi/13.3.1/thumb/v7e-m+fp/hard\libg.a(libc_a-mprec.o)
                0x0800bfec                __lshift
 .text.__mcmp   0x0800c0dc       0x44 E:/Clion/toolchain/arm-none-eabi/13.3 rel1/bin/../lib/gcc/arm-none-eabi/13.3.1/thumb/v7e-m+fp/hard\libg.a(libc_a-mprec.o)
                0x0800c0dc                __mcmp
 .text.__mdiff  0x0800c120      0x178 E:/Clion/toolchain/arm-none-eabi/13.3 rel1/bin/../lib/gcc/arm-none-eabi/13.3.1/thumb/v7e-m+fp/hard\libg.a(libc_a-mprec.o)
                0x0800c120                __mdiff
 .text.__d2b    0x0800c298       0xc0 E:/Clion/toolchain/arm-none-eabi/13.3 rel1/bin/../lib/gcc/arm-none-eabi/13.3.1/thumb/v7e-m+fp/hard\libg.a(libc_a-mprec.o)
                0x0800c298                __d2b
 .text.__ascii_wctomb
                0x0800c358       0x1c E:/Clion/toolchain/arm-none-eabi/13.3 rel1/bin/../lib/gcc/arm-none-eabi/13.3.1/thumb/v7e-m+fp/hard\libg.a(libc_a-wctomb_r.o)
                0x0800c358                __ascii_wctomb
 .text._wcrtomb_r
                0x0800c374       0x4c E:/Clion/toolchain/arm-none-eabi/13.3 rel1/bin/../lib/gcc/arm-none-eabi/13.3.1/thumb/v7e-m+fp/hard\libg.a(libc_a-wcrtomb.o)
                0x0800c374                _wcrtomb_r
 .text._wcsrtombs_r
                0x0800c3c0       0x18 E:/Clion/toolchain/arm-none-eabi/13.3 rel1/bin/../lib/gcc/arm-none-eabi/13.3.1/thumb/v7e-m+fp/hard\libg.a(libc_a-wcsrtombs.o)
                0x0800c3c0                _wcsrtombs_r
 .text.__ssputs_r
                0x0800c3d8       0xc0 E:/Clion/toolchain/arm-none-eabi/13.3 rel1/bin/../lib/gcc/arm-none-eabi/13.3.1/thumb/v7e-m+fp/hard\libg.a(libc_a-ssputs_r.o)
                0x0800c3d8                __ssputs_r
 .text.memmove  0x0800c498      0x100 E:/Clion/toolchain/arm-none-eabi/13.3 rel1/bin/../lib/gcc/arm-none-eabi/13.3.1/thumb/v7e-m+fp/hard\libg.a(libc_a-memmove.o)
                0x0800c498                memmove
 .text.__assert_func
                0x0800c598       0x40 E:/Clion/toolchain/arm-none-eabi/13.3 rel1/bin/../lib/gcc/arm-none-eabi/13.3.1/thumb/v7e-m+fp/hard\libg.a(libc_a-assert.o)
                0x0800c598                __assert_func
 .text._calloc_r
                0x0800c5d8       0x6c E:/Clion/toolchain/arm-none-eabi/13.3 rel1/bin/../lib/gcc/arm-none-eabi/13.3.1/thumb/v7e-m+fp/hard\libg.a(libc_a-callocr.o)
                0x0800c5d8                _calloc_r
 .text._realloc_r
                0x0800c644      0x344 E:/Clion/toolchain/arm-none-eabi/13.3 rel1/bin/../lib/gcc/arm-none-eabi/13.3.1/thumb/v7e-m+fp/hard\libg.a(libc_a-reallocr.o)
                0x0800c644                _realloc_r
 .text._wcsnrtombs_l
                0x0800c988       0xfc E:/Clion/toolchain/arm-none-eabi/13.3 rel1/bin/../lib/gcc/arm-none-eabi/13.3.1/thumb/v7e-m+fp/hard\libg.a(libc_a-wcsnrtombs.o)
                0x0800c988                _wcsnrtombs_l
 .text._wcsnrtombs_r
                0x0800ca84       0x24 E:/Clion/toolchain/arm-none-eabi/13.3 rel1/bin/../lib/gcc/arm-none-eabi/13.3.1/thumb/v7e-m+fp/hard\libg.a(libc_a-wcsnrtombs.o)
                0x0800ca84                _wcsnrtombs_r
 .text.fiprintf
                0x0800caa8       0x28 E:/Clion/toolchain/arm-none-eabi/13.3 rel1/bin/../lib/gcc/arm-none-eabi/13.3.1/thumb/v7e-m+fp/hard\libg.a(libc_a-fiprintf.o)
                0x0800caa8                fiprintf
 .text._vfiprintf_r
                0x0800cad0      0xe68 E:/Clion/toolchain/arm-none-eabi/13.3 rel1/bin/../lib/gcc/arm-none-eabi/13.3.1/thumb/v7e-m+fp/hard\libg.a(libc_a-vfiprintf.o)
                0x0800cad0                _vfiprintf_r
 .text.__sbprintf
                0x0800d938       0x80 E:/Clion/toolchain/arm-none-eabi/13.3 rel1/bin/../lib/gcc/arm-none-eabi/13.3.1/thumb/v7e-m+fp/hard\libg.a(libc_a-vfiprintf.o)
 .text.__sprint_r
                0x0800d9b8       0x20 E:/Clion/toolchain/arm-none-eabi/13.3 rel1/bin/../lib/gcc/arm-none-eabi/13.3.1/thumb/v7e-m+fp/hard\libg.a(libc_a-sprint_r.o)
                0x0800d9b8                __sprint_r
 .text.__sfvwrite_r
                0x0800d9d8      0x300 E:/Clion/toolchain/arm-none-eabi/13.3 rel1/bin/../lib/gcc/arm-none-eabi/13.3.1/thumb/v7e-m+fp/hard\libg.a(libc_a-fvwrite.o)
                0x0800d9d8                __sfvwrite_r
 .text.__swsetup_r
                0x0800dcd8       0xc4 E:/Clion/toolchain/arm-none-eabi/13.3 rel1/bin/../lib/gcc/arm-none-eabi/13.3.1/thumb/v7e-m+fp/hard\libg.a(libc_a-wsetup.o)
                0x0800dcd8                __swsetup_r
 .text.abort    0x0800dd9c       0x10 E:/Clion/toolchain/arm-none-eabi/13.3 rel1/bin/../lib/gcc/arm-none-eabi/13.3.1/thumb/v7e-m+fp/hard\libg.a(libc_a-abort.o)
                0x0800dd9c                abort
 .text.__smakebuf_r
                0x0800ddac       0xdc E:/Clion/toolchain/arm-none-eabi/13.3 rel1/bin/../lib/gcc/arm-none-eabi/13.3.1/thumb/v7e-m+fp/hard\libg.a(libc_a-makebuf.o)
                0x0800ddac                __smakebuf_r
 .text.raise    0x0800de88       0x58 E:/Clion/toolchain/arm-none-eabi/13.3 rel1/bin/../lib/gcc/arm-none-eabi/13.3.1/thumb/v7e-m+fp/hard\libg.a(libc_a-signal.o)
                0x0800de88                raise
 .text._fstat_r
                0x0800dee0       0x2c E:/Clion/toolchain/arm-none-eabi/13.3 rel1/bin/../lib/gcc/arm-none-eabi/13.3.1/thumb/v7e-m+fp/hard\libg.a(libc_a-fstatr.o)
                0x0800dee0                _fstat_r
 .text._isatty_r
                0x0800df0c       0x24 E:/Clion/toolchain/arm-none-eabi/13.3 rel1/bin/../lib/gcc/arm-none-eabi/13.3.1/thumb/v7e-m+fp/hard\libg.a(libc_a-isattyr.o)
                0x0800df0c                _isatty_r
 .text._kill_r  0x0800df30       0x2c E:/Clion/toolchain/arm-none-eabi/13.3 rel1/bin/../lib/gcc/arm-none-eabi/13.3.1/thumb/v7e-m+fp/hard\libg.a(libc_a-signalr.o)
                0x0800df30                _kill_r
 .text._getpid_r
                0x0800df5c        0x4 E:/Clion/toolchain/arm-none-eabi/13.3 rel1/bin/../lib/gcc/arm-none-eabi/13.3.1/thumb/v7e-m+fp/hard\libg.a(libc_a-signalr.o)
                0x0800df5c                _getpid_r
 *(.glue_7)
 .glue_7        0x0800df60        0x0 linker stubs
 *(.glue_7t)
 .glue_7t       0x0800df60        0x0 linker stubs
 *(.eh_frame)
 .eh_frame      0x0800df60        0x0 E:/Clion/toolchain/arm-none-eabi/13.3 rel1/bin/../lib/gcc/arm-none-eabi/13.3.1/thumb/v7e-m+fp/hard/crtbegin.o
 *(.init)
 .init          0x0800df60        0x4 E:/Clion/toolchain/arm-none-eabi/13.3 rel1/bin/../lib/gcc/arm-none-eabi/13.3.1/thumb/v7e-m+fp/hard/crti.o
                0x0800df60                _init
 .init          0x0800df64        0x8 E:/Clion/toolchain/arm-none-eabi/13.3 rel1/bin/../lib/gcc/arm-none-eabi/13.3.1/thumb/v7e-m+fp/hard/crtn.o
 *(.fini)
 .fini          0x0800df6c        0x4 E:/Clion/toolchain/arm-none-eabi/13.3 rel1/bin/../lib/gcc/arm-none-eabi/13.3.1/thumb/v7e-m+fp/hard/crti.o
                0x0800df6c                _fini
 .fini          0x0800df70        0x8 E:/Clion/toolchain/arm-none-eabi/13.3 rel1/bin/../lib/gcc/arm-none-eabi/13.3.1/thumb/v7e-m+fp/hard/crtn.o
                0x0800df78                        . = ALIGN (0x4)
                0x0800df78                        _etext = .

.vfp11_veneer   0x0800df78        0x0
 .vfp11_veneer  0x0800df78        0x0 linker stubs

.v4_bx          0x0800df78        0x0
 .v4_bx         0x0800df78        0x0 linker stubs

.iplt           0x0800df78        0x0
 .iplt          0x0800df78        0x0 E:/Clion/toolchain/arm-none-eabi/13.3 rel1/bin/../lib/gcc/arm-none-eabi/13.3.1/thumb/v7e-m+fp/hard/crtbegin.o

.rodata         0x0800df78      0x4bc
                0x0800df78                        . = ALIGN (0x4)
 *(.rodata)
 *(.rodata*)
 .rodata.gimbal_task.str1.4
                0x0800df78      0x1eb CMakeFiles/project.elf.dir/Core/Src/freertos.c.obj
                                  0xe (size before relaxing)
 .rodata.str1.4
                0x0800e163       0x1c CMakeFiles/project.elf.dir/Core/Src/freertos.c.obj
 *fill*         0x0800e163        0x1 
 .rodata.gimbal_attributes
                0x0800e164       0x24 CMakeFiles/project.elf.dir/Core/Src/freertos.c.obj
                0x0800e164                gimbal_attributes
 .rodata.chassis_attributes
                0x0800e188       0x24 CMakeFiles/project.elf.dir/Core/Src/freertos.c.obj
                0x0800e188                chassis_attributes
 .rodata.defaultTask_attributes
                0x0800e1ac       0x24 CMakeFiles/project.elf.dir/Core/Src/freertos.c.obj
                0x0800e1ac                defaultTask_attributes
 .rodata.APBPrescTable
                0x0800e1d0        0x8 CMakeFiles/project.elf.dir/Core/Src/system_stm32f4xx.c.obj
                0x0800e1d0                APBPrescTable
 .rodata.AHBPrescTable
                0x0800e1d8       0x10 CMakeFiles/project.elf.dir/Core/Src/system_stm32f4xx.c.obj
                0x0800e1d8                AHBPrescTable
 .rodata.flagBitshiftOffset.0
                0x0800e1e8        0x8 CMakeFiles/project.elf.dir/Drivers/STM32F4xx_HAL_Driver/Src/stm32f4xx_hal_dma.c.obj
 .rodata.vTaskStartScheduler.str1.4
                0x0800e1f0        0x5 CMakeFiles/project.elf.dir/Middlewares/Third_Party/FreeRTOS/Source/tasks.c.obj
 .rodata.prvCheckForValidListAndQueue.str1.4
                0x0800e1f0        0x5 CMakeFiles/project.elf.dir/Middlewares/Third_Party/FreeRTOS/Source/timers.c.obj
 .rodata.xTimerCreateTimerTask.str1.4
                0x0800e1f0        0x8 CMakeFiles/project.elf.dir/Middlewares/Third_Party/FreeRTOS/Source/timers.c.obj
 .rodata._svfprintf_r.str1.4
                0x0800e1f0       0x42 E:/Clion/toolchain/arm-none-eabi/13.3 rel1/bin/../lib/gcc/arm-none-eabi/13.3.1/thumb/v7e-m+fp/hard\libg.a(libc_a-svfprintf.o)
 .rodata.zeroes.0
                0x0800e1f0       0x10 E:/Clion/toolchain/arm-none-eabi/13.3 rel1/bin/../lib/gcc/arm-none-eabi/13.3.1/thumb/v7e-m+fp/hard\libg.a(libc_a-svfprintf.o)
 .rodata.blanks.1
                0x0800e200       0x10 E:/Clion/toolchain/arm-none-eabi/13.3 rel1/bin/../lib/gcc/arm-none-eabi/13.3.1/thumb/v7e-m+fp/hard\libg.a(libc_a-svfprintf.o)
 .rodata.str1.4
                0x0800e210       0x4c E:/Clion/toolchain/arm-none-eabi/13.3 rel1/bin/../lib/gcc/arm-none-eabi/13.3.1/thumb/v7e-m+fp/hard\libg.a(libc_a-locale.o)
 .rodata._dtoa_r.str1.4
                0x0800e210       0x81 E:/Clion/toolchain/arm-none-eabi/13.3 rel1/bin/../lib/gcc/arm-none-eabi/13.3.1/thumb/v7e-m+fp/hard\libg.a(libc_a-dtoa.o)
 .rodata.__multadd.str1.4
                0x0800e210       0x6e E:/Clion/toolchain/arm-none-eabi/13.3 rel1/bin/../lib/gcc/arm-none-eabi/13.3.1/thumb/v7e-m+fp/hard\libg.a(libc_a-mprec.o)
 .rodata.p05.0  0x0800e210        0xc E:/Clion/toolchain/arm-none-eabi/13.3 rel1/bin/../lib/gcc/arm-none-eabi/13.3.1/thumb/v7e-m+fp/hard\libg.a(libc_a-mprec.o)
 *fill*         0x0800e21c        0x4 
 .rodata.__mprec_bigtens
                0x0800e220       0x28 E:/Clion/toolchain/arm-none-eabi/13.3 rel1/bin/../lib/gcc/arm-none-eabi/13.3.1/thumb/v7e-m+fp/hard\libg.a(libc_a-mprec.o)
                0x0800e220                __mprec_bigtens
 .rodata.__mprec_tens
                0x0800e248       0xc8 E:/Clion/toolchain/arm-none-eabi/13.3 rel1/bin/../lib/gcc/arm-none-eabi/13.3.1/thumb/v7e-m+fp/hard\libg.a(libc_a-mprec.o)
                0x0800e248                __mprec_tens
 .rodata._ctype_
                0x0800e310      0x101 E:/Clion/toolchain/arm-none-eabi/13.3 rel1/bin/../lib/gcc/arm-none-eabi/13.3.1/thumb/v7e-m+fp/hard\libg.a(libc_a-ctype_.o)
                0x0800e310                _ctype_
 .rodata.__assert_func.str1.4
                0x0800e411       0x43 E:/Clion/toolchain/arm-none-eabi/13.3 rel1/bin/../lib/gcc/arm-none-eabi/13.3.1/thumb/v7e-m+fp/hard\libg.a(libc_a-assert.o)
 .rodata._vfiprintf_r.str1.4
                0x0800e411       0x2f E:/Clion/toolchain/arm-none-eabi/13.3 rel1/bin/../lib/gcc/arm-none-eabi/13.3.1/thumb/v7e-m+fp/hard\libg.a(libc_a-vfiprintf.o)
 *fill*         0x0800e411        0x3 
 .rodata.zeroes.0
                0x0800e414       0x10 E:/Clion/toolchain/arm-none-eabi/13.3 rel1/bin/../lib/gcc/arm-none-eabi/13.3.1/thumb/v7e-m+fp/hard\libg.a(libc_a-vfiprintf.o)
 .rodata.blanks.1
                0x0800e424       0x10 E:/Clion/toolchain/arm-none-eabi/13.3 rel1/bin/../lib/gcc/arm-none-eabi/13.3.1/thumb/v7e-m+fp/hard\libg.a(libc_a-vfiprintf.o)
                0x0800e434                        . = ALIGN (0x4)

.ARM.extab      0x0800e434        0x0
                0x0800e434                        . = ALIGN (0x4)
 *(.ARM.extab* .gnu.linkonce.armextab.*)
                0x0800e434                        . = ALIGN (0x4)

.ARM            0x0800e434        0x8
                0x0800e434                        . = ALIGN (0x4)
                0x0800e434                        __exidx_start = .
 *(.ARM.exidx*)
 .ARM.exidx     0x0800e434        0x8 E:/Clion/toolchain/arm-none-eabi/13.3 rel1/bin/../lib/gcc/arm-none-eabi/13.3.1/thumb/v7e-m+fp/hard\libg.a(libc_a-memcpy.o)
 .ARM.exidx     0x0800e43c        0x0 E:/Clion/toolchain/arm-none-eabi/13.3 rel1/bin/../lib/gcc/arm-none-eabi/13.3.1/thumb/v7e-m+fp/hard\libg.a(libc_a-strlen.o)
                                  0x8 (size before relaxing)
 .ARM.exidx     0x0800e43c        0x0 E:/Clion/toolchain/arm-none-eabi/13.3 rel1/bin/../lib/gcc/arm-none-eabi/13.3.1/thumb/v7e-m+fp/hard\libg.a(libc_a-memchr.o)
                                  0x8 (size before relaxing)
 .ARM.exidx.text.__udivmoddi4
                0x0800e43c        0x0 E:/Clion/toolchain/arm-none-eabi/13.3 rel1/bin/../lib/gcc/arm-none-eabi/13.3.1/thumb/v7e-m+fp/hard\libgcc.a(_udivmoddi4.o)
                                  0x8 (size before relaxing)
                0x0800e43c                        __exidx_end = .
                0x0800e43c                        . = ALIGN (0x4)

.preinit_array  0x0800e43c        0x0
                0x0800e43c                        . = ALIGN (0x4)
                0x0800e43c                        PROVIDE (__preinit_array_start = .)
 *(.preinit_array*)
                0x0800e43c                        PROVIDE (__preinit_array_end = .)
                0x0800e43c                        . = ALIGN (0x4)

.init_array     0x0800e43c        0x8
                0x0800e43c                        . = ALIGN (0x4)
                0x0800e43c                        PROVIDE (__init_array_start = .)
 *(SORT_BY_NAME(.init_array.*))
 .init_array.00000
                0x0800e43c        0x4 E:/Clion/toolchain/arm-none-eabi/13.3 rel1/bin/../lib/gcc/arm-none-eabi/13.3.1/thumb/v7e-m+fp/hard\libg.a(libc_a-__call_atexit.o)
 *(.init_array*)
 .init_array    0x0800e440        0x4 E:/Clion/toolchain/arm-none-eabi/13.3 rel1/bin/../lib/gcc/arm-none-eabi/13.3.1/thumb/v7e-m+fp/hard/crtbegin.o
                0x0800e444                        PROVIDE (__init_array_end = .)
                0x0800e444                        . = ALIGN (0x4)

.fini_array     0x0800e444        0x4
                0x0800e444                        . = ALIGN (0x4)
                0x0800e444                        PROVIDE (__fini_array_start = .)
 *(SORT_BY_NAME(.fini_array.*))
 *(.fini_array*)
 .fini_array    0x0800e444        0x4 E:/Clion/toolchain/arm-none-eabi/13.3 rel1/bin/../lib/gcc/arm-none-eabi/13.3.1/thumb/v7e-m+fp/hard/crtbegin.o
                0x0800e448                        PROVIDE (__fini_array_end = .)
                0x0800e448                        . = ALIGN (0x4)
                0x0800e448                        _sidata = LOADADDR (.data)

.rel.dyn        0x0800e448        0x0
 .rel.iplt      0x0800e448        0x0 E:/Clion/toolchain/arm-none-eabi/13.3 rel1/bin/../lib/gcc/arm-none-eabi/13.3.1/thumb/v7e-m+fp/hard/crtbegin.o

.data           0x20000000      0x6fc load address 0x0800e448
                0x20000000                        . = ALIGN (0x4)
                0x20000000                        _sdata = .
 *(.data)
 *(.data*)
 .data.SystemCoreClock
                0x20000000        0x4 CMakeFiles/project.elf.dir/Core/Src/system_stm32f4xx.c.obj
                0x20000000                SystemCoreClock
 .data.uwTickFreq
                0x20000004        0x1 CMakeFiles/project.elf.dir/Drivers/STM32F4xx_HAL_Driver/Src/stm32f4xx_hal.c.obj
                0x20000004                uwTickFreq
 *fill*         0x20000005        0x3 
 .data.uwTickPrio
                0x20000008        0x4 CMakeFiles/project.elf.dir/Drivers/STM32F4xx_HAL_Driver/Src/stm32f4xx_hal.c.obj
                0x20000008                uwTickPrio
 .data.uxCriticalNesting
                0x2000000c        0x4 CMakeFiles/project.elf.dir/Middlewares/Third_Party/FreeRTOS/Source/portable/GCC/ARM_CM4F/port.c.obj
 .data.can2_filter_idx.0
                0x20000010        0x1 CMakeFiles/project.elf.dir/bsp/can/bsp_can.c.obj
 *fill*         0x20000011        0x3 
 .data.DM_Motor_CAN_Message_Exit
                0x20000014        0x8 CMakeFiles/project.elf.dir/modules/motors/dm/motor_dm.c.obj