Archive member included to satisfy reference by file (symbol)

E:/Clion/toolchain/arm-none-eabi/13.3 rel1/bin/../lib/gcc/arm-none-eabi/13.3.1/thumb/v7e-m+fp/hard\libgcc.a(_arm_muldf3.o)
                              CMakeFiles/project.elf.dir/modules/bmi088/BMI088.c.obj (__aeabi_dmul)
E:/Clion/toolchain/arm-none-eabi/13.3 rel1/bin/../lib/gcc/arm-none-eabi/13.3.1/thumb/v7e-m+fp/hard\libgcc.a(_arm_addsubdf3.o)
                              CMakeFiles/project.elf.dir/modules/bmi088/BMI088.c.obj (__aeabi_dadd)
E:/Clion/toolchain/arm-none-eabi/13.3 rel1/bin/../lib/gcc/arm-none-eabi/13.3.1/thumb/v7e-m+fp/hard\libgcc.a(_arm_truncdfsf2.o)
                              CMakeFiles/project.elf.dir/modules/bmi088/BMI088.c.obj (__aeabi_d2f)
E:/Clion/toolchain/arm-none-eabi/13.3 rel1/bin/../lib/gcc/arm-none-eabi/13.3.1/thumb/v7e-m+fp/hard\libgcc.a(_aeabi_uldivmod.o)
                              CMakeFiles/project.elf.dir/Drivers/STM32F4xx_HAL_Driver/Src/stm32f4xx_hal_rcc.c.obj (__aeabi_uldivmod)
E:/Clion/toolchain/arm-none-eabi/13.3 rel1/bin/../lib/gcc/arm-none-eabi/13.3.1/thumb/v7e-m+fp/hard\libgcc.a(_udivmoddi4.o)
                              E:/Clion/toolchain/arm-none-eabi/13.3 rel1/bin/../lib/gcc/arm-none-eabi/13.3.1/thumb/v7e-m+fp/hard\libgcc.a(_aeabi_uldivmod.o) (__udivmoddi4)
E:/Clion/toolchain/arm-none-eabi/13.3 rel1/bin/../lib/gcc/arm-none-eabi/13.3.1/thumb/v7e-m+fp/hard\libgcc.a(_dvmd_tls.o)
                              E:/Clion/toolchain/arm-none-eabi/13.3 rel1/bin/../lib/gcc/arm-none-eabi/13.3.1/thumb/v7e-m+fp/hard\libgcc.a(_aeabi_uldivmod.o) (__aeabi_ldiv0)
E:/Clion/toolchain/arm-none-eabi/13.3 rel1/bin/../lib/gcc/arm-none-eabi/13.3.1/thumb/v7e-m+fp/hard\libg.a(libc_a-exit.o)
                              E:/Clion/toolchain/arm-none-eabi/13.3 rel1/bin/../lib/gcc/arm-none-eabi/13.3.1/thumb/v7e-m+fp/hard/crt0.o (exit)
E:/Clion/toolchain/arm-none-eabi/13.3 rel1/bin/../lib/gcc/arm-none-eabi/13.3.1/thumb/v7e-m+fp/hard\libg.a(libc_a-findfp.o)
                              CMakeFiles/project.elf.dir/Middlewares/Third_Party/FreeRTOS/Source/tasks.c.obj (__sf)
E:/Clion/toolchain/arm-none-eabi/13.3 rel1/bin/../lib/gcc/arm-none-eabi/13.3.1/thumb/v7e-m+fp/hard\libg.a(libc_a-fwalk.o)
                              E:/Clion/toolchain/arm-none-eabi/13.3 rel1/bin/../lib/gcc/arm-none-eabi/13.3.1/thumb/v7e-m+fp/hard\libg.a(libc_a-findfp.o) (_fwalk_sglue)
E:/Clion/toolchain/arm-none-eabi/13.3 rel1/bin/../lib/gcc/arm-none-eabi/13.3.1/thumb/v7e-m+fp/hard\libg.a(libc_a-sprintf.o)
                              CMakeFiles/project.elf.dir/Core/Src/freertos.c.obj (sprintf)
E:/Clion/toolchain/arm-none-eabi/13.3 rel1/bin/../lib/gcc/arm-none-eabi/13.3.1/thumb/v7e-m+fp/hard\libg.a(libc_a-stdio.o)
                              E:/Clion/toolchain/arm-none-eabi/13.3 rel1/bin/../lib/gcc/arm-none-eabi/13.3.1/thumb/v7e-m+fp/hard\libg.a(libc_a-findfp.o) (__sread)
E:/Clion/toolchain/arm-none-eabi/13.3 rel1/bin/../lib/gcc/arm-none-eabi/13.3.1/thumb/v7e-m+fp/hard\libg.a(libc_a-memset.o)
                              E:/Clion/toolchain/arm-none-eabi/13.3 rel1/bin/../lib/gcc/arm-none-eabi/13.3.1/thumb/v7e-m+fp/hard/crt0.o (memset)
E:/Clion/toolchain/arm-none-eabi/13.3 rel1/bin/../lib/gcc/arm-none-eabi/13.3.1/thumb/v7e-m+fp/hard\libg.a(libc_a-closer.o)
                              E:/Clion/toolchain/arm-none-eabi/13.3 rel1/bin/../lib/gcc/arm-none-eabi/13.3.1/thumb/v7e-m+fp/hard\libg.a(libc_a-stdio.o) (_close_r)
E:/Clion/toolchain/arm-none-eabi/13.3 rel1/bin/../lib/gcc/arm-none-eabi/13.3.1/thumb/v7e-m+fp/hard\libg.a(libc_a-reent.o)
                              CMakeFiles/project.elf.dir/Middlewares/Third_Party/FreeRTOS/Source/tasks.c.obj (_reclaim_reent)
E:/Clion/toolchain/arm-none-eabi/13.3 rel1/bin/../lib/gcc/arm-none-eabi/13.3.1/thumb/v7e-m+fp/hard\libg.a(libc_a-impure.o)
                              CMakeFiles/project.elf.dir/Middlewares/Third_Party/FreeRTOS/Source/tasks.c.obj (_impure_ptr)
E:/Clion/toolchain/arm-none-eabi/13.3 rel1/bin/../lib/gcc/arm-none-eabi/13.3.1/thumb/v7e-m+fp/hard\libg.a(libc_a-lseekr.o)
                              E:/Clion/toolchain/arm-none-eabi/13.3 rel1/bin/../lib/gcc/arm-none-eabi/13.3.1/thumb/v7e-m+fp/hard\libg.a(libc_a-stdio.o) (_lseek_r)
E:/Clion/toolchain/arm-none-eabi/13.3 rel1/bin/../lib/gcc/arm-none-eabi/13.3.1/thumb/v7e-m+fp/hard\libg.a(libc_a-readr.o)
                              E:/Clion/toolchain/arm-none-eabi/13.3 rel1/bin/../lib/gcc/arm-none-eabi/13.3.1/thumb/v7e-m+fp/hard\libg.a(libc_a-stdio.o) (_read_r)
E:/Clion/toolchain/arm-none-eabi/13.3 rel1/bin/../lib/gcc/arm-none-eabi/13.3.1/thumb/v7e-m+fp/hard\libg.a(libc_a-writer.o)
                              E:/Clion/toolchain/arm-none-eabi/13.3 rel1/bin/../lib/gcc/arm-none-eabi/13.3.1/thumb/v7e-m+fp/hard\libg.a(libc_a-stdio.o) (_write_r)
E:/Clion/toolchain/arm-none-eabi/13.3 rel1/bin/../lib/gcc/arm-none-eabi/13.3.1/thumb/v7e-m+fp/hard\libg.a(libc_a-errno.o)
                              CMakeFiles/project.elf.dir/Core/Src/syscalls.c.obj (__errno)
[...]
Memory Configuration

Name             Origin             Length             Attributes
CCMRAM           0x10000000         0x00010000         xrw
RAM              0x20000000         0x00020000         xrw
FLASH            0x08000000         0x00100000         xr
*default*        0x00000000         0xffffffff

Linker script and memory map

LOAD E:/Clion/toolchain/arm-none-eabi/13.3 rel1/bin/../lib/gcc/arm-none-eabi/13.3.1/thumb/v7e-m+fp/hard/crti.o
LOAD E:/Clion/toolchain/arm-none-eabi/13.3 rel1/bin/../lib/gcc/arm-none-eabi/13.3.1/thumb/v7e-m+fp/hard/crtbegin.o
LOAD E:/Clion/toolchain/arm-none-eabi/13.3 rel1/bin/../lib/gcc/arm-none-eabi/13.3.1/thumb/v7e-m+fp/hard/crt0.o
LOAD CMakeFiles/project.elf.dir/Core/Src/can.c.obj
LOAD CMakeFiles/project.elf.dir/Core/Src/dma.c.obj
LOAD CMakeFiles/project.elf.dir/Core/Src/freertos.c.obj
LOAD CMakeFiles/project.elf.dir/Core/Src/gpio.c.obj
LOAD CMakeFiles/project.elf.dir/Core/Src/main.c.obj
LOAD CMakeFiles/project.elf.dir/Core/Src/spi.c.obj
LOAD CMakeFiles/project.elf.dir/Core/Src/stm32f4xx_hal_msp.c.obj
LOAD CMakeFiles/project.elf.dir/Core/Src/stm32f4xx_hal_timebase_tim.c.obj
LOAD CMakeFiles/project.elf.dir/Core/Src/stm32f4xx_it.c.obj
LOAD CMakeFiles/project.elf.dir/Core/Src/syscalls.c.obj
LOAD CMakeFiles/project.elf.dir/Core/Src/sysmem.c.obj
LOAD CMakeFiles/project.elf.dir/Core/Src/system_stm32f4xx.c.obj
LOAD CMakeFiles/project.elf.dir/Core/Src/tim.c.obj
LOAD CMakeFiles/project.elf.dir/Core/Src/usart.c.obj
LOAD CMakeFiles/project.elf.dir/Core/Startup/startup_stm32f407ighx.s.obj
LOAD CMakeFiles/project.elf.dir/Drivers/STM32F4xx_HAL_Driver/Src/stm32f4xx_hal.c.obj
LOAD CMakeFiles/project.elf.dir/Drivers/STM32F4xx_HAL_Driver/Src/stm32f4xx_hal_can.c.obj
LOAD CMakeFiles/project.elf.dir/Drivers/STM32F4xx_HAL_Driver/Src/stm32f4xx_hal_cortex.c.obj
LOAD CMakeFiles/project.elf.dir/Drivers/STM32F4xx_HAL_Driver/Src/stm32f4xx_hal_dma.c.obj
LOAD CMakeFiles/project.elf.dir/Drivers/STM32F4xx_HAL_Driver/Src/stm32f4xx_hal_dma_ex.c.obj
LOAD CMakeFiles/project.elf.dir/Drivers/STM32F4xx_HAL_Driver/Src/stm32f4xx_hal_exti.c.obj
LOAD CMakeFiles/project.elf.dir/Drivers/STM32F4xx_HAL_Driver/Src/stm32f4xx_hal_flash.c.obj
LOAD CMakeFiles/project.elf.dir/Drivers/STM32F4xx_HAL_Driver/Src/stm32f4xx_hal_flash_ex.c.obj
LOAD CMakeFiles/project.elf.dir/Drivers/STM32F4xx_HAL_Driver/Src/stm32f4xx_hal_flash_ramfunc.c.obj
LOAD CMakeFiles/project.elf.dir/Drivers/STM32F4xx_HAL_Driver/Src/stm32f4xx_hal_gpio.c.obj
LOAD CMakeFiles/project.elf.dir/Drivers/STM32F4xx_HAL_Driver/Src/stm32f4xx_hal_pwr.c.obj
LOAD CMakeFiles/project.elf.dir/Drivers/STM32F4xx_HAL_Driver/Src/stm32f4xx_hal_pwr_ex.c.obj
LOAD CMakeFiles/project.elf.dir/Drivers/STM32F4xx_HAL_Driver/Src/stm32f4xx_hal_rcc.c.obj
LOAD CMakeFiles/project.elf.dir/Drivers/STM32F4xx_HAL_Driver/Src/stm32f4xx_hal_rcc_ex.c.obj
LOAD CMakeFiles/project.elf.dir/Drivers/STM32F4xx_HAL_Driver/Src/stm32f4xx_hal_spi.c.obj
LOAD CMakeFiles/project.elf.dir/Drivers/STM32F4xx_HAL_Driver/Src/stm32f4xx_hal_tim.c.obj
LOAD CMakeFiles/project.elf.dir/Drivers/STM32F4xx_HAL_Driver/Src/stm32f4xx_hal_tim_ex.c.obj
LOAD CMakeFiles/project.elf.dir/Drivers/STM32F4xx_HAL_Driver/Src/stm32f4xx_hal_uart.c.obj
LOAD CMakeFiles/project.elf.dir/Middlewares/Third_Party/FreeRTOS/Source/CMSIS_RTOS_V2/cmsis_os2.c.obj
LOAD CMakeFiles/project.elf.dir/Middlewares/Third_Party/FreeRTOS/Source/croutine.c.obj
LOAD CMakeFiles/project.elf.dir/Middlewares/Third_Party/FreeRTOS/Source/event_groups.c.obj
LOAD CMakeFiles/project.elf.dir/Middlewares/Third_Party/FreeRTOS/Source/list.c.obj
LOAD CMakeFiles/project.elf.dir/Middlewares/Third_Party/FreeRTOS/Source/portable/GCC/ARM_CM4F/port.c.obj
LOAD CMakeFiles/project.elf.dir/Middlewares/Third_Party/FreeRTOS/Source/portable/MemMang/heap_4.c.obj
LOAD CMakeFiles/project.elf.dir/Middlewares/Third_Party/FreeRTOS/Source/queue.c.obj
LOAD CMakeFiles/project.elf.dir/Middlewares/Third_Party/FreeRTOS/Source/stream_buffer.c.obj
LOAD CMakeFiles/project.elf.dir/Middlewares/Third_Party/FreeRTOS/Source/tasks.c.obj
LOAD CMakeFiles/project.elf.dir/Middlewares/Third_Party/FreeRTOS/Source/timers.c.obj
LOAD CMakeFiles/project.elf.dir/app/chassis/chassis.c.obj
LOAD CMakeFiles/project.elf.dir/app/gimbal/gimbal.c.obj
LOAD CMakeFiles/project.elf.dir/bsp/can/bsp_can.c.obj
LOAD CMakeFiles/project.elf.dir/bsp/uart/bsp_uart.c.obj
LOAD CMakeFiles/project.elf.dir/calculate/pid/bsp_pid.c.obj
LOAD CMakeFiles/project.elf.dir/modules/bmi088/BMI088.c.obj
LOAD CMakeFiles/project.elf.dir/modules/bmi088/IMU.c.obj
LOAD CMakeFiles/project.elf.dir/modules/dr16/dr16.c.obj
LOAD CMakeFiles/project.elf.dir/modules/motors/daj_motors.c.obj
START GROUP
LOAD E:/Clion/toolchain/arm-none-eabi/13.3 rel1/bin/../lib/gcc/arm-none-eabi/13.3.1/thumb/v7e-m+fp/hard\libgcc.a
LOAD E:/Clion/toolchain/arm-none-eabi/13.3 rel1/bin/../lib/gcc/arm-none-eabi/13.3.1/thumb/v7e-m+fp/hard\libg.a
LOAD E:/Clion/toolchain/arm-none-eabi/13.3 rel1/bin/../lib/gcc/arm-none-eabi/13.3.1/thumb/v7e-m+fp/hard\libc.a
END GROUP
LOAD E:/Clion/toolchain/arm-none-eabi/13.3 rel1/bin/../lib/gcc/arm-none-eabi/13.3.1/thumb/v7e-m+fp/hard/crtend.o
LOAD E:/Clion/toolchain/arm-none-eabi/13.3 rel1/bin/../lib/gcc/arm-none-eabi/13.3.1/thumb/v7e-m+fp/hard/crtn.o
                0x20020000                        _estack = (ORIGIN (RAM) + LENGTH (RAM))
                0x00000200                        _Min_Heap_Size = 0x200
                0x00000400                        _Min_Stack_Size = 0x400

.isr_vector     0x08000000      0x188
                0x08000000                        . = ALIGN (0x4)
 *(.isr_vector)
 .isr_vector    0x08000000      0x188 CMakeFiles/project.elf.dir/Core/Startup/startup_stm32f407ighx.s.obj
                0x08000000                g_pfnVectors
                0x08000188                        . = ALIGN (0x4)

.text           0x080001c0     0xd97c
                0x080001c0                        . = ALIGN (0x4)
 *(.text)
 .text          0x080001c0      0x378 E:/Clion/toolchain/arm-none-eabi/13.3 rel1/bin/../lib/gcc/arm-none-eabi/13.3.1/thumb/v7e-m+fp/hard\libgcc.a(_arm_addsubdf3.o)
                0x080001c0                __aeabi_drsub
                0x080001c8                __aeabi_dsub
                0x080001c8                __subdf3
                0x080001cc                __aeabi_dadd
                0x080001cc                __adddf3
                0x08000444                __floatunsidf
                0x08000444                __aeabi_ui2d
                0x08000464                __floatsidf
                0x08000464                __aeabi_i2d
                0x08000488                __aeabi_f2d
                0x08000488                __extendsfdf2
                0x080004cc                __floatundidf
                0x080004cc                __aeabi_ul2d
                0x080004dc                __floatdidf
                0x080004dc                __aeabi_l2d
 .text          0x08000538       0x30 E:/Clion/toolchain/arm-none-eabi/13.3 rel1/bin/../lib/gcc/arm-none-eabi/13.3.1/thumb/v7e-m+fp/hard\libgcc.a(_aeabi_uldivmod.o)
                0x08000538                __aeabi_uldivmod
 .text          0x08000568        0x4 E:/Clion/toolchain/arm-none-eabi/13.3 rel1/bin/../lib/gcc/arm-none-eabi/13.3.1/thumb/v7e-m+fp/hard\libgcc.a(_dvmd_tls.o)
                0x08000568                __aeabi_idiv0
                0x08000568                __aeabi_ldiv0
 .text          0x0800056c      0x134 E:/Clion/toolchain/arm-none-eabi/13.3 rel1/bin/../lib/gcc/arm-none-eabi/13.3.1/thumb/v7e-m+fp/hard\libg.a(libc_a-memcpy.o)
                0x0800056c                memcpy
 *fill*         0x080006a0       0x20 
 .text          0x080006c0       0xd8 E:/Clion/toolchain/arm-none-eabi/13.3 rel1/bin/../lib/gcc/arm-none-eabi/13.3.1/thumb/v7e-m+fp/hard\libg.a(libc_a-strlen.o)
                0x080006c0                strlen
 *fill*         0x08000798        0x8 
 .text          0x080007a0       0xa0 E:/Clion/toolchain/arm-none-eabi/13.3 rel1/bin/../lib/gcc/arm-none-eabi/13.3.1/thumb/v7e-m+fp/hard\libg.a(libc_a-memchr.o)
                0x080007a0                memchr
 .text          0x08000840      0x424 E:/Clion/toolchain/arm-none-eabi/13.3 rel1/bin/../lib/gcc/arm-none-eabi/13.3.1/thumb/v7e-m+fp/hard\libgcc.a(_arm_muldivdf3.o)
                0x08000840                __aeabi_dmul
                0x08000840                __muldf3
                0x08000a94                __divdf3
                0x08000a94                __aeabi_ddiv
 .text          0x08000c64      0x110 E:/Clion/toolchain/arm-none-eabi/13.3 rel1/bin/../lib/gcc/arm-none-eabi/13.3.1/thumb/v7e-m+fp/hard\libgcc.a(_arm_cmpdf2.o)
                0x08000c64                __gtdf2
                0x08000c64                __gedf2
                0x08000c6c                __ltdf2
                0x08000c6c                __ledf2
                0x08000c74                __nedf2
                0x08000c74                __eqdf2
                0x08000c74                __cmpdf2
                0x08000cf0                __aeabi_cdrcmple
                0x08000d00                __aeabi_cdcmpeq
                0x08000d00                __aeabi_cdcmple
                0x08000d10                __aeabi_dcmpeq
                0x08000d24                __aeabi_dcmplt
                0x08000d38                __aeabi_dcmple
                0x08000d4c                __aeabi_dcmpge
                0x08000d60                __aeabi_dcmpgt
 .text          0x08000d74       0x2c E:/Clion/toolchain/arm-none-eabi/13.3 rel1/bin/../lib/gcc/arm-none-eabi/13.3.1/thumb/v7e-m+fp/hard\libgcc.a(_arm_unorddf2.o)
                0x08000d74                __unorddf2
                0x08000d74                __aeabi_dcmpun
 .text          0x08000da0       0x50 E:/Clion/toolchain/arm-none-eabi/13.3 rel1/bin/../lib/gcc/arm-none-eabi/13.3.1/thumb/v7e-m+fp/hard\libgcc.a(_arm_fixdfsi.o)
                0x08000da0                __aeabi_d2iz
                0x08000da0                __fixdfsi
 *(.text*)
 .text.deregister_tm_clones
                0x08000df0       0x1c E:/Clion/toolchain/arm-none-eabi/13.3 rel1/bin/../lib/gcc/arm-none-eabi/13.3.1/thumb/v7e-m+fp/hard/crtbegin.o
 .text.register_tm_clones
                0x08000e0c       0x24 E:/Clion/toolchain/arm-none-eabi/13.3 rel1/bin/../lib/gcc/arm-none-eabi/13.3.1/thumb/v7e-m+fp/hard/crtbegin.o
 .text.__do_global_dtors_aux
                0x08000e30       0x28 E:/Clion/toolchain/arm-none-eabi/13.3 rel1/bin/../lib/gcc/arm-none-eabi/13.3.1/thumb/v7e-m+fp/hard/crtbegin.o
 .text.frame_dummy
                0x08000e58       0x24 E:/Clion/toolchain/arm-none-eabi/13.3 rel1/bin/../lib/gcc/arm-none-eabi/13.3.1/thumb/v7e-m+fp/hard/crtbegin.o
 .text.MX_CAN1_Init
                0x08000e7c       0x44 CMakeFiles/project.elf.dir/Core/Src/can.c.obj
                0x08000e7c                MX_CAN1_Init
 .text.MX_CAN2_Init
                0x08000ec0       0x44 CMakeFiles/project.elf.dir/Core/Src/can.c.obj
                0x08000ec0                MX_CAN2_Init
 .text.HAL_CAN_MspInit
                0x08000f04      0x140 CMakeFiles/project.elf.dir/Core/Src/can.c.obj
                0x08000f04                HAL_CAN_MspInit
 .text.MX_DMA_Init
                0x08001044       0x88 CMakeFiles/project.elf.dir/Core/Src/dma.c.obj
                0x08001044                MX_DMA_Init
 .text.StartDefaultTask
                0x080010cc        0xa CMakeFiles/project.elf.dir/Core/Src/freertos.c.obj
                0x080010cc                StartDefaultTask
 *fill*         0x080010d6        0x2 
 .text.chassis_task
                0x080010d8      0x154 CMakeFiles/project.elf.dir/Core/Src/freertos.c.obj
                0x080010d8                chassis_task
 .text.MX_FREERTOS_Init
                0x0800122c       0x38 CMakeFiles/project.elf.dir/Core/Src/freertos.c.obj
                0x0800122c                MX_FREERTOS_Init
 .text.MX_GPIO_Init
                0x08001264      0x104 CMakeFiles/project.elf.dir/Core/Src/gpio.c.obj
                0x08001264                MX_GPIO_Init
 .text.HAL_TIM_PeriodElapsedCallback
                0x08001368       0x18 CMakeFiles/project.elf.dir/Core/Src/main.c.obj
                0x08001368                HAL_TIM_PeriodElapsedCallback
 .text.Error_Handler
                0x08001380        0x4 CMakeFiles/project.elf.dir/Core/Src/main.c.obj
                0x08001380                Error_Handler
 .text.SystemClock_Config
                0x08001384       0xa8 CMakeFiles/project.elf.dir/Core/Src/main.c.obj
                0x08001384                SystemClock_Config
 .text.main     0x0800142c       0x50 CMakeFiles/project.elf.dir/Core/Src/main.c.obj
                0x0800142c                main
 .text.MX_SPI1_Init
                0x0800147c       0x48 CMakeFiles/project.elf.dir/Core/Src/spi.c.obj
                0x0800147c                MX_SPI1_Init
 .text.HAL_SPI_MspInit
                0x080014c4      0x124 CMakeFiles/project.elf.dir/Core/Src/spi.c.obj
                0x080014c4                HAL_SPI_MspInit
 .text.HAL_MspInit
                0x080015e8       0x44 CMakeFiles/project.elf.dir/Core/Src/stm32f4xx_hal_msp.c.obj
                0x080015e8                HAL_MspInit
 .text.HAL_InitTick
                0x0800162c       0xa4 CMakeFiles/project.elf.dir/Core/Src/stm32f4xx_hal_timebase_tim.c.obj
                0x0800162c                HAL_InitTick
 .text.NMI_Handler
                0x080016d0        0x2 CMakeFiles/project.elf.dir/Core/Src/stm32f4xx_it.c.obj
                0x080016d0                NMI_Handler
 .text.HardFault_Handler
                0x080016d2        0x2 CMakeFiles/project.elf.dir/Core/Src/stm32f4xx_it.c.obj
                0x080016d2                HardFault_Handler
 .text.MemManage_Handler
                0x080016d4        0x2 CMakeFiles/project.elf.dir/Core/Src/stm32f4xx_it.c.obj
                0x080016d4                MemManage_Handler
 .text.BusFault_Handler
                0x080016d6        0x2 CMakeFiles/project.elf.dir/Core/Src/stm32f4xx_it.c.obj
                0x080016d6                BusFault_Handler
 .text.UsageFault_Handler
                0x080016d8        0x2 CMakeFiles/project.elf.dir/Core/Src/stm32f4xx_it.c.obj
                0x080016d8                UsageFault_Handler
 .text.DebugMon_Handler
                0x080016da        0x2 CMakeFiles/project.elf.dir/Core/Src/stm32f4xx_it.c.obj
                0x080016da                DebugMon_Handler
 .text.DMA1_Stream1_IRQHandler
                0x080016dc       0x10 CMakeFiles/project.elf.dir/Core/Src/stm32f4xx_it.c.obj
                0x080016dc                DMA1_Stream1_IRQHandler
 .text.CAN1_RX0_IRQHandler
                0x080016ec       0x10 CMakeFiles/project.elf.dir/Core/Src/stm32f4xx_it.c.obj
                0x080016ec                CAN1_RX0_IRQHandler
 .text.CAN1_RX1_IRQHandler
                0x080016fc       0x10 CMakeFiles/project.elf.dir/Core/Src/stm32f4xx_it.c.obj
                0x080016fc                CAN1_RX1_IRQHandler
 .text.USART1_IRQHandler
                0x0800170c       0x10 CMakeFiles/project.elf.dir/Core/Src/stm32f4xx_it.c.obj
                0x0800170c                USART1_IRQHandler
 .text.USART3_IRQHandler
                0x0800171c       0x10 CMakeFiles/project.elf.dir/Core/Src/stm32f4xx_it.c.obj
                0x0800171c                USART3_IRQHandler
 .text.TIM8_TRG_COM_TIM14_IRQHandler
                0x0800172c       0x10 CMakeFiles/project.elf.dir/Core/Src/stm32f4xx_it.c.obj
                0x0800172c                TIM8_TRG_COM_TIM14_IRQHandler
 .text.DMA2_Stream2_IRQHandler
                0x0800173c       0x10 CMakeFiles/project.elf.dir/Core/Src/stm32f4xx_it.c.obj
                0x0800173c                DMA2_Stream2_IRQHandler
 .text.DMA2_Stream3_IRQHandler
                0x0800174c       0x10 CMakeFiles/project.elf.dir/Core/Src/stm32f4xx_it.c.obj
                0x0800174c                DMA2_Stream3_IRQHandler
 .text.CAN2_RX0_IRQHandler
                0x0800175c       0x10 CMakeFiles/project.elf.dir/Core/Src/stm32f4xx_it.c.obj
                0x0800175c                CAN2_RX0_IRQHandler
 .text.CAN2_RX1_IRQHandler
                0x0800176c       0x10 CMakeFiles/project.elf.dir/Core/Src/stm32f4xx_it.c.obj
                0x0800176c                CAN2_RX1_IRQHandler
 .text.DMA2_Stream5_IRQHandler
                0x0800177c       0x10 CMakeFiles/project.elf.dir/Core/Src/stm32f4xx_it.c.obj
                0x0800177c                DMA2_Stream5_IRQHandler
 .text.DMA2_Stream7_IRQHandler
                0x0800178c       0x10 CMakeFiles/project.elf.dir/Core/Src/stm32f4xx_it.c.obj
                0x0800178c                DMA2_Stream7_IRQHandler
 .text._getpid  0x0800179c        0x4 CMakeFiles/project.elf.dir/Core/Src/syscalls.c.obj
                0x0800179c                _getpid
 .text._kill    0x080017a0       0x10 CMakeFiles/project.elf.dir/Core/Src/syscalls.c.obj
                0x080017a0                _kill
 .text._exit    0x080017b0        0xc CMakeFiles/project.elf.dir/Core/Src/syscalls.c.obj
                0x080017b0                _exit
 .text._read    0x080017bc       0x20 CMakeFiles/project.elf.dir/Core/Src/syscalls.c.obj
                0x080017bc                _read
 .text._write   0x080017dc       0x1c CMakeFiles/project.elf.dir/Core/Src/syscalls.c.obj
                0x080017dc                _write
 .text._close   0x080017f8        0x6 CMakeFiles/project.elf.dir/Core/Src/syscalls.c.obj
                0x080017f8                _close
 .text._fstat   0x080017fe        0xa CMakeFiles/project.elf.dir/Core/Src/syscalls.c.obj
                0x080017fe                _fstat
 .text._isatty  0x08001808        0x4 CMakeFiles/project.elf.dir/Core/Src/syscalls.c.obj
                0x08001808                _isatty
 .text._lseek   0x0800180c        0x4 CMakeFiles/project.elf.dir/Core/Src/syscalls.c.obj
                0x0800180c                _lseek
 .text._sbrk    0x08001810       0x48 CMakeFiles/project.elf.dir/Core/Src/sysmem.c.obj
                0x08001810                _sbrk
 .text.SystemInit
                0x08001858       0x14 CMakeFiles/project.elf.dir/Core/Src/system_stm32f4xx.c.obj
                0x08001858                SystemInit
 .text.HAL_TIM_Base_MspInit
                0x0800186c       0x30 CMakeFiles/project.elf.dir/Core/Src/tim.c.obj
                0x0800186c                HAL_TIM_Base_MspInit
 .text.HAL_TIM_MspPostInit
                0x0800189c       0x58 CMakeFiles/project.elf.dir/Core/Src/tim.c.obj
                0x0800189c                HAL_TIM_MspPostInit
 .text.MX_TIM10_Init
                0x080018f4       0x74 CMakeFiles/project.elf.dir/Core/Src/tim.c.obj
                0x080018f4                MX_TIM10_Init
 .text.MX_USART1_UART_Init
                0x08001968       0x34 CMakeFiles/project.elf.dir/Core/Src/usart.c.obj
                0x08001968                MX_USART1_UART_Init
 .text.MX_USART3_UART_Init
                0x0800199c       0x40 CMakeFiles/project.elf.dir/Core/Src/usart.c.obj
                0x0800199c                MX_USART3_UART_Init
 .text.HAL_UART_MspInit
                0x080019dc      0x1d8 CMakeFiles/project.elf.dir/Core/Src/usart.c.obj
                0x080019dc                HAL_UART_MspInit
 .text.Reset_Handler
                0x08001bb4       0x50 CMakeFiles/project.elf.dir/Core/Startup/startup_stm32f407ighx.s.obj
                0x08001bb4                Reset_Handler
 .text.Default_Handler
                0x08001c04        0x2 CMakeFiles/project.elf.dir/Core/Startup/startup_stm32f407ighx.s.obj
                0x08001c04                RTC_Alarm_IRQHandler
                0x08001c04                HASH_RNG_IRQHandler
                0x08001c04                EXTI2_IRQHandler
                0x08001c04                TIM8_CC_IRQHandler
                0x08001c04                TIM1_CC_IRQHandler
                0x08001c04                DMA1_Stream5_IRQHandler
                0x08001c04                PVD_IRQHandler
                0x08001c04                SDIO_IRQHandler
                0x08001c04                TAMP_STAMP_IRQHandler
                0x08001c04                EXTI3_IRQHandler
                0x08001c04                TIM1_UP_TIM10_IRQHandler
                0x08001c04                TIM8_UP_TIM13_IRQHandler
                0x08001c04                I2C3_ER_IRQHandler
                0x08001c04                EXTI0_IRQHandler
                0x08001c04                I2C2_EV_IRQHandler
                0x08001c04                DMA1_Stream2_IRQHandler
                0x08001c04                FPU_IRQHandler
                0x08001c04                OTG_HS_WKUP_IRQHandler
                0x08001c04                CAN2_SCE_IRQHandler
                0x08001c04                SPI1_IRQHandler
                0x08001c04                TIM6_DAC_IRQHandler
                0x08001c04                TIM1_BRK_TIM9_IRQHandler
                0x08001c04                DCMI_IRQHandler
                0x08001c04                USART6_IRQHandler
                0x08001c04                UART5_IRQHandler
                0x08001c04                DMA2_Stream0_IRQHandler
                0x08001c04                TIM4_IRQHandler
                0x08001c04                I2C1_EV_IRQHandler
                0x08001c04                DMA1_Stream6_IRQHandler
                0x08001c04                UART4_IRQHandler
                0x08001c04                TIM3_IRQHandler
                0x08001c04                RCC_IRQHandler
                0x08001c04                TIM8_BRK_TIM12_IRQHandler
                0x08001c04                Default_Handler
                0x08001c04                EXTI15_10_IRQHandler
                0x08001c04                ADC_IRQHandler
                0x08001c04                DMA1_Stream7_IRQHandler
                0x08001c04                TIM7_IRQHandler
                0x08001c04                CAN2_TX_IRQHandler
                0x08001c04                TIM5_IRQHandler
                0x08001c04                I2C3_EV_IRQHandler
                0x08001c04                EXTI9_5_IRQHandler
                0x08001c04                RTC_WKUP_IRQHandler
                0x08001c04                ETH_WKUP_IRQHandler
                0x08001c04                SPI2_IRQHandler
                0x08001c04                OTG_HS_EP1_IN_IRQHandler
                0x08001c04                DMA1_Stream0_IRQHandler
                0x08001c04                CAN1_TX_IRQHandler
                0x08001c04                EXTI4_IRQHandler
                0x08001c04                FSMC_IRQHandler
                0x08001c04                ETH_IRQHandler
                0x08001c04                OTG_HS_EP1_OUT_IRQHandler
                0x08001c04                WWDG_IRQHandler
                0x08001c04                TIM2_IRQHandler
                0x08001c04                OTG_FS_WKUP_IRQHandler
                0x08001c04                TIM1_TRG_COM_TIM11_IRQHandler
                0x08001c04                OTG_HS_IRQHandler
                0x08001c04                EXTI1_IRQHandler
                0x08001c04                USART2_IRQHandler
                0x08001c04                I2C2_ER_IRQHandler
                0x08001c04                DMA2_Stream1_IRQHandler
                0x08001c04                CAN1_SCE_IRQHandler
                0x08001c04                FLASH_IRQHandler
                0x08001c04                DMA2_Stream4_IRQHandler
                0x08001c04                OTG_FS_IRQHandler
                0x08001c04                SPI3_IRQHandler
                0x08001c04                DMA1_Stream4_IRQHandler
                0x08001c04                I2C1_ER_IRQHandler
                0x08001c04                DMA2_Stream6_IRQHandler
                0x08001c04                DMA1_Stream3_IRQHandler
 *fill*         0x08001c06        0x2 
 .text.HAL_Init
                0x08001c08       0x34 CMakeFiles/project.elf.dir/Drivers/STM32F4xx_HAL_Driver/Src/stm32f4xx_hal.c.obj
                0x08001c08                HAL_Init
 .text.HAL_IncTick
                0x08001c3c       0x18 CMakeFiles/project.elf.dir/Drivers/STM32F4xx_HAL_Driver/Src/stm32f4xx_hal.c.obj
                0x08001c3c                HAL_IncTick
 .text.HAL_GetTick
                0x08001c54        0xc CMakeFiles/project.elf.dir/Drivers/STM32F4xx_HAL_Driver/Src/stm32f4xx_hal.c.obj
                0x08001c54                HAL_GetTick
 .text.HAL_CAN_Init
                0x08001c60      0x14c CMakeFiles/project.elf.dir/Drivers/STM32F4xx_HAL_Driver/Src/stm32f4xx_hal_can.c.obj
                0x08001c60                HAL_CAN_Init
 .text.HAL_CAN_ConfigFilter
                0x08001dac      0x138 CMakeFiles/project.elf.dir/Drivers/STM32F4xx_HAL_Driver/Src/stm32f4xx_hal_can.c.obj
                0x08001dac                HAL_CAN_ConfigFilter
 .text.HAL_CAN_Start
                0x08001ee4       0x5c CMakeFiles/project.elf.dir/Drivers/STM32F4xx_HAL_Driver/Src/stm32f4xx_hal_can.c.obj
                0x08001ee4                HAL_CAN_Start
 .text.HAL_CAN_AddTxMessage
                0x08001f40       0xea CMakeFiles/project.elf.dir/Drivers/STM32F4xx_HAL_Driver/Src/stm32f4xx_hal_can.c.obj
                0x08001f40                HAL_CAN_AddTxMessage
 .text.HAL_CAN_GetTxMailboxesFreeLevel
                0x0800202a       0x32 CMakeFiles/project.elf.dir/Drivers/STM32F4xx_HAL_Driver/Src/stm32f4xx_hal_can.c.obj
                0x0800202a                HAL_CAN_GetTxMailboxesFreeLevel
 .text.HAL_CAN_GetRxMessage
                0x0800205c      0x16a CMakeFiles/project.elf.dir/Drivers/STM32F4xx_HAL_Driver/Src/stm32f4xx_hal_can.c.obj
                0x0800205c                HAL_CAN_GetRxMessage
 .text.HAL_CAN_ActivateNotification
                0x080021c6       0x24 CMakeFiles/project.elf.dir/Drivers/STM32F4xx_HAL_Driver/Src/stm32f4xx_hal_can.c.obj
                0x080021c6                HAL_CAN_ActivateNotification
 .text.HAL_CAN_TxMailbox0CompleteCallback
                0x080021ea        0x2 CMakeFiles/project.elf.dir/Drivers/STM32F4xx_HAL_Driver/Src/stm32f4xx_hal_can.c.obj
                0x080021ea                HAL_CAN_TxMailbox0CompleteCallback
 .text.HAL_CAN_TxMailbox1CompleteCallback
                0x080021ec        0x2 CMakeFiles/project.elf.dir/Drivers/STM32F4xx_HAL_Driver/Src/stm32f4xx_hal_can.c.obj
                0x080021ec                HAL_CAN_TxMailbox1CompleteCallback
 .text.HAL_CAN_TxMailbox2CompleteCallback
                0x080021ee        0x2 CMakeFiles/project.elf.dir/Drivers/STM32F4xx_HAL_Driver/Src/stm32f4xx_hal_can.c.obj
                0x080021ee                HAL_CAN_TxMailbox2CompleteCallback
 .text.HAL_CAN_TxMailbox0AbortCallback
                0x080021f0        0x2 CMakeFiles/project.elf.dir/Drivers/STM32F4xx_HAL_Driver/Src/stm32f4xx_hal_can.c.obj
                0x080021f0                HAL_CAN_TxMailbox0AbortCallback
 .text.HAL_CAN_TxMailbox1AbortCallback
                0x080021f2        0x2 CMakeFiles/project.elf.dir/Drivers/STM32F4xx_HAL_Driver/Src/stm32f4xx_hal_can.c.obj
                0x080021f2                HAL_CAN_TxMailbox1AbortCallback
 .text.HAL_CAN_TxMailbox2AbortCallback
                0x080021f4        0x2 CMakeFiles/project.elf.dir/Drivers/STM32F4xx_HAL_Driver/Src/stm32f4xx_hal_can.c.obj
                0x080021f4                HAL_CAN_TxMailbox2AbortCallback
 .text.HAL_CAN_RxFifo0FullCallback
                0x080021f6        0x2 CMakeFiles/project.elf.dir/Drivers/STM32F4xx_HAL_Driver/Src/stm32f4xx_hal_can.c.obj
                0x080021f6                HAL_CAN_RxFifo0FullCallback
 .text.HAL_CAN_RxFifo1FullCallback
                0x080021f8        0x2 CMakeFiles/project.elf.dir/Drivers/STM32F4xx_HAL_Driver/Src/stm32f4xx_hal_can.c.obj
                0x080021f8                HAL_CAN_RxFifo1FullCallback
 .text.HAL_CAN_SleepCallback
                0x080021fa        0x2 CMakeFiles/project.elf.dir/Drivers/STM32F4xx_HAL_Driver/Src/stm32f4xx_hal_can.c.obj
                0x080021fa                HAL_CAN_SleepCallback
 .text.HAL_CAN_WakeUpFromRxMsgCallback
                0x080021fc        0x2 CMakeFiles/project.elf.dir/Drivers/STM32F4xx_HAL_Driver/Src/stm32f4xx_hal_can.c.obj
                0x080021fc                HAL_CAN_WakeUpFromRxMsgCallback
 .text.HAL_CAN_ErrorCallback
                0x080021fe        0x2 CMakeFiles/project.elf.dir/Drivers/STM32F4xx_HAL_Driver/Src/stm32f4xx_hal_can.c.obj
                0x080021fe                HAL_CAN_ErrorCallback
 .text.HAL_CAN_IRQHandler
                0x08002200      0x250 CMakeFiles/project.elf.dir/Drivers/STM32F4xx_HAL_Driver/Src/stm32f4xx_hal_can.c.obj
                0x08002200                HAL_CAN_IRQHandler
 .text.__NVIC_EnableIRQ
                0x08002450       0x1c CMakeFiles/project.elf.dir/Drivers/STM32F4xx_HAL_Driver/Src/stm32f4xx_hal_cortex.c.obj
 .text.__NVIC_SetPriority
                0x0800246c       0x28 CMakeFiles/project.elf.dir/Drivers/STM32F4xx_HAL_Driver/Src/stm32f4xx_hal_cortex.c.obj
 .text.NVIC_EncodePriority
                0x08002494       0x3e CMakeFiles/project.elf.dir/Drivers/STM32F4xx_HAL_Driver/Src/stm32f4xx_hal_cortex.c.obj
 *fill*         0x080024d2        0x2 
 .text.HAL_NVIC_SetPriorityGrouping
                0x080024d4       0x24 CMakeFiles/project.elf.dir/Drivers/STM32F4xx_HAL_Driver/Src/stm32f4xx_hal_cortex.c.obj
                0x080024d4                HAL_NVIC_SetPriorityGrouping
 .text.HAL_NVIC_SetPriority
                0x080024f8       0x20 CMakeFiles/project.elf.dir/Drivers/STM32F4xx_HAL_Driver/Src/stm32f4xx_hal_cortex.c.obj
                0x080024f8                HAL_NVIC_SetPriority
 .text.HAL_NVIC_EnableIRQ
                0x08002518        0x8 CMakeFiles/project.elf.dir/Drivers/STM32F4xx_HAL_Driver/Src/stm32f4xx_hal_cortex.c.obj
                0x08002518                HAL_NVIC_EnableIRQ
 .text.DMA_SetConfig
                0x08002520       0x2c CMakeFiles/project.elf.dir/Drivers/STM32F4xx_HAL_Driver/Src/stm32f4xx_hal_dma.c.obj
 .text.DMA_CalcBaseAndBitshift
                0x0800254c       0x3c CMakeFiles/project.elf.dir/Drivers/STM32F4xx_HAL_Driver/Src/stm32f4xx_hal_dma.c.obj
 .text.DMA_CheckFifoParam
                0x08002588       0x8e CMakeFiles/project.elf.dir/Drivers/STM32F4xx_HAL_Driver/Src/stm32f4xx_hal_dma.c.obj
 *fill*         0x08002616        0x2 
 .text.HAL_DMA_Init
                0x08002618       0xcc CMakeFiles/project.elf.dir/Drivers/STM32F4xx_HAL_Driver/Src/stm32f4xx_hal_dma.c.obj
                0x08002618                HAL_DMA_Init
 .text.HAL_DMA_Start_IT
                0x080026e4       0x6a CMakeFiles/project.elf.dir/Drivers/STM32F4xx_HAL_Driver/Src/stm32f4xx_hal_dma.c.obj
                0x080026e4                HAL_DMA_Start_IT
 .text.HAL_DMA_Abort
                0x0800274e       0x94 CMakeFiles/project.elf.dir/Drivers/STM32F4xx_HAL_Driver/Src/stm32f4xx_hal_dma.c.obj
                0x0800274e                HAL_DMA_Abort
 .text.HAL_DMA_Abort_IT
                0x080027e2       0x26 CMakeFiles/project.elf.dir/Drivers/STM32F4xx_HAL_Driver/Src/stm32f4xx_hal_dma.c.obj
                0x080027e2                HAL_DMA_Abort_IT
 .text.HAL_DMA_IRQHandler
                0x08002808      0x1dc CMakeFiles/project.elf.dir/Drivers/STM32F4xx_HAL_Driver/Src/stm32f4xx_hal_dma.c.obj
                0x08002808                HAL_DMA_IRQHandler
 .text.HAL_GPIO_Init
                0x080029e4      0x1ec CMakeFiles/project.elf.dir/Drivers/STM32F4xx_HAL_Driver/Src/stm32f4xx_hal_gpio.c.obj
                0x080029e4                HAL_GPIO_Init
 .text.HAL_GPIO_WritePin
                0x08002bd0        0xc CMakeFiles/project.elf.dir/Drivers/STM32F4xx_HAL_Driver/Src/stm32f4xx_hal_gpio.c.obj
                0x08002bd0                HAL_GPIO_WritePin
 .text.HAL_RCC_OscConfig
                0x08002bdc      0x3f8 CMakeFiles/project.elf.dir/Drivers/STM32F4xx_HAL_Driver/Src/stm32f4xx_hal_rcc.c.obj
                0x08002bdc                HAL_RCC_OscConfig
 .text.HAL_RCC_GetSysClockFreq
                0x08002fd4       0xa8 CMakeFiles/project.elf.dir/Drivers/STM32F4xx_HAL_Driver/Src/stm32f4xx_hal_rcc.c.obj
                0x08002fd4                HAL_RCC_GetSysClockFreq
 .text.HAL_RCC_ClockConfig
                0x0800307c      0x160 CMakeFiles/project.elf.dir/Drivers/STM32F4xx_HAL_Driver/Src/stm32f4xx_hal_rcc.c.obj
                0x0800307c                HAL_RCC_ClockConfig
 .text.HAL_RCC_GetHCLKFreq
                0x080031dc        0xc CMakeFiles/project.elf.dir/Drivers/STM32F4xx_HAL_Driver/Src/stm32f4xx_hal_rcc.c.obj
                0x080031dc                HAL_RCC_GetHCLKFreq
 .text.HAL_RCC_GetPCLK1Freq
                0x080031e8       0x20 CMakeFiles/project.elf.dir/Drivers/STM32F4xx_HAL_Driver/Src/stm32f4xx_hal_rcc.c.obj
                0x080031e8                HAL_RCC_GetPCLK1Freq
 .text.HAL_RCC_GetPCLK2Freq
                0x08003208       0x20 CMakeFiles/project.elf.dir/Drivers/STM32F4xx_HAL_Driver/Src/stm32f4xx_hal_rcc.c.obj
                0x08003208                HAL_RCC_GetPCLK2Freq
 .text.HAL_RCC_GetClockConfig
                0x08003228       0x3c CMakeFiles/project.elf.dir/Drivers/STM32F4xx_HAL_Driver/Src/stm32f4xx_hal_rcc.c.obj
                0x08003228                HAL_RCC_GetClockConfig
 .text.HAL_SPI_Init
                0x08003264       0xbe CMakeFiles/project.elf.dir/Drivers/STM32F4xx_HAL_Driver/Src/stm32f4xx_hal_spi.c.obj
                0x08003264                HAL_SPI_Init
 *fill*         0x08003322        0x2 
 .text.TIM_OC1_SetConfig
                0x08003324       0x70 CMakeFiles/project.elf.dir/Drivers/STM32F4xx_HAL_Driver/Src/stm32f4xx_hal_tim.c.obj
 .text.TIM_OC3_SetConfig
                0x08003394       0x70 CMakeFiles/project.elf.dir/Drivers/STM32F4xx_HAL_Driver/Src/stm32f4xx_hal_tim.c.obj
 .text.TIM_OC4_SetConfig
                0x08003404       0x50 CMakeFiles/project.elf.dir/Drivers/STM32F4xx_HAL_Driver/Src/stm32f4xx_hal_tim.c.obj
 .text.HAL_TIM_Base_Start_IT
                0x08003454       0x88 CMakeFiles/project.elf.dir/Drivers/STM32F4xx_HAL_Driver/Src/stm32f4xx_hal_tim.c.obj
                0x08003454                HAL_TIM_Base_Start_IT
 .text.HAL_TIM_PWM_MspInit
                0x080034dc        0x2 CMakeFiles/project.elf.dir/Drivers/STM32F4xx_HAL_Driver/Src/stm32f4xx_hal_tim.c.obj
                0x080034dc                HAL_TIM_PWM_MspInit
 .text.HAL_TIM_OC_DelayElapsedCallback
                0x080034de        0x2 CMakeFiles/project.elf.dir/Drivers/STM32F4xx_HAL_Driver/Src/stm32f4xx_hal_tim.c.obj
                0x080034de                HAL_TIM_OC_DelayElapsedCallback
 .text.HAL_TIM_IC_CaptureCallback
                0x080034e0        0x2 CMakeFiles/project.elf.dir/Drivers/STM32F4xx_HAL_Driver/Src/stm32f4xx_hal_tim.c.obj
                0x080034e0                HAL_TIM_IC_CaptureCallback
 .text.HAL_TIM_PWM_PulseFinishedCallback
                0x080034e2        0x2 CMakeFiles/project.elf.dir/Drivers/STM32F4xx_HAL_Driver/Src/stm32f4xx_hal_tim.c.obj
                0x080034e2                HAL_TIM_PWM_PulseFinishedCallback
 .text.HAL_TIM_TriggerCallback
                0x080034e4        0x2 CMakeFiles/project.elf.dir/Drivers/STM32F4xx_HAL_Driver/Src/stm32f4xx_hal_tim.c.obj
                0x080034e4                HAL_TIM_TriggerCallback
 .text.HAL_TIM_IRQHandler
                0x080034e6      0x15e CMakeFiles/project.elf.dir/Drivers/STM32F4xx_HAL_Driver/Src/stm32f4xx_hal_tim.c.obj
                0x080034e6                HAL_TIM_IRQHandler
 .text.TIM_Base_SetConfig
                0x08003644       0xd8 CMakeFiles/project.elf.dir/Drivers/STM32F4xx_HAL_Driver/Src/stm32f4xx_hal_tim.c.obj
                0x08003644                TIM_Base_SetConfig
 .text.HAL_TIM_Base_Init
                0x0800371c       0x58 CMakeFiles/project.elf.dir/Drivers/STM32F4xx_HAL_Driver/Src/stm32f4xx_hal_tim.c.obj
                0x0800371c                HAL_TIM_Base_Init
 .text.HAL_TIM_PWM_Init
                0x08003774       0x58 CMakeFiles/project.elf.dir/Drivers/STM32F4xx_HAL_Driver/Src/stm32f4xx_hal_tim.c.obj
                0x08003774                HAL_TIM_PWM_Init
 .text.TIM_OC2_SetConfig
                0x080037cc       0x70 CMakeFiles/project.elf.dir/Drivers/STM32F4xx_HAL_Driver/Src/stm32f4xx_hal_tim.c.obj
                0x080037cc                TIM_OC2_SetConfig
 .text.HAL_TIM_PWM_ConfigChannel
                0x0800383c       0xdc CMakeFiles/project.elf.dir/Drivers/STM32F4xx_HAL_Driver/Src/stm32f4xx_hal_tim.c.obj
                0x0800383c                HAL_TIM_PWM_ConfigChannel
 .text.HAL_TIMEx_CommutCallback
                0x08003918        0x2 CMakeFiles/project.elf.dir/Drivers/STM32F4xx_HAL_Driver/Src/stm32f4xx_hal_tim_ex.c.obj
                0x08003918                HAL_TIMEx_CommutCallback
 .text.HAL_TIMEx_BreakCallback
                0x0800391a        0x2 CMakeFiles/project.elf.dir/Drivers/STM32F4xx_HAL_Driver/Src/stm32f4xx_hal_tim_ex.c.obj
                0x0800391a                HAL_TIMEx_BreakCallback
 .text.UART_EndTxTransfer
                0x0800391c       0x20 CMakeFiles/project.elf.dir/Drivers/STM32F4xx_HAL_Driver/Src/stm32f4xx_hal_uart.c.obj
 .text.UART_EndRxTransfer
                0x0800393c       0x5c CMakeFiles/project.elf.dir/Drivers/STM32F4xx_HAL_Driver/Src/stm32f4xx_hal_uart.c.obj
 .text.UART_Transmit_IT
                0x08003998       0x60 CMakeFiles/project.elf.dir/Drivers/STM32F4xx_HAL_Driver/Src/stm32f4xx_hal_uart.c.obj
 .text.UART_SetConfig
                0x080039f8      0x110 CMakeFiles/project.elf.dir/Drivers/STM32F4xx_HAL_Driver/Src/stm32f4xx_hal_uart.c.obj
 .text.UART_WaitOnFlagUntilTimeout
                0x08003b08       0x86 CMakeFiles/project.elf.dir/Drivers/STM32F4xx_HAL_Driver/Src/stm32f4xx_hal_uart.c.obj
 .text.HAL_UART_Init
                0x08003b8e       0x60 CMakeFiles/project.elf.dir/Drivers/STM32F4xx_HAL_Driver/Src/stm32f4xx_hal_uart.c.obj
                0x08003b8e                HAL_UART_Init
 .text.HAL_UART_Transmit
                0x08003bee       0xcc CMakeFiles/project.elf.dir/Drivers/STM32F4xx_HAL_Driver/Src/stm32f4xx_hal_uart.c.obj
                0x08003bee                HAL_UART_Transmit
 .text.HAL_UART_TxCpltCallback
                0x08003cba        0x2 CMakeFiles/project.elf.dir/Drivers/STM32F4xx_HAL_Driver/Src/stm32f4xx_hal_uart.c.obj
                0x08003cba                HAL_UART_TxCpltCallback
 .text.UART_EndTransmit_IT
                0x08003cbc       0x1a CMakeFiles/project.elf.dir/Drivers/STM32F4xx_HAL_Driver/Src/stm32f4xx_hal_uart.c.obj
 .text.HAL_UART_RxHalfCpltCallback
                0x08003cd6        0x2 CMakeFiles/project.elf.dir/Drivers/STM32F4xx_HAL_Driver/Src/stm32f4xx_hal_uart.c.obj
                0x08003cd6                HAL_UART_RxHalfCpltCallback
 .text.HAL_UART_ErrorCallback
                0x08003cd8        0x2 CMakeFiles/project.elf.dir/Drivers/STM32F4xx_HAL_Driver/Src/stm32f4xx_hal_uart.c.obj
                0x08003cd8                HAL_UART_ErrorCallback
 .text.UART_DMAError
                0x08003cda       0x58 CMakeFiles/project.elf.dir/Drivers/STM32F4xx_HAL_Driver/Src/stm32f4xx_hal_uart.c.obj
 .text.UART_DMAAbortOnError
                0x08003d32       0x10 CMakeFiles/project.elf.dir/Drivers/STM32F4xx_HAL_Driver/Src/stm32f4xx_hal_uart.c.obj
 .text.HAL_UARTEx_RxEventCallback
                0x08003d42        0x2 CMakeFiles/project.elf.dir/Drivers/STM32F4xx_HAL_Driver/Src/stm32f4xx_hal_uart.c.obj
                0x08003d42                HAL_UARTEx_RxEventCallback
 .text.UART_Receive_IT
                0x08003d44       0xe6 CMakeFiles/project.elf.dir/Drivers/STM32F4xx_HAL_Driver/Src/stm32f4xx_hal_uart.c.obj
 *fill*         0x08003e2a        0x2 
 .text.HAL_UART_IRQHandler
                0x08003e2c      0x284 CMakeFiles/project.elf.dir/Drivers/STM32F4xx_HAL_Driver/Src/stm32f4xx_hal_uart.c.obj
                0x08003e2c                HAL_UART_IRQHandler
 .text.UART_DMARxHalfCplt
                0x080040b0       0x1e CMakeFiles/project.elf.dir/Drivers/STM32F4xx_HAL_Driver/Src/stm32f4xx_hal_uart.c.obj
 .text.UART_DMAReceiveCplt
                0x080040ce       0x9a CMakeFiles/project.elf.dir/Drivers/STM32F4xx_HAL_Driver/Src/stm32f4xx_hal_uart.c.obj
 .text.UART_Start_Receive_DMA
                0x08004168       0xa4 CMakeFiles/project.elf.dir/Drivers/STM32F4xx_HAL_Driver/Src/stm32f4xx_hal_uart.c.obj
                0x08004168                UART_Start_Receive_DMA
 .text.HAL_UART_Receive_DMA
                0x0800420c       0x26 CMakeFiles/project.elf.dir/Drivers/STM32F4xx_HAL_Driver/Src/stm32f4xx_hal_uart.c.obj
                0x0800420c                HAL_UART_Receive_DMA
 .text.SysTick_Handler
                0x08004232       0x18 CMakeFiles/project.elf.dir/Middlewares/Third_Party/FreeRTOS/Source/CMSIS_RTOS_V2/cmsis_os2.c.obj
                0x08004232                SysTick_Handler
 *fill*         0x0800424a        0x2 
 .text.osKernelInitialize
                0x0800424c       0x24 CMakeFiles/project.elf.dir/Middlewares/Third_Party/FreeRTOS/Source/CMSIS_RTOS_V2/cmsis_os2.c.obj
                0x0800424c                osKernelInitialize
 .text.osKernelStart
                0x08004270       0x38 CMakeFiles/project.elf.dir/Middlewares/Third_Party/FreeRTOS/Source/CMSIS_RTOS_V2/cmsis_os2.c.obj
                0x08004270                osKernelStart
 .text.osThreadNew
                0x080042a8       0xbe CMakeFiles/project.elf.dir/Middlewares/Third_Party/FreeRTOS/Source/CMSIS_RTOS_V2/cmsis_os2.c.obj
                0x080042a8                osThreadNew
 .text.osDelay  0x08004366       0x1c CMakeFiles/project.elf.dir/Middlewares/Third_Party/FreeRTOS/Source/CMSIS_RTOS_V2/cmsis_os2.c.obj
                0x08004366                osDelay
 *fill*         0x08004382        0x2 
 .text.vApplicationGetIdleTaskMemory
                0x08004384       0x18 CMakeFiles/project.elf.dir/Middlewares/Third_Party/FreeRTOS/Source/CMSIS_RTOS_V2/cmsis_os2.c.obj
                0x08004384                vApplicationGetIdleTaskMemory
 .text.vApplicationGetTimerTaskMemory
                0x0800439c       0x18 CMakeFiles/project.elf.dir/Middlewares/Third_Party/FreeRTOS/Source/CMSIS_RTOS_V2/cmsis_os2.c.obj
                0x0800439c                vApplicationGetTimerTaskMemory
 .text.vListInitialise
                0x080043b4       0x16 CMakeFiles/project.elf.dir/Middlewares/Third_Party/FreeRTOS/Source/list.c.obj
                0x080043b4                vListInitialise
 .text.vListInitialiseItem
                0x080043ca        0x6 CMakeFiles/project.elf.dir/Middlewares/Third_Party/FreeRTOS/Source/list.c.obj
                0x080043ca                vListInitialiseItem
 .text.vListInsertEnd
                0x080043d0       0x16 CMakeFiles/project.elf.dir/Middlewares/Third_Party/FreeRTOS/Source/list.c.obj
                0x080043d0                vListInsertEnd
 .text.vListInsert
                0x080043e6       0x32 CMakeFiles/project.elf.dir/Middlewares/Third_Party/FreeRTOS/Source/list.c.obj
                0x080043e6                vListInsert
 .text.uxListRemove
                0x08004418       0x26 CMakeFiles/project.elf.dir/Middlewares/Third_Party/FreeRTOS/Source/list.c.obj
                0x08004418                uxListRemove
 *fill*         0x0800443e        0x2 
 .text.prvTaskExitError
                0x08004440       0x40 CMakeFiles/project.elf.dir/Middlewares/Third_Party/FreeRTOS/Source/portable/GCC/ARM_CM4F/port.c.obj
 .text.prvPortStartFirstTask
                0x08004480       0x28 CMakeFiles/project.elf.dir/Middlewares/Third_Party/FreeRTOS/Source/portable/GCC/ARM_CM4F/port.c.obj
 .text.vPortEnableVFP
                0x080044a8       0x14 CMakeFiles/project.elf.dir/Middlewares/Third_Party/FreeRTOS/Source/portable/GCC/ARM_CM4F/port.c.obj
 .text.pxPortInitialiseStack
                0x080044bc       0x2c CMakeFiles/project.elf.dir/Middlewares/Third_Party/FreeRTOS/Source/portable/GCC/ARM_CM4F/port.c.obj
                0x080044bc                pxPortInitialiseStack
 *fill*         0x080044e8        0x8 
 .text.SVC_Handler
                0x080044f0       0x24 CMakeFiles/project.elf.dir/Middlewares/Third_Party/FreeRTOS/Source/portable/GCC/ARM_CM4F/port.c.obj
                0x080044f0                SVC_Handler
 .text.vPortEnterCritical
                0x08004514       0x44 CMakeFiles/project.elf.dir/Middlewares/Third_Party/FreeRTOS/Source/portable/GCC/ARM_CM4F/port.c.obj
                0x08004514                vPortEnterCritical
 .text.vPortExitCritical
                0x08004558       0x2c CMakeFiles/project.elf.dir/Middlewares/Third_Party/FreeRTOS/Source/portable/GCC/ARM_CM4F/port.c.obj
                0x08004558                vPortExitCritical
 *fill*         0x08004584        0xc 
 .text.PendSV_Handler
                0x08004590       0x64 CMakeFiles/project.elf.dir/Middlewares/Third_Party/FreeRTOS/Source/portable/GCC/ARM_CM4F/port.c.obj
                0x08004590                PendSV_Handler
 .text.xPortSysTickHandler
                0x080045f4       0x2c CMakeFiles/project.elf.dir/Middlewares/Third_Party/FreeRTOS/Source/portable/GCC/ARM_CM4F/port.c.obj
                0x080045f4                xPortSysTickHandler
 .text.vPortSetupTimerInterrupt
                0x08004620       0x28 CMakeFiles/project.elf.dir/Middlewares/Third_Party/FreeRTOS/Source/portable/GCC/ARM_CM4F/port.c.obj
                0x08004620                vPortSetupTimerInterrupt
 .text.xPortStartScheduler
                0x08004648      0x118 CMakeFiles/project.elf.dir/Middlewares/Third_Party/FreeRTOS/Source/portable/GCC/ARM_CM4F/port.c.obj
                0x08004648                xPortStartScheduler
 .text.vPortValidateInterruptPriority
                0x08004760       0x5c CMakeFiles/project.elf.dir/Middlewares/Third_Party/FreeRTOS/Source/portable/GCC/ARM_CM4F/port.c.obj
                0x08004760                vPortValidateInterruptPriority
 .text.prvHeapInit
                0x080047bc       0x64 CMakeFiles/project.elf.dir/Middlewares/Third_Party/FreeRTOS/Source/portable/MemMang/heap_4.c.obj
 .text.prvInsertBlockIntoFreeList
                0x08004820       0x64 CMakeFiles/project.elf.dir/Middlewares/Third_Party/FreeRTOS/Source/portable/MemMang/heap_4.c.obj
 .text.pvPortMalloc
                0x08004884      0x104 CMakeFiles/project.elf.dir/Middlewares/Third_Party/FreeRTOS/Source/portable/MemMang/heap_4.c.obj
                0x08004884                pvPortMalloc
 .text.vPortFree
                0x08004988       0x7c CMakeFiles/project.elf.dir/Middlewares/Third_Party/FreeRTOS/Source/portable/MemMang/heap_4.c.obj
                0x08004988                vPortFree
 .text.prvIsQueueFull
                0x08004a04       0x1e CMakeFiles/project.elf.dir/Middlewares/Third_Party/FreeRTOS/Source/queue.c.obj
 .text.prvIsQueueEmpty
                0x08004a22       0x1a CMakeFiles/project.elf.dir/Middlewares/Third_Party/FreeRTOS/Source/queue.c.obj
 .text.prvCopyDataToQueue
                0x08004a3c       0x76 CMakeFiles/project.elf.dir/Middlewares/Third_Party/FreeRTOS/Source/queue.c.obj
 .text.prvCopyDataFromQueue
                0x08004ab2       0x24 CMakeFiles/project.elf.dir/Middlewares/Third_Party/FreeRTOS/Source/queue.c.obj
 .text.prvUnlockQueue
                0x08004ad6       0x6e CMakeFiles/project.elf.dir/Middlewares/Third_Party/FreeRTOS/Source/queue.c.obj
 .text.xQueueGenericReset
                0x08004b44       0x84 CMakeFiles/project.elf.dir/Middlewares/Third_Party/FreeRTOS/Source/queue.c.obj
                0x08004b44                xQueueGenericReset
 .text.prvInitialiseNewQueue
                0x08004bc8       0x22 CMakeFiles/project.elf.dir/Middlewares/Third_Party/FreeRTOS/Source/queue.c.obj
 .text.xQueueGenericCreateStatic
                0x08004bea       0x94 CMakeFiles/project.elf.dir/Middlewares/Third_Party/FreeRTOS/Source/queue.c.obj
                0x08004bea                xQueueGenericCreateStatic
 .text.xQueueGenericSend
                0x08004c7e      0x188 CMakeFiles/project.elf.dir/Middlewares/Third_Party/FreeRTOS/Source/queue.c.obj
                0x08004c7e                xQueueGenericSend
 .text.xQueueGenericSendFromISR
                0x08004e06       0xce CMakeFiles/project.elf.dir/Middlewares/Third_Party/FreeRTOS/Source/queue.c.obj
                0x08004e06                xQueueGenericSendFromISR
 .text.xQueueReceive
                0x08004ed4      0x15e CMakeFiles/project.elf.dir/Middlewares/Third_Party/FreeRTOS/Source/queue.c.obj
                0x08004ed4                xQueueReceive
 *fill*         0x08005032        0x2 
 .text.vQueueAddToRegistry
                0x08005034       0x28 CMakeFiles/project.elf.dir/Middlewares/Third_Party/FreeRTOS/Source/queue.c.obj
                0x08005034                vQueueAddToRegistry
 .text.vQueueWaitForMessageRestricted
                0x0800505c       0x52 CMakeFiles/project.elf.dir/Middlewares/Third_Party/FreeRTOS/Source/queue.c.obj
                0x0800505c                vQueueWaitForMessageRestricted
 *fill*         0x080050ae        0x2 
 .text.prvResetNextTaskUnblockTime
                0x080050b0       0x2c CMakeFiles/project.elf.dir/Middlewares/Third_Party/FreeRTOS/Source/tasks.c.obj
 .text.prvInitialiseNewTask
                0x080050dc      0x104 CMakeFiles/project.elf.dir/Middlewares/Third_Party/FreeRTOS/Source/tasks.c.obj
 .text.prvInitialiseTaskLists
                0x080051e0       0x68 CMakeFiles/project.elf.dir/Middlewares/Third_Party/FreeRTOS/Source/tasks.c.obj
 .text.prvAddNewTaskToReadyList
                0x08005248       0xac CMakeFiles/project.elf.dir/Middlewares/Third_Party/FreeRTOS/Source/tasks.c.obj
 .text.prvDeleteTCB
                0x080052f4       0x40 CMakeFiles/project.elf.dir/Middlewares/Third_Party/FreeRTOS/Source/tasks.c.obj
 .text.prvCheckTasksWaitingTermination
                0x08005334       0x4c CMakeFiles/project.elf.dir/Middlewares/Third_Party/FreeRTOS/Source/tasks.c.obj
 .text.prvIdleTask
                0x08005380       0x28 CMakeFiles/project.elf.dir/Middlewares/Third_Party/FreeRTOS/Source/tasks.c.obj
 .text.prvAddCurrentTaskToDelayedList
                0x080053a8       0x7c CMakeFiles/project.elf.dir/Middlewares/Third_Party/FreeRTOS/Source/tasks.c.obj
 .text.xTaskCreateStatic
                0x08005424       0x7a CMakeFiles/project.elf.dir/Middlewares/Third_Party/FreeRTOS/Source/tasks.c.obj
                0x08005424                xTaskCreateStatic
 .text.xTaskCreate
                0x0800549e       0x66 CMakeFiles/project.elf.dir/Middlewares/Third_Party/FreeRTOS/Source/tasks.c.obj
                0x0800549e                xTaskCreate
 .text.vTaskStartScheduler
                0x08005504       0xac CMakeFiles/project.elf.dir/Middlewares/Third_Party/FreeRTOS/Source/tasks.c.obj
                0x08005504                vTaskStartScheduler
 .text.vTaskSuspendAll
                0x080055b0       0x10 CMakeFiles/project.elf.dir/Middlewares/Third_Party/FreeRTOS/Source/tasks.c.obj
                0x080055b0                vTaskSuspendAll
 .text.xTaskGetTickCount
                0x080055c0        0xc CMakeFiles/project.elf.dir/Middlewares/Third_Party/FreeRTOS/Source/tasks.c.obj
                0x080055c0                xTaskGetTickCount
 .text.xTaskIncrementTick
                0x080055cc      0x118 CMakeFiles/project.elf.dir/Middlewares/Third_Party/FreeRTOS/Source/tasks.c.obj
                0x080055cc                xTaskIncrementTick
 .text.xTaskResumeAll
                0x080056e4       0xf8 CMakeFiles/project.elf.dir/Middlewares/Third_Party/FreeRTOS/Source/tasks.c.obj
                0x080056e4                xTaskResumeAll
 .text.vTaskDelay
                0x080057dc       0x4c CMakeFiles/project.elf.dir/Middlewares/Third_Party/FreeRTOS/Source/tasks.c.obj
                0x080057dc                vTaskDelay
 .text.vTaskSwitchContext
                0x08005828       0xa4 CMakeFiles/project.elf.dir/Middlewares/Third_Party/FreeRTOS/Source/tasks.c.obj
                0x08005828                vTaskSwitchContext
 .text.vTaskPlaceOnEventList
                0x080058cc       0x30 CMakeFiles/project.elf.dir/Middlewares/Third_Party/FreeRTOS/Source/tasks.c.obj
                0x080058cc                vTaskPlaceOnEventList
 .text.vTaskPlaceOnEventListRestricted
                0x080058fc       0x38 CMakeFiles/project.elf.dir/Middlewares/Third_Party/FreeRTOS/Source/tasks.c.obj
                0x080058fc                vTaskPlaceOnEventListRestricted
 .text.xTaskRemoveFromEventList
                0x08005934       0x8c CMakeFiles/project.elf.dir/Middlewares/Third_Party/FreeRTOS/Source/tasks.c.obj
                0x08005934                xTaskRemoveFromEventList
 .text.vTaskInternalSetTimeOutState
                0x080059c0       0x18 CMakeFiles/project.elf.dir/Middlewares/Third_Party/FreeRTOS/Source/tasks.c.obj
                0x080059c0                vTaskInternalSetTimeOutState
 .text.xTaskCheckForTimeOut
                0x080059d8       0x84 CMakeFiles/project.elf.dir/Middlewares/Third_Party/FreeRTOS/Source/tasks.c.obj
                0x080059d8                xTaskCheckForTimeOut
 .text.vTaskMissedYield
                0x08005a5c        0xc CMakeFiles/project.elf.dir/Middlewares/Third_Party/FreeRTOS/Source/tasks.c.obj
                0x08005a5c                vTaskMissedYield
 .text.xTaskGetSchedulerState
                0x08005a68       0x20 CMakeFiles/project.elf.dir/Middlewares/Third_Party/FreeRTOS/Source/tasks.c.obj
                0x08005a68                xTaskGetSchedulerState
 .text.xTaskPriorityDisinherit
                0x08005a88       0x90 CMakeFiles/project.elf.dir/Middlewares/Third_Party/FreeRTOS/Source/tasks.c.obj
                0x08005a88                xTaskPriorityDisinherit
 .text.prvGetNextExpireTime
                0x08005b18       0x20 CMakeFiles/project.elf.dir/Middlewares/Third_Party/FreeRTOS/Source/timers.c.obj
 .text.prvInsertTimerInActiveList
                0x08005b38       0x48 CMakeFiles/project.elf.dir/Middlewares/Third_Party/FreeRTOS/Source/timers.c.obj
 .text.prvCheckForValidListAndQueue
                0x08005b80       0x70 CMakeFiles/project.elf.dir/Middlewares/Third_Party/FreeRTOS/Source/timers.c.obj
 .text.xTimerCreateTimerTask
                0x08005bf0       0x64 CMakeFiles/project.elf.dir/Middlewares/Third_Party/FreeRTOS/Source/timers.c.obj
                0x08005bf0                xTimerCreateTimerTask
 .text.xTimerGenericCommand
                0x08005c54       0x6c CMakeFiles/project.elf.dir/Middlewares/Third_Party/FreeRTOS/Source/timers.c.obj
                0x08005c54                xTimerGenericCommand
 .text.prvSwitchTimerLists
                0x08005cc0       0x7c CMakeFiles/project.elf.dir/Middlewares/Third_Party/FreeRTOS/Source/timers.c.obj
 .text.prvSampleTimeNow
                0x08005d3c       0x2c CMakeFiles/project.elf.dir/Middlewares/Third_Party/FreeRTOS/Source/timers.c.obj
 .text.prvProcessExpiredTimer
                0x08005d68       0x6c CMakeFiles/project.elf.dir/Middlewares/Third_Party/FreeRTOS/Source/timers.c.obj
 .text.prvProcessTimerOrBlockTask
                0x08005dd4       0x74 CMakeFiles/project.elf.dir/Middlewares/Third_Party/FreeRTOS/Source/timers.c.obj
 .text.prvProcessReceivedCommands
                0x08005e48      0x10c CMakeFiles/project.elf.dir/Middlewares/Third_Party/FreeRTOS/Source/timers.c.obj
 .text.prvTimerTask
                0x08005f54       0x16 CMakeFiles/project.elf.dir/Middlewares/Third_Party/FreeRTOS/Source/timers.c.obj
 *fill*         0x08005f6a        0x2 
 .text.Chassis_Init
                0x08005f6c       0xe0 CMakeFiles/project.elf.dir/app/chassis/chassis.c.obj
                0x08005f6c                Chassis_Init
 .text.Get_Angle_Roll
                0x0800604c       0xc8 CMakeFiles/project.elf.dir/app/chassis/chassis.c.obj
                0x0800604c                Get_Angle_Roll
 .text.gimbal_follow
                0x08006114       0xd8 CMakeFiles/project.elf.dir/app/chassis/chassis.c.obj
                0x08006114                gimbal_follow
 .text.chassis_state_change
                0x080061ec       0x1c CMakeFiles/project.elf.dir/app/chassis/chassis.c.obj
                0x080061ec                chassis_state_change
 .text.Kinematics_Inverse_Resolution
                0x08006208       0x78 CMakeFiles/project.elf.dir/app/chassis/chassis.c.obj
                0x08006208                Kinematics_Inverse_Resolution
 .text.chassis_6020
                0x08006280       0x98 CMakeFiles/project.elf.dir/app/chassis/chassis.c.obj
                0x08006280                chassis_6020
 .text.Output_To_Pid
                0x08006318       0xe4 CMakeFiles/project.elf.dir/app/chassis/chassis.c.obj
                0x08006318                Output_To_Pid
 .text.CANServiceInit
                0x080063fc       0x20 CMakeFiles/project.elf.dir/bsp/can/bsp_can.c.obj
 .text.CAN_Filter_Init
                0x0800641c       0x60 CMakeFiles/project.elf.dir/bsp/can/bsp_can.c.obj
                0x0800641c                CAN_Filter_Init
 .text.cmd_motor
                0x0800647c       0x5c CMakeFiles/project.elf.dir/bsp/can/bsp_can.c.obj
                0x0800647c                cmd_motor
 .text.cmd_trans
                0x080064d8       0x5c CMakeFiles/project.elf.dir/bsp/can/bsp_can.c.obj
                0x080064d8                cmd_trans
 .text.decode_motor_measure
                0x08006534       0x7c CMakeFiles/project.elf.dir/bsp/can/bsp_can.c.obj
                0x08006534                decode_motor_measure
 .text.decode_message_measure
                0x080065b0       0x2a CMakeFiles/project.elf.dir/bsp/can/bsp_can.c.obj
                0x080065b0                decode_message_measure
 *fill*         0x080065da        0x2 
 .text.HAL_CAN_RxFifo0MsgPendingCallback
                0x080065dc       0xec CMakeFiles/project.elf.dir/bsp/can/bsp_can.c.obj
                0x080065dc                HAL_CAN_RxFifo0MsgPendingCallback
 .text.HAL_CAN_RxFifo1MsgPendingCallback
                0x080066c8       0xac CMakeFiles/project.elf.dir/bsp/can/bsp_can.c.obj
                0x080066c8                HAL_CAN_RxFifo1MsgPendingCallback
 .text.pid_Init
                0x08006774       0x38 CMakeFiles/project.elf.dir/calculate/pid/bsp_pid.c.obj
                0x08006774                pid_Init
 .text.pid_set  0x080067ac       0x48 CMakeFiles/project.elf.dir/calculate/pid/bsp_pid.c.obj
                0x080067ac                pid_set
 .text.PID_calc
                0x080067f4       0xe0 CMakeFiles/project.elf.dir/calculate/pid/bsp_pid.c.obj
                0x080067f4                PID_calc
 .text.HAL_UART_RxCpltCallback
                0x080068d4      0x2b4 CMakeFiles/project.elf.dir/modules/dr16/dr16.c.obj
                0x080068d4                HAL_UART_RxCpltCallback
 .text.dr16_sw  0x08006b88        0x6 CMakeFiles/project.elf.dir/modules/dr16/dr16.c.obj
                0x08006b88                dr16_sw
 *fill*         0x08006b8e        0x2 
 .text.__udivmoddi4
                0x08006b90      0x2bc E:/Clion/toolchain/arm-none-eabi/13.3 rel1/bin/../lib/gcc/arm-none-eabi/13.3.1/thumb/v7e-m+fp/hard\libgcc.a(_udivmoddi4.o)
                0x08006b90                __udivmoddi4
 .text.stdio_exit_handler
                0x08006e4c       0x18 E:/Clion/toolchain/arm-none-eabi/13.3 rel1/bin/../lib/gcc/arm-none-eabi/13.3.1/thumb/v7e-m+fp/hard\libg.a(libc_a-findfp.o)
 .text.cleanup_stdio
                0x08006e64       0x40 E:/Clion/toolchain/arm-none-eabi/13.3 rel1/bin/../lib/gcc/arm-none-eabi/13.3.1/thumb/v7e-m+fp/hard\libg.a(libc_a-findfp.o)
 .text.global_stdio_init.part.0
                0x08006ea4       0xf0 E:/Clion/toolchain/arm-none-eabi/13.3 rel1/bin/../lib/gcc/arm-none-eabi/13.3.1/thumb/v7e-m+fp/hard\libg.a(libc_a-findfp.o)
 .text.__sinit  0x08006f94       0x3c E:/Clion/toolchain/arm-none-eabi/13.3 rel1/bin/../lib/gcc/arm-none-eabi/13.3.1/thumb/v7e-m+fp/hard\libg.a(libc_a-findfp.o)
                0x08006f94                __sinit
 .text.__sfp_lock_acquire
                0x08006fd0        0xc E:/Clion/toolchain/arm-none-eabi/13.3 rel1/bin/../lib/gcc/arm-none-eabi/13.3.1/thumb/v7e-m+fp/hard\libg.a(libc_a-findfp.o)
                0x08006fd0                __sfp_lock_acquire
 .text.__sfp_lock_release
                0x08006fdc        0xc E:/Clion/toolchain/arm-none-eabi/13.3 rel1/bin/../lib/gcc/arm-none-eabi/13.3.1/thumb/v7e-m+fp/hard\libg.a(libc_a-findfp.o)
                0x08006fdc                __sfp_lock_release
 .text._fwalk_sglue
                0x08006fe8       0x44 E:/Clion/toolchain/arm-none-eabi/13.3 rel1/bin/../lib/gcc/arm-none-eabi/13.3.1/thumb/v7e-m+fp/hard\libg.a(libc_a-fwalk.o)
                0x08006fe8                _fwalk_sglue
 .text.sprintf  0x0800702c       0x44 E:/Clion/toolchain/arm-none-eabi/13.3 rel1/bin/../lib/gcc/arm-none-eabi/13.3.1/thumb/v7e-m+fp/hard\libg.a(libc_a-sprintf.o)
                0x0800702c                sprintf
 .text.__sread  0x08007070       0x24 E:/Clion/toolchain/arm-none-eabi/13.3 rel1/bin/../lib/gcc/arm-none-eabi/13.3.1/thumb/v7e-m+fp/hard\libg.a(libc_a-stdio.o)
                0x08007070                __sread
 .text.__swrite
                0x08007094       0x40 E:/Clion/toolchain/arm-none-eabi/13.3 rel1/bin/../lib/gcc/arm-none-eabi/13.3.1/thumb/v7e-m+fp/hard\libg.a(libc_a-stdio.o)
                0x08007094                __swrite
 .text.__sseek  0x080070d4       0x24 E:/Clion/toolchain/arm-none-eabi/13.3 rel1/bin/../lib/gcc/arm-none-eabi/13.3.1/thumb/v7e-m+fp/hard\libg.a(libc_a-stdio.o)
                0x080070d4                __sseek
 .text.__sclose
                0x080070f8        0x8 E:/Clion/toolchain/arm-none-eabi/13.3 rel1/bin/../lib/gcc/arm-none-eabi/13.3.1/thumb/v7e-m+fp/hard\libg.a(libc_a-stdio.o)
                0x080070f8                __sclose
 .text.memset   0x08007100       0xa4 E:/Clion/toolchain/arm-none-eabi/13.3 rel1/bin/../lib/gcc/arm-none-eabi/13.3.1/thumb/v7e-m+fp/hard\libg.a(libc_a-memset.o)
                0x08007100                memset
 .text._close_r
                0x080071a4       0x24 E:/Clion/toolchain/arm-none-eabi/13.3 rel1/bin/../lib/gcc/arm-none-eabi/13.3.1/thumb/v7e-m+fp/hard\libg.a(libc_a-closer.o)
                0x080071a4                _close_r
 .text._reclaim_reent
                0x080071c8       0x6c E:/Clion/toolchain/arm-none-eabi/13.3 rel1/bin/../lib/gcc/arm-none-eabi/13.3.1/thumb/v7e-m+fp/hard\libg.a(libc_a-reent.o)
                0x080071c8                _reclaim_reent
 .text._lseek_r
                0x08007234       0x2c E:/Clion/toolchain/arm-none-eabi/13.3 rel1/bin/../lib/gcc/arm-none-eabi/13.3.1/thumb/v7e-m+fp/hard\libg.a(libc_a-lseekr.o)
                0x08007234                _lseek_r
 .text._read_r  0x08007260       0x2c E:/Clion/toolchain/arm-none-eabi/13.3 rel1/bin/../lib/gcc/arm-none-eabi/13.3.1/thumb/v7e-m+fp/hard\libg.a(libc_a-readr.o)
                0x08007260                _read_r
 .text._write_r
                0x0800728c       0x2c E:/Clion/toolchain/arm-none-eabi/13.3 rel1/bin/../lib/gcc/arm-none-eabi/13.3.1/thumb/v7e-m+fp/hard\libg.a(libc_a-writer.o)
                0x0800728c                _write_r
 .text.__errno  0x080072b8        0xc E:/Clion/toolchain/arm-none-eabi/13.3 rel1/bin/../lib/gcc/arm-none-eabi/13.3.1/thumb/v7e-m+fp/hard\libg.a(libc_a-errno.o)
                0x080072b8                __errno
 .text.__libc_init_array
                0x080072c4       0x50 E:/Clion/toolchain/arm-none-eabi/13.3 rel1/bin/../lib/gcc/arm-none-eabi/13.3.1/thumb/v7e-m+fp/hard\libg.a(libc_a-init.o)
                0x080072c4                __libc_init_array
 .text.__retarget_lock_init_recursive
                0x08007314        0x4 E:/Clion/toolchain/arm-none-eabi/13.3 rel1/bin/../lib/gcc/arm-none-eabi/13.3.1/thumb/v7e-m+fp/hard\libg.a(libc_a-lock.o)
                0x08007314                __retarget_lock_init_recursive
 .text.__retarget_lock_close_recursive
                0x08007318        0x4 E:/Clion/toolchain/arm-none-eabi/13.3 rel1/bin/../lib/gcc/arm-none-eabi/13.3.1/thumb/v7e-m+fp/hard\libg.a(libc_a-lock.o)
                0x08007318                __retarget_lock_close_recursive
 .text.__retarget_lock_acquire_recursive
                0x0800731c        0x4 E:/Clion/toolchain/arm-none-eabi/13.3 rel1/bin/../lib/gcc/arm-none-eabi/13.3.1/thumb/v7e-m+fp/hard\libg.a(libc_a-lock.o)
                0x0800731c                __retarget_lock_acquire_recursive
 .text.__retarget_lock_release_recursive
                0x08007320        0x4 E:/Clion/toolchain/arm-none-eabi/13.3 rel1/bin/../lib/gcc/arm-none-eabi/13.3.1/thumb/v7e-m+fp/hard\libg.a(libc_a-lock.o)
                0x08007320                __retarget_lock_release_recursive
 .text.startup.register_fini
                0x08007324       0x14 E:/Clion/toolchain/arm-none-eabi/13.3 rel1/bin/../lib/gcc/arm-none-eabi/13.3.1/thumb/v7e-m+fp/hard\libg.a(libc_a-__call_atexit.o)
 .text.atexit   0x08007338        0xc E:/Clion/toolchain/arm-none-eabi/13.3 rel1/bin/../lib/gcc/arm-none-eabi/13.3.1/thumb/v7e-m+fp/hard\libg.a(libc_a-atexit.o)
                0x08007338                atexit
 .text._malloc_trim_r
                0x08007344       0xb8 E:/Clion/toolchain/arm-none-eabi/13.3 rel1/bin/../lib/gcc/arm-none-eabi/13.3.1/thumb/v7e-m+fp/hard\libg.a(libc_a-freer.o)
                0x08007344                _malloc_trim_r
 .text._free_r  0x080073fc      0x1f8 E:/Clion/toolchain/arm-none-eabi/13.3 rel1/bin/../lib/gcc/arm-none-eabi/13.3.1/thumb/v7e-m+fp/hard\libg.a(libc_a-freer.o)
                0x080073fc                _free_r
 .text._malloc_r
                0x080075f4      0x564 E:/Clion/toolchain/arm-none-eabi/13.3 rel1/bin/../lib/gcc/arm-none-eabi/13.3.1/thumb/v7e-m+fp/hard\libg.a(libc_a-mallocr.o)
                0x080075f4                _malloc_r
 .text.__malloc_lock
                0x08007b58        0xc E:/Clion/toolchain/arm-none-eabi/13.3 rel1/bin/../lib/gcc/arm-none-eabi/13.3.1/thumb/v7e-m+fp/hard\libg.a(libc_a-mlock.o)
                0x08007b58                __malloc_lock
 .text.__malloc_unlock
                0x08007b64        0xc E:/Clion/toolchain/arm-none-eabi/13.3 rel1/bin/../lib/gcc/arm-none-eabi/13.3.1/thumb/v7e-m+fp/hard\libg.a(libc_a-mlock.o)
                0x08007b64                __malloc_unlock
 .text._svfprintf_r
                0x08007b70     0x1b3c E:/Clion/toolchain/arm-none-eabi/13.3 rel1/bin/../lib/gcc/arm-none-eabi/13.3.1/thumb/v7e-m+fp/hard\libg.a(libc_a-svfprintf.o)
                0x08007b70                _svfprintf_r
 .text.__ssprint_r
                0x080096ac       0x58 E:/Clion/toolchain/arm-none-eabi/13.3 rel1/bin/../lib/gcc/arm-none-eabi/13.3.1/thumb/v7e-m+fp/hard\libg.a(libc_a-ssprint_r.o)
                0x080096ac                __ssprint_r
 .text._fclose_r
                0x08009704       0xc0 E:/Clion/toolchain/arm-none-eabi/13.3 rel1/bin/../lib/gcc/arm-none-eabi/13.3.1/thumb/v7e-m+fp/hard\libg.a(libc_a-fclose.o)
                0x08009704                _fclose_r
 .text.__sflush_r
                0x080097c4      0x138 E:/Clion/toolchain/arm-none-eabi/13.3 rel1/bin/../lib/gcc/arm-none-eabi/13.3.1/thumb/v7e-m+fp/hard\libg.a(libc_a-fflush.o)
                0x080097c4                __sflush_r
 .text._fflush_r
                0x080098fc       0x54 E:/Clion/toolchain/arm-none-eabi/13.3 rel1/bin/../lib/gcc/arm-none-eabi/13.3.1/thumb/v7e-m+fp/hard\libg.a(libc_a-fflush.o)
                0x080098fc                _fflush_r
 .text.strncpy  0x08009950       0x68 E:/Clion/toolchain/arm-none-eabi/13.3 rel1/bin/../lib/gcc/arm-none-eabi/13.3.1/thumb/v7e-m+fp/hard\libg.a(libc_a-strncpy.o)
                0x08009950                strncpy
 .text.__locale_mb_cur_max
                0x080099b8        0xc E:/Clion/toolchain/arm-none-eabi/13.3 rel1/bin/../lib/gcc/arm-none-eabi/13.3.1/thumb/v7e-m+fp/hard\libg.a(libc_a-locale.o)
                0x080099b8                __locale_mb_cur_max
 .text._localeconv_r
                0x080099c4        0x8 E:/Clion/toolchain/arm-none-eabi/13.3 rel1/bin/../lib/gcc/arm-none-eabi/13.3.1/thumb/v7e-m+fp/hard\libg.a(libc_a-localeconv.o)
                0x080099c4                _localeconv_r
 .text._sbrk_r  0x080099cc       0x24 E:/Clion/toolchain/arm-none-eabi/13.3 rel1/bin/../lib/gcc/arm-none-eabi/13.3.1/thumb/v7e-m+fp/hard\libg.a(libc_a-sbrkr.o)
                0x080099cc                _sbrk_r
 .text.__libc_fini_array
                0x080099f0       0x28 E:/Clion/toolchain/arm-none-eabi/13.3 rel1/bin/../lib/gcc/arm-none-eabi/13.3.1/thumb/v7e-m+fp/hard\libg.a(libc_a-fini.o)
                0x080099f0                __libc_fini_array
 .text.sysconf  0x08009a18       0x1c E:/Clion/toolchain/arm-none-eabi/13.3 rel1/bin/../lib/gcc/arm-none-eabi/13.3.1/thumb/v7e-m+fp/hard\libg.a(libc_a-sysconf.o)
                0x08009a18                sysconf
 .text.frexp    0x08009a34       0x64 E:/Clion/toolchain/arm-none-eabi/13.3 rel1/bin/../lib/gcc/arm-none-eabi/13.3.1/thumb/v7e-m+fp/hard\libg.a(libm_a-s_frexp.o)
                0x08009a34                frexp
 .text.__register_exitproc
                0x08009a98       0x80 E:/Clion/toolchain/arm-none-eabi/13.3 rel1/bin/../lib/gcc/arm-none-eabi/13.3.1/thumb/v7e-m+fp/hard\libg.a(libc_a-__atexit.o)
                0x08009a98                __register_exitproc
 .text.quorem   0x08009b18      0x12c E:/Clion/toolchain/arm-none-eabi/13.3 rel1/bin/../lib/gcc/arm-none-eabi/13.3.1/thumb/v7e-m+fp/hard\libg.a(libc_a-dtoa.o)
 *fill*         0x08009c44        0x4 
 .text._dtoa_r  0x08009c48      0xe80 E:/Clion/toolchain/arm-none-eabi/13.3 rel1/bin/../lib/gcc/arm-none-eabi/13.3.1/thumb/v7e-m+fp/hard\libg.a(libc_a-dtoa.o)
                0x08009c48                _dtoa_r
 .text.__ascii_mbtowc
                0x0800aac8       0x2c E:/Clion/toolchain/arm-none-eabi/13.3 rel1/bin/../lib/gcc/arm-none-eabi/13.3.1/thumb/v7e-m+fp/hard\libg.a(libc_a-mbtowc_r.o)
                0x0800aac8                __ascii_mbtowc
 .text._Balloc  0x0800aaf4       0x4c E:/Clion/toolchain/arm-none-eabi/13.3 rel1/bin/../lib/gcc/arm-none-eabi/13.3.1/thumb/v7e-m+fp/hard\libg.a(libc_a-mprec.o)
                0x0800aaf4                _Balloc
 .text._Bfree   0x0800ab40       0x14 E:/Clion/toolchain/arm-none-eabi/13.3 rel1/bin/../lib/gcc/arm-none-eabi/13.3.1/thumb/v7e-m+fp/hard\libg.a(libc_a-mprec.o)
                0x0800ab40                _Bfree
 .text.__multadd
                0x0800ab54       0xa0 E:/Clion/toolchain/arm-none-eabi/13.3 rel1/bin/../lib/gcc/arm-none-eabi/13.3.1/thumb/v7e-m+fp/hard\libg.a(libc_a-mprec.o)
                0x0800ab54                __multadd
 .text.__hi0bits
                0x0800abf4       0x44 E:/Clion/toolchain/arm-none-eabi/13.3 rel1/bin/../lib/gcc/arm-none-eabi/13.3.1/thumb/v7e-m+fp/hard\libg.a(libc_a-mprec.o)
                0x0800abf4                __hi0bits
 .text.__lo0bits
                0x0800ac38       0x60 E:/Clion/toolchain/arm-none-eabi/13.3 rel1/bin/../lib/gcc/arm-none-eabi/13.3.1/thumb/v7e-m+fp/hard\libg.a(libc_a-mprec.o)
                0x0800ac38                __lo0bits
 .text.__i2b    0x0800ac98       0x5c E:/Clion/toolchain/arm-none-eabi/13.3 rel1/bin/../lib/gcc/arm-none-eabi/13.3.1/thumb/v7e-m+fp/hard\libg.a(libc_a-mprec.o)
                0x0800ac98                __i2b
 .text.__multiply
                0x0800acf4      0x16c E:/Clion/toolchain/arm-none-eabi/13.3 rel1/bin/../lib/gcc/arm-none-eabi/13.3.1/thumb/v7e-m+fp/hard\libg.a(libc_a-mprec.o)
                0x0800acf4                __multiply
 .text.__pow5mult
                0x0800ae60       0xb4 E:/Clion/toolchain/arm-none-eabi/13.3 rel1/bin/../lib/gcc/arm-none-eabi/13.3.1/thumb/v7e-m+fp/hard\libg.a(libc_a-mprec.o)
                0x0800ae60                __pow5mult
 .text.__lshift
                0x0800af14       0xf0 E:/Clion/toolchain/arm-none-eabi/13.3 rel1/bin/../lib/gcc/arm-none-eabi/13.3.1/thumb/v7e-m+fp/hard\libg.a(libc_a-mprec.o)
                0x0800af14                __lshift
 .text.__mcmp   0x0800b004       0x44 E:/Clion/toolchain/arm-none-eabi/13.3 rel1/bin/../lib/gcc/arm-none-eabi/13.3.1/thumb/v7e-m+fp/hard\libg.a(libc_a-mprec.o)
                0x0800b004                __mcmp
 .text.__mdiff  0x0800b048      0x178 E:/Clion/toolchain/arm-none-eabi/13.3 rel1/bin/../lib/gcc/arm-none-eabi/13.3.1/thumb/v7e-m+fp/hard\libg.a(libc_a-mprec.o)
                0x0800b048                __mdiff
 .text.__d2b    0x0800b1c0       0xc0 E:/Clion/toolchain/arm-none-eabi/13.3 rel1/bin/../lib/gcc/arm-none-eabi/13.3.1/thumb/v7e-m+fp/hard\libg.a(libc_a-mprec.o)
                0x0800b1c0                __d2b
 .text.__ascii_wctomb
                0x0800b280       0x1c E:/Clion/toolchain/arm-none-eabi/13.3 rel1/bin/../lib/gcc/arm-none-eabi/13.3.1/thumb/v7e-m+fp/hard\libg.a(libc_a-wctomb_r.o)
                0x0800b280                __ascii_wctomb
 .text._wcrtomb_r
                0x0800b29c       0x4c E:/Clion/toolchain/arm-none-eabi/13.3 rel1/bin/../lib/gcc/arm-none-eabi/13.3.1/thumb/v7e-m+fp/hard\libg.a(libc_a-wcrtomb.o)
                0x0800b29c                _wcrtomb_r
 .text._wcsrtombs_r
                0x0800b2e8       0x18 E:/Clion/toolchain/arm-none-eabi/13.3 rel1/bin/../lib/gcc/arm-none-eabi/13.3.1/thumb/v7e-m+fp/hard\libg.a(libc_a-wcsrtombs.o)
                0x0800b2e8                _wcsrtombs_r
 .text.__ssputs_r
                0x0800b300       0xc0 E:/Clion/toolchain/arm-none-eabi/13.3 rel1/bin/../lib/gcc/arm-none-eabi/13.3.1/thumb/v7e-m+fp/hard\libg.a(libc_a-ssputs_r.o)
                0x0800b300                __ssputs_r
 .text.memmove  0x0800b3c0      0x100 E:/Clion/toolchain/arm-none-eabi/13.3 rel1/bin/../lib/gcc/arm-none-eabi/13.3.1/thumb/v7e-m+fp/hard\libg.a(libc_a-memmove.o)
                0x0800b3c0                memmove
 .text.__assert_func
                0x0800b4c0       0x40 E:/Clion/toolchain/arm-none-eabi/13.3 rel1/bin/../lib/gcc/arm-none-eabi/13.3.1/thumb/v7e-m+fp/hard\libg.a(libc_a-assert.o)
                0x0800b4c0                __assert_func
 .text._calloc_r
                0x0800b500       0x6c E:/Clion/toolchain/arm-none-eabi/13.3 rel1/bin/../lib/gcc/arm-none-eabi/13.3.1/thumb/v7e-m+fp/hard\libg.a(libc_a-callocr.o)
                0x0800b500                _calloc_r
 .text._realloc_r
                0x0800b56c      0x344 E:/Clion/toolchain/arm-none-eabi/13.3 rel1/bin/../lib/gcc/arm-none-eabi/13.3.1/thumb/v7e-m+fp/hard\libg.a(libc_a-reallocr.o)
                0x0800b56c                _realloc_r
 .text._wcsnrtombs_l
                0x0800b8b0       0xfc E:/Clion/toolchain/arm-none-eabi/13.3 rel1/bin/../lib/gcc/arm-none-eabi/13.3.1/thumb/v7e-m+fp/hard\libg.a(libc_a-wcsnrtombs.o)
                0x0800b8b0                _wcsnrtombs_l
 .text._wcsnrtombs_r
                0x0800b9ac       0x24 E:/Clion/toolchain/arm-none-eabi/13.3 rel1/bin/../lib/gcc/arm-none-eabi/13.3.1/thumb/v7e-m+fp/hard\libg.a(libc_a-wcsnrtombs.o)
                0x0800b9ac                _wcsnrtombs_r
 .text.fiprintf
                0x0800b9d0       0x28 E:/Clion/toolchain/arm-none-eabi/13.3 rel1/bin/../lib/gcc/arm-none-eabi/13.3.1/thumb/v7e-m+fp/hard\libg.a(libc_a-fiprintf.o)
                0x0800b9d0                fiprintf
 .text._vfiprintf_r
                0x0800b9f8      0xe68 E:/Clion/toolchain/arm-none-eabi/13.3 rel1/bin/../lib/gcc/arm-none-eabi/13.3.1/thumb/v7e-m+fp/hard\libg.a(libc_a-vfiprintf.o)
                0x0800b9f8                _vfiprintf_r
 .text.__sbprintf
                0x0800c860       0x80 E:/Clion/toolchain/arm-none-eabi/13.3 rel1/bin/../lib/gcc/arm-none-eabi/13.3.1/thumb/v7e-m+fp/hard\libg.a(libc_a-vfiprintf.o)
 .text.__sprint_r
                0x0800c8e0       0x20 E:/Clion/toolchain/arm-none-eabi/13.3 rel1/bin/../lib/gcc/arm-none-eabi/13.3.1/thumb/v7e-m+fp/hard\libg.a(libc_a-sprint_r.o)
                0x0800c8e0                __sprint_r
 .text.__sfvwrite_r
                0x0800c900      0x300 E:/Clion/toolchain/arm-none-eabi/13.3 rel1/bin/../lib/gcc/arm-none-eabi/13.3.1/thumb/v7e-m+fp/hard\libg.a(libc_a-fvwrite.o)
                0x0800c900                __sfvwrite_r
 .text.__swsetup_r
                0x0800cc00       0xc4 E:/Clion/toolchain/arm-none-eabi/13.3 rel1/bin/../lib/gcc/arm-none-eabi/13.3.1/thumb/v7e-m+fp/hard\libg.a(libc_a-wsetup.o)
                0x0800cc00                __swsetup_r
 .text.abort    0x0800ccc4       0x10 E:/Clion/toolchain/arm-none-eabi/13.3 rel1/bin/../lib/gcc/arm-none-eabi/13.3.1/thumb/v7e-m+fp/hard\libg.a(libc_a-abort.o)
                0x0800ccc4                abort
 .text.__smakebuf_r
                0x0800ccd4       0xdc E:/Clion/toolchain/arm-none-eabi/13.3 rel1/bin/../lib/gcc/arm-none-eabi/13.3.1/thumb/v7e-m+fp/hard\libg.a(libc_a-makebuf.o)
                0x0800ccd4                __smakebuf_r
 .text.raise    0x0800cdb0       0x58 E:/Clion/toolchain/arm-none-eabi/13.3 rel1/bin/../lib/gcc/arm-none-eabi/13.3.1/thumb/v7e-m+fp/hard\libg.a(libc_a-signal.o)
                0x0800cdb0                raise
 .text._fstat_r
                0x0800ce08       0x2c E:/Clion/toolchain/arm-none-eabi/13.3 rel1/bin/../lib/gcc/arm-none-eabi/13.3.1/thumb/v7e-m+fp/hard\libg.a(libc_a-fstatr.o)
                0x0800ce08                _fstat_r
 .text._isatty_r
                0x0800ce34       0x24 E:/Clion/toolchain/arm-none-eabi/13.3 rel1/bin/../lib/gcc/arm-none-eabi/13.3.1/thumb/v7e-m+fp/hard\libg.a(libc_a-isattyr.o)
                0x0800ce34                _isatty_r
 .text._kill_r  0x0800ce58       0x2c E:/Clion/toolchain/arm-none-eabi/13.3 rel1/bin/../lib/gcc/arm-none-eabi/13.3.1/thumb/v7e-m+fp/hard\libg.a(libc_a-signalr.o)
                0x0800ce58                _kill_r
 .text._getpid_r
                0x0800ce84        0x4 E:/Clion/toolchain/arm-none-eabi/13.3 rel1/bin/../lib/gcc/arm-none-eabi/13.3.1/thumb/v7e-m+fp/hard\libg.a(libc_a-signalr.o)
                0x0800ce84                _getpid_r
 .text.cosf     0x0800ce88       0x70 E:/Clion/toolchain/arm-none-eabi/13.3 rel1/bin/../lib/gcc/arm-none-eabi/13.3.1/thumb/v7e-m+fp/hard\libm.a(libm_a-sf_cos.o)
                0x0800ce88                cosf
 .text.sinf     0x0800cef8       0x74 E:/Clion/toolchain/arm-none-eabi/13.3 rel1/bin/../lib/gcc/arm-none-eabi/13.3.1/thumb/v7e-m+fp/hard\libm.a(libm_a-sf_sin.o)
                0x0800cef8                sinf
 .text.__kernel_cosf
                0x0800cf6c      0x104 E:/Clion/toolchain/arm-none-eabi/13.3 rel1/bin/../lib/gcc/arm-none-eabi/13.3.1/thumb/v7e-m+fp/hard\libm.a(libm_a-kf_cos.o)
                0x0800cf6c                __kernel_cosf
 .text.__kernel_sinf
                0x0800d070       0x90 E:/Clion/toolchain/arm-none-eabi/13.3 rel1/bin/../lib/gcc/arm-none-eabi/13.3.1/thumb/v7e-m+fp/hard\libm.a(libm_a-kf_sin.o)
                0x0800d070                __kernel_sinf
 .text.__ieee754_rem_pio2f
                0x0800d100      0x260 E:/Clion/toolchain/arm-none-eabi/13.3 rel1/bin/../lib/gcc/arm-none-eabi/13.3.1/thumb/v7e-m+fp/hard\libm.a(libm_a-ef_rem_pio2.o)
                0x0800d100                __ieee754_rem_pio2f
 .text.fabsf    0x0800d360       0x10 E:/Clion/toolchain/arm-none-eabi/13.3 rel1/bin/../lib/gcc/arm-none-eabi/13.3.1/thumb/v7e-m+fp/hard\libm.a(libm_a-sf_fabs.o)
                0x0800d360                fabsf
 .text.__kernel_rem_pio2f
                0x0800d370      0x63c E:/Clion/toolchain/arm-none-eabi/13.3 rel1/bin/../lib/gcc/arm-none-eabi/13.3.1/thumb/v7e-m+fp/hard\libm.a(libm_a-kf_rem_pio2.o)
                0x0800d370                __kernel_rem_pio2f
 .text.scalbnf  0x0800d9ac       0xe4 E:/Clion/toolchain/arm-none-eabi/13.3 rel1/bin/../lib/gcc/arm-none-eabi/13.3.1/thumb/v7e-m+fp/hard\libm.a(libm_a-sf_scalbn.o)
                0x0800d9ac                scalbnf
 .text.floorf   0x0800da90       0x94 E:/Clion/toolchain/arm-none-eabi/13.3 rel1/bin/../lib/gcc/arm-none-eabi/13.3.1/thumb/v7e-m+fp/hard\libm.a(libm_a-sf_floor.o)
                0x0800da90                floorf
 *(.glue_7)
 .glue_7        0x0800db24        0x0 linker stubs
 *(.glue_7t)
 .glue_7t       0x0800db24        0x0 linker stubs
 *(.eh_frame)
 .eh_frame      0x0800db24        0x0 E:/Clion/toolchain/arm-none-eabi/13.3 rel1/bin/../lib/gcc/arm-none-eabi/13.3.1/thumb/v7e-m+fp/hard/crtbegin.o
 *(.init)
 .init          0x0800db24        0x4 E:/Clion/toolchain/arm-none-eabi/13.3 rel1/bin/../lib/gcc/arm-none-eabi/13.3.1/thumb/v7e-m+fp/hard/crti.o
                0x0800db24                _init
 .init          0x0800db28        0x8 E:/Clion/toolchain/arm-none-eabi/13.3 rel1/bin/../lib/gcc/arm-none-eabi/13.3.1/thumb/v7e-m+fp/hard/crtn.o
 *(.fini)
 .fini          0x0800db30        0x4 E:/Clion/toolchain/arm-none-eabi/13.3 rel1/bin/../lib/gcc/arm-none-eabi/13.3.1/thumb/v7e-m+fp/hard/crti.o
                0x0800db30                _fini
 .fini          0x0800db34        0x8 E:/Clion/toolchain/arm-none-eabi/13.3 rel1/bin/../lib/gcc/arm-none-eabi/13.3.1/thumb/v7e-m+fp/hard/crtn.o
                0x0800db3c                        . = ALIGN (0x4)
                0x0800db3c                        _etext = .

.vfp11_veneer   0x0800db3c        0x0
 .vfp11_veneer  0x0800db3c        0x0 linker stubs

.v4_bx          0x0800db3c        0x0
 .v4_bx         0x0800db3c        0x0 linker stubs

.iplt           0x0800db3c        0x0
 .iplt          0x0800db3c        0x0 E:/Clion/toolchain/arm-none-eabi/13.3 rel1/bin/../lib/gcc/arm-none-eabi/13.3.1/thumb/v7e-m+fp/hard/crtbegin.o

.rodata         0x0800db40      0x864
                0x0800db40                        . = ALIGN (0x4)
 *(.rodata)
 *(.rodata*)
 .rodata.chassis_task.str1.4
                0x0800db40      0x1eb CMakeFiles/project.elf.dir/Core/Src/freertos.c.obj
                                 0x17 (size before relaxing)
 .rodata.str1.4
                0x0800dd2b       0x14 CMakeFiles/project.elf.dir/Core/Src/freertos.c.obj
 *fill*         0x0800dd2b        0x1 
 .rodata.chassis_attributes
                0x0800dd2c       0x24 CMakeFiles/project.elf.dir/Core/Src/freertos.c.obj
                0x0800dd2c                chassis_attributes
 .rodata.defaultTask_attributes
                0x0800dd50       0x24 CMakeFiles/project.elf.dir/Core/Src/freertos.c.obj
                0x0800dd50                defaultTask_attributes
 .rodata.APBPrescTable
                0x0800dd74        0x8 CMakeFiles/project.elf.dir/Core/Src/system_stm32f4xx.c.obj
                0x0800dd74                APBPrescTable
 .rodata.AHBPrescTable
                0x0800dd7c       0x10 CMakeFiles/project.elf.dir/Core/Src/system_stm32f4xx.c.obj
                0x0800dd7c                AHBPrescTable
 .rodata.flagBitshiftOffset.0
                0x0800dd8c        0x8 CMakeFiles/project.elf.dir/Drivers/STM32F4xx_HAL_Driver/Src/stm32f4xx_hal_dma.c.obj
 .rodata.vTaskStartScheduler.str1.4
                0x0800dd94        0x5 CMakeFiles/project.elf.dir/Middlewares/Third_Party/FreeRTOS/Source/tasks.c.obj
 .rodata.prvCheckForValidListAndQueue.str1.4
                0x0800dd94        0x5 CMakeFiles/project.elf.dir/Middlewares/Third_Party/FreeRTOS/Source/timers.c.obj
 .rodata.xTimerCreateTimerTask.str1.4
                0x0800dd94        0x8 CMakeFiles/project.elf.dir/Middlewares/Third_Party/FreeRTOS/Source/timers.c.obj
 .rodata._svfprintf_r.str1.4
                0x0800dd94       0x42 E:/Clion/toolchain/arm-none-eabi/13.3 rel1/bin/../lib/gcc/arm-none-eabi/13.3.1/thumb/v7e-m+fp/hard\libg.a(libc_a-svfprintf.o)
 .rodata.zeroes.0
                0x0800dd94       0x10 E:/Clion/toolchain/arm-none-eabi/13.3 rel1/bin/../lib/gcc/arm-none-eabi/13.3.1/thumb/v7e-m+fp/hard\libg.a(libc_a-svfprintf.o)
 .rodata.blanks.1
                0x0800dda4       0x10 E:/Clion/toolchain/arm-none-eabi/13.3 rel1/bin/../lib/gcc/arm-none-eabi/13.3.1/thumb/v7e-m+fp/hard\libg.a(libc_a-svfprintf.o)
 .rodata.str1.4
                0x0800ddb4       0x4c E:/Clion/toolchain/arm-none-eabi/13.3 rel1/bin/../lib/gcc/arm-none-eabi/13.3.1/thumb/v7e-m+fp/hard\libg.a(libc_a-locale.o)
 .rodata._dtoa_r.str1.4
                0x0800ddb4       0x81 E:/Clion/toolchain/arm-none-eabi/13.3 rel1/bin/../lib/gcc/arm-none-eabi/13.3.1/thumb/v7e-m+fp/hard\libg.a(libc_a-dtoa.o)
 .rodata.__multadd.str1.4
                0x0800ddb4       0x6e E:/Clion/toolchain/arm-none-eabi/13.3 rel1/bin/../lib/gcc/arm-none-eabi/13.3.1/thumb/v7e-m+fp/hard\libg.a(libc_a-mprec.o)
 .rodata.p05.0  0x0800ddb4        0xc E:/Clion/toolchain/arm-none-eabi/13.3 rel1/bin/../lib/gcc/arm-none-eabi/13.3.1/thumb/v7e-m+fp/hard\libg.a(libc_a-mprec.o)
 .rodata.__mprec_bigtens
                0x0800ddc0       0x28 E:/Clion/toolchain/arm-none-eabi/13.3 rel1/bin/../lib/gcc/arm-none-eabi/13.3.1/thumb/v7e-m+fp/hard\libg.a(libc_a-mprec.o)
                0x0800ddc0                __mprec_bigtens
 .rodata.__mprec_tens
                0x0800dde8       0xc8 E:/Clion/toolchain/arm-none-eabi/13.3 rel1/bin/../lib/gcc/arm-none-eabi/13.3.1/thumb/v7e-m+fp/hard\libg.a(libc_a-mprec.o)
                0x0800dde8                __mprec_tens
 .rodata._ctype_
                0x0800deb0      0x101 E:/Clion/toolchain/arm-none-eabi/13.3 rel1/bin/../lib/gcc/arm-none-eabi/13.3.1/thumb/v7e-m+fp/hard\libg.a(libc_a-ctype_.o)
                0x0800deb0                _ctype_
 .rodata.__assert_func.str1.4
                0x0800dfb1       0x43 E:/Clion/toolchain/arm-none-eabi/13.3 rel1/bin/../lib/gcc/arm-none-eabi/13.3.1/thumb/v7e-m+fp/hard\libg.a(libc_a-assert.o)
 .rodata._vfiprintf_r.str1.4
                0x0800dfb1       0x2f E:/Clion/toolchain/arm-none-eabi/13.3 rel1/bin/../lib/gcc/arm-none-eabi/13.3.1/thumb/v7e-m+fp/hard\libg.a(libc_a-vfiprintf.o)
 *fill*         0x0800dfb1        0x3 
 .rodata.zeroes.0
                0x0800dfb4       0x10 E:/Clion/toolchain/arm-none-eabi/13.3 rel1/bin/../lib/gcc/arm-none-eabi/13.3.1/thumb/v7e-m+fp/hard\libg.a(libc_a-vfiprintf.o)
 .rodata.blanks.1
                0x0800dfc4       0x10 E:/Clion/toolchain/arm-none-eabi/13.3 rel1/bin/../lib/gcc/arm-none-eabi/13.3.1/thumb/v7e-m+fp/hard\libg.a(libc_a-vfiprintf.o)
 .rodata.npio2_hw
                0x0800dfd4       0x80 E:/Clion/toolchain/arm-none-eabi/13.3 rel1/bin/../lib/gcc/arm-none-eabi/13.3.1/thumb/v7e-m+fp/hard\libm.a(libm_a-ef_rem_pio2.o)
 .rodata.two_over_pi
                0x0800e054      0x318 E:/Clion/toolchain/arm-none-eabi/13.3 rel1/bin/../lib/gcc/arm-none-eabi/13.3.1/thumb/v7e-m+fp/hard\libm.a(libm_a-ef_rem_pio2.o)
 .rodata.PIo2   0x0800e36c       0x2c E:/Clion/toolchain/arm-none-eabi/13.3 rel1/bin/../lib/gcc/arm-none-eabi/13.3.1/thumb/v7e-m+fp/hard\libm.a(libm_a-kf_rem_pio2.o)
 .rodata.init_jk
                0x0800e398        0xc E:/Clion/toolchain/arm-none-eabi/13.3 rel1/bin/../lib/gcc/arm-none-eabi/13.3.1/thumb/v7e-m+fp/hard\libm.a(libm_a-kf_rem_pio2.o)
                0x0800e3a4                        . = ALIGN (0x4)

.ARM.extab      0x0800e3a4        0x0
                0x0800e3a4                        . = ALIGN (0x4)
 *(.ARM.extab* .gnu.linkonce.armextab.*)
                0x0800e3a4                        . = ALIGN (0x4)

.ARM            0x0800e3a4        0x8
                0x0800e3a4                        . = ALIGN (0x4)
                0x0800e3a4                        __exidx_start = .
 *(.ARM.exidx*)
 .ARM.exidx     0x0800e3a4        0x8 E:/Clion/toolchain/arm-none-eabi/13.3 rel1/bin/../lib/gcc/arm-none-eabi/13.3.1/thumb/v7e-m+fp/hard\libg.a(libc_a-memcpy.o)
 .ARM.exidx     0x0800e3ac        0x0 E:/Clion/toolchain/arm-none-eabi/13.3 rel1/bin/../lib/gcc/arm-none-eabi/13.3.1/thumb/v7e-m+fp/hard\libg.a(libc_a-strlen.o)
                                  0x8 (size before relaxing)
 .ARM.exidx     0x0800e3ac        0x0 E:/Clion/toolchain/arm-none-eabi/13.3 rel1/bin/../lib/gcc/arm-none-eabi/13.3.1/thumb/v7e-m+fp/hard\libg.a(libc_a-memchr.o)
                                  0x8 (size before relaxing)
 .ARM.exidx.text.__udivmoddi4
                0x0800e3ac        0x0 E:/Clion/toolchain/arm-none-eabi/13.3 rel1/bin/../lib/gcc/arm-none-eabi/13.3.1/thumb/v7e-m+fp/hard\libgcc.a(_udivmoddi4.o)
                                  0x8 (size before relaxing)
                0x0800e3ac                        __exidx_end = .
                0x0800e3ac                        . = ALIGN (0x4)

.preinit_array  0x0800e3ac        0x0
                0x0800e3ac                        . = ALIGN (0x4)
                0x0800e3ac                        PROVIDE (__preinit_array_start = .)
 *(.preinit_array*)
                0x0800e3ac                        PROVIDE (__preinit_array_end = .)
                0x0800e3ac                        . = ALIGN (0x4)

.init_array     0x0800e3ac        0x8
                0x0800e3ac                        . = ALIGN (0x4)
                0x0800e3ac                        PROVIDE (__init_array_start = .)
 *(SORT_BY_NAME(.init_array.*))
 .init_array.00000
                0x0800e3ac        0x4 E:/Clion/toolchain/arm-none-eabi/13.3 rel1/bin/../lib/gcc/arm-none-eabi/13.3.1/thumb/v7e-m+fp/hard\libg.a(libc_a-__call_atexit.o)
 *(.init_array*)
 .init_array    0x0800e3b0        0x4 E:/Clion/toolchain/arm-none-eabi/13.3 rel1/bin/../lib/gcc/arm-none-eabi/13.3.1/thumb/v7e-m+fp/hard/crtbegin.o
                0x0800e3b4                        PROVIDE (__init_array_end = .)
                0x0800e3b4                        . = ALIGN (0x4)

.fini_array     0x0800e3b4        0x4
                0x0800e3b4                        . = ALIGN (0x4)
                0x0800e3b4                        PROVIDE (__fini_array_start = .)
 *(SORT_BY_NAME(.fini_array.*))
 *(.fini_array*)
 .fini_array    0x0800e3b4        0x4 E:/Clion/toolchain/arm-none-eabi/13.3 rel1/bin/../lib/gcc/arm-none-eabi/13.3.1/thumb/v7e-m+fp/hard/crtbegin.o
                0x0800e3b8                        PROVIDE (__fini_array_end = .)
                0x0800e3b8                        . = ALIGN (0x4)
                0x0800e3b8                        _sidata = LOADADDR (.data)

.rel.dyn        0x0800e3b8        0x0
 .rel.iplt      0x0800e3b8        0x0 E:/Clion/toolchain/arm-none-eabi/13.3 rel1/bin/../lib/gcc/arm-none-eabi/13.3.1/thumb/v7e-m+fp/hard/crtbegin.o

.data           0x20000000      0x6ec load address 0x0800e3b8
                0x20000000                        . = ALIGN (0x4)
                0x20000000                        _sdata = .
 *(.data)
 *(.data*)
 .data.SystemCoreClock
                0x20000000        0x4 CMakeFiles/project.elf.dir/Core/Src/system_stm32f4xx.c.obj
                0x20000000                SystemCoreClock
 .data.uwTickFreq
                0x20000004        0x1 CMakeFiles/project.elf.dir/Drivers/STM32F4xx_HAL_Driver/Src/stm32f4xx_hal.c.obj
                0x20000004                uwTickFreq
 *fill*         0x20000005        0x3 
 .data.uwTickPrio
                0x20000008        0x4 CMakeFiles/project.elf.dir/Drivers/STM32F4xx_HAL_Driver/Src/stm32f4xx_hal.c.obj
                0x20000008                uwTickPrio
 .data.uxCriticalNesting
                0x2000000c        0x4 CMakeFiles/project.elf.dir/Middlewares/Third_Party/FreeRTOS/Source/portable/GCC/ARM_CM4F/port.c.obj
 .data.can2_filter_idx.0
                0x20000010        0x1 CMakeFiles/project.elf.dir/bsp/can/bsp_can.c.obj
 *fill*         0x20000011        0x3 
 .data.__sglue  0x20000014        0xc E:/Clion/toolchain/arm-none-eabi/13.3 rel1/bin/../lib/gcc/arm-none-eabi/13.3.1/thumb/v7e-m+fp/hard\libg.a(libc_a-findfp.o)
                0x20000014                __sglue
 .data._impure_ptr
                0x20000020        0x4 E:/Clion/toolchain/arm-none-eabi/13.3 rel1/bin/../lib/gcc/arm-none-eabi/13.3.1/thumb/v7e-m+fp/hard\libg.a(libc_a-impure.o)
                0x20000020                _impure_ptr
 *fill*         0x20000024        0x4 
 .data._impure_data
                0x20000028      0x140 E:/Clion/toolchain/arm-none-eabi/13.3 rel1/bin/../lib/gcc/arm-none-eabi/13.3.1/thumb/v7e-m+fp/hard\libg.a(libc_a-impure.o)
                0x20000028                _impure_data
 .data.__atexit_recursive_mutex
                0x20000168        0x4 E:/Clion/toolchain/arm-none-eabi/13.3 rel1/bin/../lib/gcc/arm-none-eabi/13.3.1/thumb/v7e-m+fp/hard\libg.a(libc_a-__call_atexit.o)
                0x20000168                __atexit_recursive_mutex
 .data.__malloc_sbrk_base
                0x2000016c        0x4 E:/Clion/toolchain/arm-none-eabi/13.3 rel1/bin/../lib/gcc/arm-none-eabi/13.3.1/thumb/v7e-m+fp/hard\libg.a(libc_a-mallocr.o)
                0x2000016c                __malloc_sbrk_base
 .data.__malloc_trim_threshold
                0x20000170        0x4 E:/Clion/toolchain/arm-none-eabi/13.3 rel1/bin/../lib/gcc/arm-none-eabi/13.3.1/thumb/v7e-m+fp/hard\libg.a(libc_a-mallocr.o)
                0x20000170                __malloc_trim_threshold
 *fill*         0x20000174        0x4 
 .data.__malloc_av_
                0x20000178      0x408 E:/Clion/toolchain/arm-none-eabi/13.3 rel1/bin/../lib/gcc/arm-none-eabi/13.3.1/thumb/v7e-m+fp/hard\libg.a(libc_a-mallocr.o)
                0x20000178                __malloc_av_
 .data.__global_locale
                0x20000580      0x16c E:/Clion/toolchain/arm-none-eabi/13.3 rel1/bin/../lib/gcc/arm-none-eabi/13.3.1/thumb/v7e-m+fp/hard\libg.a(libc_a-locale.o)
                0x20000580                __global_locale
 *(.RamFunc)
 *(.RamFunc*)
                0x200006ec                        . = ALIGN (0x4)
                0x200006ec                        _edata = .
                0x0800eaa4                        _siccmram = LOADADDR (.ccmram)

.tm_clone_table
                0x200006ec        0x0 load address 0x0800eaa4
 .tm_clone_table
                0x200006ec        0x0 E:/Clion/toolchain/arm-none-eabi/13.3 rel1/bin/../lib/gcc/arm-none-eabi/13.3.1/thumb/v7e-m+fp/hard/crtbegin.o
 .tm_clone_table
                0x200006ec        0x0 E:/Clion/toolchain/arm-none-eabi/13.3 rel1/bin/../lib/gcc/arm-none-eabi/13.3.1/thumb/v7e-m+fp/hard/crtend.o

.igot.plt       0x200006ec        0x0 load address 0x0800eaa4
 .igot.plt      0x200006ec        0x0 E:/Clion/toolchain/arm-none-eabi/13.3 rel1/bin/../lib/gcc/arm-none-eabi/13.3.1/thumb/v7e-m+fp/hard/crtbegin.o

.ccmram         0x10000000        0x0 load address 0x0800eaa4
                0x10000000                        . = ALIGN (0x4)
                0x10000000                        _sccmram = .
 *(.ccmram)
 *(.ccmram*)
                0x10000000                        . = ALIGN (0x4)
                0x10000000                        _eccmram = .
                0x10000000                        . = ALIGN (0x4)

.bss            0x200006f0     0x5840
                0x200006f0                        _sbss = .
                0x200006f0                        __bss_start__ = _sbss
 *(.bss)
 *(.bss*)
 .bss.completed.1
                0x200006f0        0x1 E:/Clion/toolchain/arm-none-eabi/13.3 rel1/bin/../lib/gcc/arm-none-eabi/13.3.1/thumb/v7e-m+fp/hard/crtbegin.o
 *fill*         0x200006f1        0x3 
 .bss.object.0  0x200006f4       0x18 E:/Clion/toolchain/arm-none-eabi/13.3 rel1/bin/../lib/gcc/arm-none-eabi/13.3.1/thumb/v7e-m+fp/hard/crtbegin.o
 .bss.HAL_RCC_CAN1_CLK_ENABLED
                0x2000070c        0x4 CMakeFiles/project.elf.dir/Core/Src/can.c.obj
 .bss.hcan2     0x20000710       0x28 CMakeFiles/project.elf.dir/Core/Src/can.c.obj